Component: ARM Compiler 5.06 update 6 (build 750) Tool: armlink [4d35ed]

==============================================================================

Section Cross References

    startup_stm32f427xx.o(STACK) refers (Special) to heapauxi.o(.text) for __use_two_region_memory
    startup_stm32f427xx.o(HEAP) refers (Special) to heapauxi.o(.text) for __use_two_region_memory
    startup_stm32f427xx.o(RESET) refers (Special) to heapauxi.o(.text) for __use_two_region_memory
    startup_stm32f427xx.o(RESET) refers to startup_stm32f427xx.o(STACK) for __initial_sp
    startup_stm32f427xx.o(RESET) refers to startup_stm32f427xx.o(.text) for Reset_Handler
    startup_stm32f427xx.o(RESET) refers to stm32f4xx_it.o(i.NMI_Handler) for NMI_Handler
    startup_stm32f427xx.o(RESET) refers to stm32f4xx_it.o(i.HardFault_Handler) for HardFault_Handler
    startup_stm32f427xx.o(RESET) refers to stm32f4xx_it.o(i.MemManage_Handler) for MemManage_Handler
    startup_stm32f427xx.o(RESET) refers to stm32f4xx_it.o(i.BusFault_Handler) for BusFault_Handler
    startup_stm32f427xx.o(RESET) refers to stm32f4xx_it.o(i.UsageFault_Handler) for UsageFault_Handler
    startup_stm32f427xx.o(RESET) refers to port.o(.emb_text) for SVC_Handler
    startup_stm32f427xx.o(RESET) refers to stm32f4xx_it.o(i.DebugMon_Handler) for DebugMon_Handler
    startup_stm32f427xx.o(RESET) refers to port.o(i.SysTick_Handler) for SysTick_Handler
    startup_stm32f427xx.o(RESET) refers to stm32f4xx_it.o(i.CAN1_TX_IRQHandler) for CAN1_TX_IRQHandler
    startup_stm32f427xx.o(RESET) refers to stm32f4xx_it.o(i.CAN1_RX0_IRQHandler) for CAN1_RX0_IRQHandler
    startup_stm32f427xx.o(RESET) refers to stm32f4xx_it.o(i.USART1_IRQHandler) for USART1_IRQHandler
    startup_stm32f427xx.o(RESET) refers to stm32f4xx_it.o(i.TIM7_IRQHandler) for TIM7_IRQHandler
    startup_stm32f427xx.o(RESET) refers to stm32f4xx_it.o(i.DMA2_Stream2_IRQHandler) for DMA2_Stream2_IRQHandler
    startup_stm32f427xx.o(.text) refers (Special) to heapauxi.o(.text) for __use_two_region_memory
    startup_stm32f427xx.o(.text) refers to system_stm32f4xx.o(i.SystemInit) for SystemInit
    startup_stm32f427xx.o(.text) refers to __main.o(!!!main) for __main
    startup_stm32f427xx.o(.text) refers to startup_stm32f427xx.o(HEAP) for Heap_Mem
    startup_stm32f427xx.o(.text) refers to startup_stm32f427xx.o(STACK) for Stack_Mem
    freertos.o(i._Z10rcTaskFuncPKv) refers to rc_protocol.o(i._Z6RCInitv) for RCInit()
    freertos.o(i._Z10rcTaskFuncPKv) refers to cmsis_os.o(i.osDelay) for osDelay
    freertos.o(i._Z11canTaskFuncPKv) refers to can_protocol.o(i._ZN7userCAN4taskEv) for userCAN::task()
    freertos.o(i._Z12uartTaskFuncPKv) refers to uart_protocol.o(i._ZN8userUART4taskEv) for userUART::task()
    freertos.o(i._Z14feederTaskFuncPKv) refers to feeder.o(i._ZN6feeder4taskEv) for feeder::task()
    freertos.o(i._Z14gimbalTaskFuncPKv) refers to gimbal.o(i._ZN6gimbal4taskEv) for gimbal::task()
    freertos.o(i._Z14sensorTaskFuncPKv) refers to cmsis_os.o(i.osDelay) for osDelay
    freertos.o(i._Z15chassisTaskFuncPKv) refers to chassis.o(i._ZN7chassis4taskEv) for chassis::task()
    freertos.o(i._Z16MX_FREERTOS_Initv) refers to rt_memcpy_w.o(.text) for __aeabi_memcpy4
    freertos.o(i._Z16MX_FREERTOS_Initv) refers to cmsis_os.o(i.osThreadCreate) for osThreadCreate
    freertos.o(i._Z16MX_FREERTOS_Initv) refers to freertos.o(.constdata) for .constdata
    freertos.o(i._Z16MX_FREERTOS_Initv) refers to freertos.o(.data) for indicatorTaskHandle
    freertos.o(i._Z16flywheelTaskFuncPKv) refers to flywheel.o(i._ZN8flywheel4taskEv) for flywheel::task()
    freertos.o(i._Z17indicatorTaskFuncPKv) refers to stm32f4xx_hal_gpio.o(i.HAL_GPIO_TogglePin) for HAL_GPIO_TogglePin
    freertos.o(i._Z17indicatorTaskFuncPKv) refers to cmsis_os.o(i.osDelay) for osDelay
    freertos.o(i._Z17indicatorTaskFuncPKv) refers to freertos.o(.data) for counter1
    freertos.o(i._Z29vApplicationGetIdleTaskMemoryPP11xSTATIC_TCBPPjS2_) refers to freertos.o(.bss) for xIdleTaskTCBBuffer
    freertos.o(.ARM.exidx) refers to freertos.o(i._Z29vApplicationGetIdleTaskMemoryPP11xSTATIC_TCBPPjS2_) for i._Z29vApplicationGetIdleTaskMemoryPP11xSTATIC_TCBPPjS2_
    freertos.o(.ARM.exidx) refers to freertos.o(i._Z16MX_FREERTOS_Initv) for i._Z16MX_FREERTOS_Initv
    freertos.o(.ARM.exidx) refers to freertos.o(i._Z17indicatorTaskFuncPKv) for i._Z17indicatorTaskFuncPKv
    freertos.o(.ARM.exidx) refers to freertos.o(i._Z15chassisTaskFuncPKv) for i._Z15chassisTaskFuncPKv
    freertos.o(.ARM.exidx) refers to freertos.o(i._Z14gimbalTaskFuncPKv) for i._Z14gimbalTaskFuncPKv
    freertos.o(.ARM.exidx) refers to freertos.o(i._Z16flywheelTaskFuncPKv) for i._Z16flywheelTaskFuncPKv
    freertos.o(.ARM.exidx) refers to freertos.o(i._Z14feederTaskFuncPKv) for i._Z14feederTaskFuncPKv
    freertos.o(.ARM.exidx) refers to freertos.o(i._Z10rcTaskFuncPKv) for i._Z10rcTaskFuncPKv
    freertos.o(.ARM.exidx) refers to freertos.o(i._Z14sensorTaskFuncPKv) for i._Z14sensorTaskFuncPKv
[...]
    _memcpy_lastbytes_aligned                0x08000511   Thumb Code     0  rt_memcpy_w.o(.text)
    __aeabi_memclr4                          0x0800052d   Thumb Code     0  rt_memclr_w.o(.text)
    __aeabi_memclr8                          0x0800052d   Thumb Code     0  rt_memclr_w.o(.text)
    __rt_memclr_w                            0x0800052d   Thumb Code    78  rt_memclr_w.o(.text)
    _memset_w                                0x08000531   Thumb Code     0  rt_memclr_w.o(.text)
    __use_two_region_memory                  0x0800057b   Thumb Code     2  heapauxi.o(.text)
    __rt_heap_escrow$2region                 0x0800057d   Thumb Code     2  heapauxi.o(.text)
    __rt_heap_expand$2region                 0x0800057f   Thumb Code     2  heapauxi.o(.text)
    __cpp_initialize__aeabi_                 0x08000581   Thumb Code    26  init_aeabi.o(.text)
    __read_errno                             0x080005a5   Thumb Code    10  _rserrno.o(.text)
    __set_errno                              0x080005af   Thumb Code    12  _rserrno.o(.text)
    __aeabi_errno_addr                       0x080005bd   Thumb Code     8  rt_errno_addr_intlibspace.o(.text)
    __errno$intlibspace                      0x080005bd   Thumb Code     0  rt_errno_addr_intlibspace.o(.text)
    __rt_errno_addr$intlibspace              0x080005bd   Thumb Code     0  rt_errno_addr_intlibspace.o(.text)
    __user_libspace                          0x080005c5   Thumb Code     8  libspace.o(.text)
    __user_perproc_libspace                  0x080005c5   Thumb Code     0  libspace.o(.text)
    __user_perthread_libspace                0x080005c5   Thumb Code     0  libspace.o(.text)
    __user_setup_stackheap                   0x080005cd   Thumb Code    74  sys_stackheap_outer.o(.text)
    exit                                     0x08000617   Thumb Code    18  exit.o(.text)
    _sys_exit                                0x08000629   Thumb Code     8  sys_exit.o(.text)
    __I$use$semihosting                      0x08000635   Thumb Code     0  use_no_semi.o(.text)
    __use_no_semihosting_swi                 0x08000635   Thumb Code     2  use_no_semi.o(.text)
    BusFault_Handler                         0x08000637   Thumb Code     4  stm32f4xx_it.o(i.BusFault_Handler)
    __semihosting_library_function           0x08000637   Thumb Code     0  indicate_semi.o(.text)
    CAN1_RX0_IRQHandler                      0x0800063d   Thumb Code    10  stm32f4xx_it.o(i.CAN1_RX0_IRQHandler)
    CAN1_TX_IRQHandler                       0x0800064d   Thumb Code    10  stm32f4xx_it.o(i.CAN1_TX_IRQHandler)
    DMA2_Stream2_IRQHandler                  0x0800065d   Thumb Code    10  stm32f4xx_it.o(i.DMA2_Stream2_IRQHandler)
    DebugMon_Handler                         0x0800066d   Thumb Code     2  stm32f4xx_it.o(i.DebugMon_Handler)
    Error_Handler                            0x0800066f   Thumb Code     2  main.o(i.Error_Handler)
    HAL_CAN_AddTxMessage                     0x08000671   Thumb Code   342  stm32f4xx_hal_can.o(i.HAL_CAN_AddTxMessage)
    HAL_CAN_ConfigFilter                     0x080007c9   Thumb Code   286  stm32f4xx_hal_can.o(i.HAL_CAN_ConfigFilter)
    HAL_CAN_ErrorCallback                    0x080008ed   Thumb Code     2  stm32f4xx_hal_can.o(i.HAL_CAN_ErrorCallback)
    HAL_CAN_GetRxFifoFillLevel               0x080008ef   Thumb Code    40  stm32f4xx_hal_can.o(i.HAL_CAN_GetRxFifoFillLevel)
    HAL_CAN_GetRxMessage                     0x08000917   Thumb Code   378  stm32f4xx_hal_can.o(i.HAL_CAN_GetRxMessage)
    HAL_CAN_IRQHandler                       0x08000a91   Thumb Code   590  stm32f4xx_hal_can.o(i.HAL_CAN_IRQHandler)
    HAL_CAN_Init                             0x08000cdf   Thumb Code   372  stm32f4xx_hal_can.o(i.HAL_CAN_Init)
    HAL_CAN_MspInit                          0x08000e55   Thumb Code   328  can.o(i.HAL_CAN_MspInit)
    HAL_CAN_RxFifo0FullCallback              0x08000fb5   Thumb Code     2  stm32f4xx_hal_can.o(i.HAL_CAN_RxFifo0FullCallback)
    HAL_CAN_RxFifo0MsgPendingCallback        0x08000fb7   Thumb Code     2  stm32f4xx_hal_can.o(i.HAL_CAN_RxFifo0MsgPendingCallback)
    HAL_CAN_RxFifo1FullCallback              0x08000fb9   Thumb Code     2  stm32f4xx_hal_can.o(i.HAL_CAN_RxFifo1FullCallback)
    HAL_CAN_RxFifo1MsgPendingCallback        0x08000fbb   Thumb Code     2  stm32f4xx_hal_can.o(i.HAL_CAN_RxFifo1MsgPendingCallback)
    HAL_CAN_SleepCallback                    0x08000fbd   Thumb Code     2  stm32f4xx_hal_can.o(i.HAL_CAN_SleepCallback)
    HAL_CAN_Start                            0x08000fbf   Thumb Code    94  stm32f4xx_hal_can.o(i.HAL_CAN_Start)
    HAL_CAN_TxMailbox0AbortCallback          0x0800101d   Thumb Code     2  stm32f4xx_hal_can.o(i.HAL_CAN_TxMailbox0AbortCallback)
    HAL_CAN_TxMailbox0CompleteCallback       0x0800101f   Thumb Code     2  stm32f4xx_hal_can.o(i.HAL_CAN_TxMailbox0CompleteCallback)
    HAL_CAN_TxMailbox1AbortCallback          0x08001021   Thumb Code     2  stm32f4xx_hal_can.o(i.HAL_CAN_TxMailbox1AbortCallback)
    HAL_CAN_TxMailbox1CompleteCallback       0x08001023   Thumb Code     2  stm32f4xx_hal_can.o(i.HAL_CAN_TxMailbox1CompleteCallback)
    HAL_CAN_TxMailbox2AbortCallback          0x08001025   Thumb Code     2  stm32f4xx_hal_can.o(i.HAL_CAN_TxMailbox2AbortCallback)
    HAL_CAN_TxMailbox2CompleteCallback       0x08001027   Thumb Code     2  stm32f4xx_hal_can.o(i.HAL_CAN_TxMailbox2CompleteCallback)
    HAL_CAN_WakeUpFromRxMsgCallback          0x08001029   Thumb Code     2  stm32f4xx_hal_can.o(i.HAL_CAN_WakeUpFromRxMsgCallback)
    HAL_DMA_Abort_IT                         0x0800102b   Thumb Code    40  stm32f4xx_hal_dma.o(i.HAL_DMA_Abort_IT)
    HAL_DMA_IRQHandler                       0x08001055   Thumb Code   570  stm32f4xx_hal_dma.o(i.HAL_DMA_IRQHandler)
    HAL_DMA_Init                             0x08001295   Thumb Code   232  stm32f4xx_hal_dma.o(i.HAL_DMA_Init)
    HAL_DMA_Start                            0x08001381   Thumb Code   102  stm32f4xx_hal_dma.o(i.HAL_DMA_Start)
    HAL_Delay                                0x080013e9   Thumb Code    36  stm32f4xx_hal.o(i.HAL_Delay)
    HAL_GPIO_Init                            0x08001411   Thumb Code   486  stm32f4xx_hal_gpio.o(i.HAL_GPIO_Init)
    HAL_GPIO_TogglePin                       0x0800162d   Thumb Code    18  stm32f4xx_hal_gpio.o(i.HAL_GPIO_TogglePin)
    HAL_GPIO_WritePin                        0x0800163f   Thumb Code    12  stm32f4xx_hal_gpio.o(i.HAL_GPIO_WritePin)
    HAL_GetTick                              0x0800164d   Thumb Code     6  stm32f4xx_hal.o(i.HAL_GetTick)
    HAL_IncTick                              0x08001659   Thumb Code    16  stm32f4xx_hal.o(i.HAL_IncTick)
    HAL_Init                                 0x08001671   Thumb Code    54  stm32f4xx_hal.o(i.HAL_Init)
    HAL_InitTick                             0x080016ad   Thumb Code   122  stm32f4xx_hal_timebase_tim.o(i.HAL_InitTick)
    HAL_MspInit                              0x08001739   Thumb Code    78  stm32f4xx_hal_msp.o(i.HAL_MspInit)
    HAL_NVIC_EnableIRQ                       0x0800178d   Thumb Code    32  stm32f4xx_hal_cortex.o(i.HAL_NVIC_EnableIRQ)
    HAL_NVIC_SetPriority                     0x080017ad   Thumb Code   124  stm32f4xx_hal_cortex.o(i.HAL_NVIC_SetPriority)
    HAL_NVIC_SetPriorityGrouping             0x08001829   Thumb Code    32  stm32f4xx_hal_cortex.o(i.HAL_NVIC_SetPriorityGrouping)
    HAL_RCCEx_PeriphCLKConfig                0x08001851   Thumb Code   746  stm32f4xx_hal_rcc_ex.o(i.HAL_RCCEx_PeriphCLKConfig)
    HAL_RCC_ClockConfig                      0x08001b55   Thumb Code   368  stm32f4xx_hal_rcc.o(i.HAL_RCC_ClockConfig)
    HAL_RCC_GetClockConfig                   0x08001cd9   Thumb Code    58  stm32f4xx_hal_rcc.o(i.HAL_RCC_GetClockConfig)
    HAL_RCC_GetHCLKFreq                      0x08001d1d   Thumb Code     6  stm32f4xx_hal_rcc.o(i.HAL_RCC_GetHCLKFreq)
    HAL_RCC_GetPCLK1Freq                     0x08001d29   Thumb Code    22  stm32f4xx_hal_rcc.o(i.HAL_RCC_GetPCLK1Freq)
    HAL_RCC_GetPCLK2Freq                     0x08001d49   Thumb Code    22  stm32f4xx_hal_rcc.o(i.HAL_RCC_GetPCLK2Freq)
    HAL_RCC_GetSysClockFreq                  0x08001d69   Thumb Code   162  stm32f4xx_hal_rcc.o(i.HAL_RCC_GetSysClockFreq)
    HAL_RCC_OscConfig                        0x08001e19   Thumb Code  1152  stm32f4xx_hal_rcc.o(i.HAL_RCC_OscConfig)
    HAL_RNG_Init                             0x080022a1   Thumb Code    52  stm32f4xx_hal_rng.o(i.HAL_RNG_Init)
    HAL_RNG_MspInit                          0x080022d5   Thumb Code    44  rng.o(i.HAL_RNG_MspInit)
    HAL_RTC_Init                             0x08002309   Thumb Code   212  stm32f4xx_hal_rtc.o(i.HAL_RTC_Init)
    HAL_RTC_MspInit                          0x080023e1   Thumb Code    16  rtc.o(i.HAL_RTC_MspInit)
    HAL_RTC_WaitForSynchro                   0x080023f9   Thumb Code    58  stm32f4xx_hal_rtc.o(i.HAL_RTC_WaitForSynchro)
    HAL_TIMEx_BreakCallback                  0x08002433   Thumb Code     2  stm32f4xx_hal_tim_ex.o(i.HAL_TIMEx_BreakCallback)
    HAL_TIMEx_CommutCallback                 0x08002435   Thumb Code     2  stm32f4xx_hal_tim_ex.o(i.HAL_TIMEx_CommutCallback)
    HAL_TIMEx_ConfigBreakDeadTime            0x08002437   Thumb Code   116  stm32f4xx_hal_tim_ex.o(i.HAL_TIMEx_ConfigBreakDeadTime)
    HAL_TIMEx_MasterConfigSynchronization    0x080024ad   Thumb Code   150  stm32f4xx_hal_tim_ex.o(i.HAL_TIMEx_MasterConfigSynchronization)
    HAL_TIM_Base_Init                        0x08002561   Thumb Code    52  stm32f4xx_hal_tim.o(i.HAL_TIM_Base_Init)
    HAL_TIM_Base_MspInit                     0x08002595   Thumb Code   168  tim.o(i.HAL_TIM_Base_MspInit)
    HAL_TIM_Base_Start_IT                    0x0800264d   Thumb Code    42  stm32f4xx_hal_tim.o(i.HAL_TIM_Base_Start_IT)
    HAL_TIM_ConfigClockSource                0x08002677   Thumb Code   264  stm32f4xx_hal_tim.o(i.HAL_TIM_ConfigClockSource)
    HAL_TIM_IC_CaptureCallback               0x0800277f   Thumb Code     2  stm32f4xx_hal_tim.o(i.HAL_TIM_IC_CaptureCallback)
    HAL_TIM_IRQHandler                       0x08002781   Thumb Code   406  stm32f4xx_hal_tim.o(i.HAL_TIM_IRQHandler)
    HAL_TIM_MspPostInit                      0x08002919   Thumb Code   348  tim.o(i.HAL_TIM_MspPostInit)
    HAL_TIM_OC_DelayElapsedCallback          0x08002a95   Thumb Code     2  stm32f4xx_hal_tim.o(i.HAL_TIM_OC_DelayElapsedCallback)
    HAL_TIM_PWM_ConfigChannel                0x08002a97   Thumb Code   264  stm32f4xx_hal_tim.o(i.HAL_TIM_PWM_ConfigChannel)
    HAL_TIM_PWM_Init                         0x08002b9f   Thumb Code    52  stm32f4xx_hal_tim.o(i.HAL_TIM_PWM_Init)
    HAL_TIM_PWM_MspInit                      0x08002bd3   Thumb Code     2  stm32f4xx_hal_tim.o(i.HAL_TIM_PWM_MspInit)
    HAL_TIM_PWM_PulseFinishedCallback        0x08002bd5   Thumb Code     2  stm32f4xx_hal_tim.o(i.HAL_TIM_PWM_PulseFinishedCallback)
    HAL_TIM_PeriodElapsedCallback            0x08002bd9   Thumb Code    18  main.o(i.HAL_TIM_PeriodElapsedCallback)
    HAL_TIM_TriggerCallback                  0x08002bf1   Thumb Code     2  stm32f4xx_hal_tim.o(i.HAL_TIM_TriggerCallback)
    HAL_UART_ErrorCallback                   0x08002bf3   Thumb Code     2  stm32f4xx_hal_uart.o(i.HAL_UART_ErrorCallback)
    HAL_UART_IRQHandler                      0x08002bf5   Thumb Code   336  stm32f4xx_hal_uart.o(i.HAL_UART_IRQHandler)
    HAL_UART_Init                            0x08002d49   Thumb Code   114  stm32f4xx_hal_uart.o(i.HAL_UART_Init)
    HAL_UART_MspInit                         0x08002dbd   Thumb Code   372  usart.o(i.HAL_UART_MspInit)
    HAL_UART_RxCpltCallback                  0x08002f51   Thumb Code     2  stm32f4xx_hal_uart.o(i.HAL_UART_RxCpltCallback)
    HAL_UART_Transmit                        0x08002f53   Thumb Code   216  stm32f4xx_hal_uart.o(i.HAL_UART_Transmit)
    HAL_UART_TxCpltCallback                  0x0800302b   Thumb Code     2  stm32f4xx_hal_uart.o(i.HAL_UART_TxCpltCallback)
    HardFault_Handler                        0x0800302d   Thumb Code     4  stm32f4xx_it.o(i.HardFault_Handler)
    MX_CAN1_Init                             0x08003031   Thumb Code    62  can.o(i.MX_CAN1_Init)
    MX_CAN2_Init                             0x08003079   Thumb Code    58  can.o(i.MX_CAN2_Init)
    MX_DMA_Init                              0x080030bd   Thumb Code    52  dma.o(i.MX_DMA_Init)
    MX_GPIO_Init                             0x080030f5   Thumb Code   398  gpio.o(i.MX_GPIO_Init)
    MX_RNG_Init                              0x08003299   Thumb Code    22  rng.o(i.MX_RNG_Init)
    MX_RTC_Init                              0x080032b9   Thumb Code    42  rtc.o(i.MX_RTC_Init)
    MX_TIM2_Init                             0x080032ed   Thumb Code   208  tim.o(i.MX_TIM2_Init)
    MX_TIM4_Init                             0x080033c1   Thumb Code   206  tim.o(i.MX_TIM4_Init)
    MX_TIM5_Init                             0x08003499   Thumb Code   206  tim.o(i.MX_TIM5_Init)
    MX_TIM8_Init                             0x08003571   Thumb Code   258  tim.o(i.MX_TIM8_Init)
    MX_USART1_UART_Init                      0x0800367d   Thumb Code    48  usart.o(i.MX_USART1_UART_Init)
    MX_USART6_UART_Init                      0x080036b9   Thumb Code    46  usart.o(i.MX_USART6_UART_Init)
    MemManage_Handler                        0x080036f1   Thumb Code     4  stm32f4xx_it.o(i.MemManage_Handler)
    NMI_Handler                              0x080036f5   Thumb Code     2  stm32f4xx_it.o(i.NMI_Handler)
    RTC_EnterInitMode                        0x080036f7   Thumb Code    62  stm32f4xx_hal_rtc.o(i.RTC_EnterInitMode)
    SysTick_Handler                          0x08003735   Thumb Code    46  port.o(i.SysTick_Handler)
    SystemInit                               0x08003769   Thumb Code    24  system_stm32f4xx.o(i.SystemInit)
    TIM7_IRQHandler                          0x08003785   Thumb Code    10  stm32f4xx_it.o(i.TIM7_IRQHandler)
    TIM_Base_SetConfig                       0x08003795   Thumb Code   170  stm32f4xx_hal_tim.o(i.TIM_Base_SetConfig)
    TIM_ETR_SetConfig                        0x0800386d   Thumb Code    22  stm32f4xx_hal_tim.o(i.TIM_ETR_SetConfig)
    TIM_OC2_SetConfig                        0x08003885   Thumb Code   114  stm32f4xx_hal_tim.o(i.TIM_OC2_SetConfig)
    USART1_IRQHandler                        0x08003901   Thumb Code    16  stm32f4xx_it.o(i.USART1_IRQHandler)
    UsageFault_Handler                       0x08003915   Thumb Code     4  stm32f4xx_it.o(i.UsageFault_Handler)
    rcTaskFunc(const void*)                  0x08003919   Thumb Code    16  freertos.o(i._Z10rcTaskFuncPKv)
    canTaskFunc(const void*)                 0x08003929   Thumb Code    10  freertos.o(i._Z11canTaskFuncPKv)
    uartTaskFunc(const void*)                0x08003933   Thumb Code    10  freertos.o(i._Z12uartTaskFuncPKv)
    feederTaskFunc(const void*)              0x0800393d   Thumb Code    10  freertos.o(i._Z14feederTaskFuncPKv)
    gimbalTaskFunc(const void*)              0x08003947   Thumb Code    10  freertos.o(i._Z14gimbalTaskFuncPKv)
    processDMAData()                         0x08003951   Thumb Code   294  rc_protocol.o(i._Z14processDMADatav)
    sensorTaskFunc(const void*)              0x08003a85   Thumb Code    10  freertos.o(i._Z14sensorTaskFuncPKv)
    chassisTaskFunc(const void*)             0x08003a8f   Thumb Code    10  freertos.o(i._Z15chassisTaskFuncPKv)
    MX_FREERTOS_Init()                       0x08003a99   Thumb Code   222  freertos.o(i._Z16MX_FREERTOS_Initv)
    flywheelTaskFunc(const void*)            0x08003ba1   Thumb Code    10  freertos.o(i._Z16flywheelTaskFuncPKv)
    indicatorTaskFunc(const void*)           0x08003bad   Thumb Code   336  freertos.o(i._Z17indicatorTaskFuncPKv)
    SystemClock_Config()                     0x08003d05   Thumb Code   204  main.o(i._Z18SystemClock_Configv)
    uart_receive_handler(__UART_HandleTypeDef*) 0x08003dd9   Thumb Code    34  rc_protocol.o(i._Z20uart_receive_handlerP20__UART_HandleTypeDef)
    dma_current_data_counter(DMA_Stream_TypeDef*) 0x08003dfb   Thumb Code     8  rc_protocol.o(i._Z24dma_current_data_counterP18DMA_Stream_TypeDef)
    RCInit()                                 0x08003e05   Thumb Code    56  rc_protocol.o(i._Z6RCInitv)
    degToRad(double)                         0x08003e45   Thumb Code    56  gimbal.o(i._Z8degToRadd)
    radToDeg(double)                         0x08003e8d   Thumb Code    56  gimbal.o(i._Z8radToDegd)
    pidInstance::loop(double)                0x08003ed5   Thumb Code   412  chassis.o(i._ZN11pidInstance4loopEd)
    pidInstance::setTarget(double)           0x08004079   Thumb Code     6  chassis.o(i._ZN11pidInstance9setTargetEd)
    pidInstance::pidInstance(pidType, double, double, double) 0x08004081   Thumb Code    24  chassis.o(i._ZN11pidInstanceC1E7pidTypeddd)
    pidInstance::pidInstance__sub_object(pidType, double, double, double) 0x08004081   Thumb Code     0  chassis.o(i._ZN11pidInstanceC1E7pidTypeddd)
    Motor::getPower()                        0x08004a0d   Thumb Code     6  can_protocol.o(i._ZN5Motor8getPowerEv)
    Motor::setPower(double)                  0x08004a13   Thumb Code   104  chassis.o(i._ZN5Motor8setPowerEd)
    feeder::act()                            0x08004a7d   Thumb Code    40  feeder.o(i._ZN6feeder3actEv)
    feeder::task()                           0x08004ab5   Thumb Code    18  feeder.o(i._ZN6feeder4taskEv)
    feeder::update()                         0x08004ac9   Thumb Code    42  feeder.o(i._ZN6feeder6updateEv)
    gimbal::gimbalMotor::setCurrAngle(double) 0x08004b09   Thumb Code    58  gimbal.o(i._ZN6gimbal11gimbalMotor12setCurrAngleEd)
    gimbal::gimbalMotor::gimbalMotor(short, pidInstance&) 0x08004b55   Thumb Code    32  gimbal.o(i._ZN6gimbal11gimbalMotorC1EsR11pidInstance)
    gimbal::gimbalMotor::gimbalMotor__sub_object(short, pidInstance&) 0x08004b55   Thumb Code     0  gimbal.o(i._ZN6gimbal11gimbalMotorC1EsR11pidInstance)
    gimbal::calculateAngleError(double, double) 0x08004b7d   Thumb Code    14  gimbal.o(i._ZN6gimbal19calculateAngleErrorEdd)
    gimbal::act()                            0x08004b95   Thumb Code   164  gimbal.o(i._ZN6gimbal3actEv)
    gimbal::task()                           0x08004c61   Thumb Code    18  gimbal.o(i._ZN6gimbal4taskEv)
    gimbal::update()                         0x08004c75   Thumb Code   102  gimbal.o(i._ZN6gimbal6updateEv)
    chassis::chassisMotor::chassisMotor(short, pidInstance&) 0x08004cf9   Thumb Code    32  chassis.o(i._ZN7chassis12chassisMotorC1EsR11pidInstance)
    chassis::chassisMotor::chassisMotor__sub_object(short, pidInstance&) 0x08004cf9   Thumb Code     0  chassis.o(i._ZN7chassis12chassisMotorC1EsR11pidInstance)
    chassis::act()                           0x08004d21   Thumb Code   468  chassis.o(i._ZN7chassis3actEv)
    chassis::task()                          0x08004f35   Thumb Code    18  chassis.o(i._ZN7chassis4taskEv)
    chassis::update()                        0x08004f49   Thumb Code   336  chassis.o(i._ZN7chassis6updateEv)
    chassis::rcToPower(double, double, double) 0x080050e9   Thumb Code  1284  chassis.o(i._ZN7chassis9rcToPowerEddd)
    userCAN::deviceInit(userCAN::device_t*)  0x08005611   Thumb Code    42  can_protocol.o(i._ZN7userCAN10deviceInitEPNS_8device_tE)
    userCAN::getMessage(__CAN_HandleTypeDef*) 0x08005645   Thumb Code   180  can_protocol.o(i._ZN7userCAN10getMessageEP19__CAN_HandleTypeDef)
    userCAN::canFilterInit()                 0x08005725   Thumb Code    72  can_protocol.o(i._ZN7userCAN13canFilterInitEv)
    userCAN::motor_ControlChassis(float, float, float, float, __CAN_HandleTypeDef) 0x08005775   Thumb Code   224  can_protocol.o(i._ZN7userCAN20motor_ControlChassisEffff19__CAN_HandleTypeDef)
    userCAN::motor_ControlGimbFeed(float, float, float, __CAN_HandleTypeDef) 0x0800585d   Thumb Code   184  can_protocol.o(i._ZN7userCAN21motor_ControlGimbFeedEfff19__CAN_HandleTypeDef)
    userCAN::send()                          0x08005921   Thumb Code   190  can_protocol.o(i._ZN7userCAN4sendEv)
    userCAN::task()                          0x08005a05   Thumb Code    22  can_protocol.o(i._ZN7userCAN4taskEv)
    userCAN::receive()                       0x08005a1d   Thumb Code    20  can_protocol.o(i._ZN7userCAN7receiveEv)
    canMotor::getFeedback()                  0x08005a35   Thumb Code     8  chassis.o(i._ZN8canMotor11getFeedbackEv)
    flywheel::calcSlewDRpm(double, double, double, double) 0x08005a3d   Thumb Code   614  flywheel.o(i._ZN8flywheel12calcSlewDRpmEdddd)
    flywheel::flywheelMotor::flywheelMotor(TIM_HandleTypeDef*, int, GPIO_TypeDef*, int) 0x08005cc1   Thumb Code    30  flywheel.o(i._ZN8flywheel13flywheelMotorC1EP17TIM_HandleTypeDefiP12GPIO_TypeDefi)
    flywheel::flywheelMotor::flywheelMotor__sub_object(TIM_HandleTypeDef*, int, GPIO_TypeDef*, int) 0x08005cc1   Thumb Code     0  flywheel.o(i._ZN8flywheel13flywheelMotorC1EP17TIM_HandleTypeDefiP12GPIO_TypeDefi)
    flywheel::act()                          0x08005ce1   Thumb Code   120  flywheel.o(i._ZN8flywheel3actEv)
    flywheel::task()                         0x08005d75   Thumb Code    30  flywheel.o(i._ZN8flywheel4taskEv)
    flywheel::update()                       0x08005d9d   Thumb Code     8  flywheel.o(i._ZN8flywheel6updateEv)
    pwmMotor::clamp(double)                  0x08005da9   Thumb Code    94  flywheel.o(i._ZN8pwmMotor5clampEd)
    pwmMotor::initESC()                      0x08005e09   Thumb Code    54  flywheel.o(i._ZN8pwmMotor7initESCEv)
    pwmMotor::setPower(double)               0x08005e51   Thumb Code   272  flywheel.o(i._ZN8pwmMotor8setPowerEd)
    userInit::canInit()                      0x08005f71   Thumb Code    10  init.o(i._ZN8userInit7canInitEv)
    userUART::yawInfoOut(__UART_HandleTypeDef*, userCAN::motorFeedback_t*) 0x08005f81   Thumb Code   234  uart_protocol.o(i._ZN8userUART10yawInfoOutEP20__UART_HandleTypeDefPN7userCAN15motorFeedback_tE)
    userUART::send()                         0x08006075   Thumb Code    18  uart_protocol.o(i._ZN8userUART4sendEv)
    userUART::task()                         0x08006091   Thumb Code    18  uart_protocol.o(i._ZN8userUART4taskEv)
    userUART::receive()                      0x080060a3   Thumb Code     2  uart_protocol.o(i._ZN8userUART7receiveEv)
    std::abs(double)                         0x080060a5   Thumb Code    32  chassis.o(i._ZSt3absd)
    std::pow(float, int)                     0x080060c5   Thumb Code    34  chassis.o(i._ZSt3powfi)
    __ARM_fpclassify                         0x080060e7   Thumb Code    48  fpclassify.o(i.__ARM_fpclassify)
    __ARM_fpclassifyf                        0x08006117   Thumb Code    38  fpclassifyf.o(i.__ARM_fpclassifyf)
    __hardfp_atan2f                          0x0800613d   Thumb Code   502  atan2f.o(i.__hardfp_atan2f)
    __hardfp_cos                             0x08006391   Thumb Code   180  cos.o(i.__hardfp_cos)
    __hardfp_fabs                            0x08006459   Thumb Code    20  fabs.o(i.__hardfp_fabs)
    __hardfp_powf                            0x0800646d   Thumb Code  1606  powf.o(i.__hardfp_powf)
    __mathlib_powf                           0x0800646d   Thumb Code     0  powf.o(i.__hardfp_powf)
    __hardfp_sin                             0x08006ad1   Thumb Code   180  sin.o(i.__hardfp_sin)
    __hardfp_sqrtf                           0x08006b99   Thumb Code    58  sqrtf.o(i.__hardfp_sqrtf)
    __ieee754_rem_pio2                       0x08006bd9   Thumb Code   938  rred.o(i.__ieee754_rem_pio2)
    __kernel_cos                             0x08007011   Thumb Code   322  cos_i.o(i.__kernel_cos)
    __kernel_poly                            0x08007181   Thumb Code   248  poly.o(i.__kernel_poly)
    __kernel_sin                             0x08007279   Thumb Code   280  sin_i.o(i.__kernel_sin)
    __mathlib_dbl_infnan                     0x080073a9   Thumb Code    20  dunder.o(i.__mathlib_dbl_infnan)
    __mathlib_dbl_invalid                    0x080073c1   Thumb Code    24  dunder.o(i.__mathlib_dbl_invalid)
    __mathlib_dbl_underflow                  0x080073e1   Thumb Code    24  dunder.o(i.__mathlib_dbl_underflow)
    __mathlib_flt_divzero                    0x08007401   Thumb Code    14  funder.o(i.__mathlib_flt_divzero)
    __mathlib_flt_infnan2                    0x08007415   Thumb Code     6  funder.o(i.__mathlib_flt_infnan2)
    __mathlib_flt_invalid                    0x0800741d   Thumb Code    10  funder.o(i.__mathlib_flt_invalid)
    __mathlib_flt_overflow                   0x0800742d   Thumb Code    10  funder.o(i.__mathlib_flt_overflow)
    __mathlib_flt_underflow                  0x0800743d   Thumb Code    10  funder.o(i.__mathlib_flt_underflow)
    fabs                                     0x08007599   Thumb Code    24  fabs.o(i.fabs)
    main                                     0x080075b1   Thumb Code   186  main.o(i.main)
    osDelay                                  0x08007687   Thumb Code    24  cmsis_os.o(i.osDelay)
    osKernelStart                            0x0800769f   Thumb Code    10  cmsis_os.o(i.osKernelStart)
    osThreadCreate                           0x080076a9   Thumb Code    94  cmsis_os.o(i.osThreadCreate)
    pvPortMalloc                             0x08007b89   Thumb Code   296  heap_4.o(i.pvPortMalloc)
    pxPortInitialiseStack                    0x08007cc5   Thumb Code    38  port.o(i.pxPortInitialiseStack)
    uxListRemove                             0x08007cf1   Thumb Code    40  list.o(i.uxListRemove)
    vApplicationGetIdleTaskMemory            0x08007d19   Thumb Code    14  tasks.o(i.vApplicationGetIdleTaskMemory)
    vListInitialise                          0x08007d31   Thumb Code    26  list.o(i.vListInitialise)
    vListInitialiseItem                      0x08007d4b   Thumb Code     6  list.o(i.vListInitialiseItem)
    vListInsert                              0x08007d51   Thumb Code    52  list.o(i.vListInsert)
    vListInsertEnd                           0x08007d85   Thumb Code    24  list.o(i.vListInsertEnd)
    vPortEnterCritical                       0x08007d9d   Thumb Code    76  port.o(i.vPortEnterCritical)
    vPortExitCritical                        0x08007df1   Thumb Code    56  port.o(i.vPortExitCritical)
    vPortFree                                0x08007e2d   Thumb Code   140  heap_4.o(i.vPortFree)
    vPortSetupTimerInterrupt                 0x08007ec1   Thumb Code    36  port.o(i.vPortSetupTimerInterrupt)
    vTaskDelay                               0x08007ee9   Thumb Code    82  tasks.o(i.vTaskDelay)
    vTaskStartScheduler                      0x08007f45   Thumb Code   146  tasks.o(i.vTaskStartScheduler)
    vTaskSuspendAll                          0x08007ff5   Thumb Code    12  tasks.o(i.vTaskSuspendAll)
    vTaskSwitchContext                       0x08008005   Thumb Code   118  tasks.o(i.vTaskSwitchContext)
    xPortStartScheduler                      0x08008091   Thumb Code   330  port.o(i.xPortStartScheduler)
    xTaskCreate                              0x080081f9   Thumb Code   100  tasks.o(i.xTaskCreate)
    xTaskCreateStatic                        0x0800825d   Thumb Code   186  tasks.o(i.xTaskCreateStatic)
    xTaskIncrementTick                       0x08008319   Thumb Code   282  tasks.o(i.xTaskIncrementTick)
    xTaskResumeAll                           0x08008461   Thumb Code   224  tasks.o(i.xTaskResumeAll)
    __aeabi_dneg                             0x08008565   Thumb Code     0  basic.o(x$fpl$basic)
    _dneg                                    0x08008565   Thumb Code     6  basic.o(x$fpl$basic)
    __aeabi_fneg                             0x0800856b   Thumb Code     0  basic.o(x$fpl$basic)
    _fneg                                    0x0800856b   Thumb Code     6  basic.o(x$fpl$basic)
    _dabs                                    0x08008571   Thumb Code     6  basic.o(x$fpl$basic)
    _fabs                                    0x08008577   Thumb Code     6  basic.o(x$fpl$basic)
    __aeabi_d2f                              0x0800857d   Thumb Code     0  d2f.o(x$fpl$d2f)
    _d2f                                     0x0800857d   Thumb Code    98  d2f.o(x$fpl$d2f)
    __aeabi_dadd                             0x080085e1   Thumb Code     0  daddsub_clz.o(x$fpl$dadd)
    _dadd                                    0x080085e1   Thumb Code   332  daddsub_clz.o(x$fpl$dadd)
    __fpl_dcmp_Inf                           0x08008731   Thumb Code    24  dcmpi.o(x$fpl$dcmpinf)
    __aeabi_ddiv                             0x08008749   Thumb Code     0  ddiv.o(x$fpl$ddiv)
    _ddiv                                    0x08008749   Thumb Code   552  ddiv.o(x$fpl$ddiv)
    __aeabi_cdcmpeq                          0x080089f9   Thumb Code     0  deqf.o(x$fpl$deqf)
    _dcmpeq                                  0x080089f9   Thumb Code   120  deqf.o(x$fpl$deqf)
    __aeabi_d2iz                             0x08008a71   Thumb Code     0  dfix.o(x$fpl$dfix)
    _dfix                                    0x08008a71   Thumb Code    94  dfix.o(x$fpl$dfix)
    __aeabi_i2d                              0x08008acf   Thumb Code     0  dflt_clz.o(x$fpl$dflt)
    _dflt                                    0x08008acf   Thumb Code    46  dflt_clz.o(x$fpl$dflt)
    __aeabi_ui2d                             0x08008afd   Thumb Code     0  dflt_clz.o(x$fpl$dfltu)
    _dfltu                                   0x08008afd   Thumb Code    38  dflt_clz.o(x$fpl$dfltu)
    __aeabi_cdcmple                          0x08008b25   Thumb Code     0  dleqf.o(x$fpl$dleqf)
    _dcmple                                  0x08008b25   Thumb Code   120  dleqf.o(x$fpl$dleqf)
    __fpl_dcmple_InfNaN                      0x08008b87   Thumb Code     0  dleqf.o(x$fpl$dleqf)
    __aeabi_dmul                             0x08008b9d   Thumb Code     0  dmul.o(x$fpl$dmul)
    _dmul                                    0x08008b9d   Thumb Code   332  dmul.o(x$fpl$dmul)
    __fpl_dnaninf                            0x08008cf1   Thumb Code   156  dnaninf.o(x$fpl$dnaninf)
    __fpl_dretinf                            0x08008d8d   Thumb Code    12  dretinf.o(x$fpl$dretinf)
    __aeabi_cdrcmple                         0x08008d99   Thumb Code     0  drleqf.o(x$fpl$drleqf)
    _drcmple                                 0x08008d99   Thumb Code   108  drleqf.o(x$fpl$drleqf)
    __aeabi_drsub                            0x08008e05   Thumb Code     0  daddsub_clz.o(x$fpl$drsb)
    _drsb                                    0x08008e05   Thumb Code    22  daddsub_clz.o(x$fpl$drsb)
    __aeabi_dsub                             0x08008e1d   Thumb Code     0  daddsub_clz.o(x$fpl$dsub)
    _dsub                                    0x08008e1d   Thumb Code   464  daddsub_clz.o(x$fpl$dsub)
    __aeabi_f2d                              0x08008ff1   Thumb Code     0  f2d.o(x$fpl$f2d)
    _f2d                                     0x08008ff1   Thumb Code    86  f2d.o(x$fpl$f2d)
    __fpl_fnaninf                            0x08009047   Thumb Code   140  fnaninf.o(x$fpl$fnaninf)
    _fp_init                                 0x080090d3   Thumb Code    10  fpinit.o(x$fpl$fpinit)
    __fplib_config_fpu_vfp                   0x080090db   Thumb Code     0  fpinit.o(x$fpl$fpinit)
    __fplib_config_pureend_doubles           0x080090db   Thumb Code     0  fpinit.o(x$fpl$fpinit)
    __fpl_fretinf                            0x080090dd   Thumb Code    10  fretinf.o(x$fpl$fretinf)
    __I$use$fp                               0x080090e6   Number         0  usenofp.o(x$fpl$usenofp)
    AHBPrescTable                            0x080091ec   Data          16  system_stm32f4xx.o(.constdata)
    APBPrescTable                            0x080091fc   Data           8  system_stm32f4xx.o(.constdata)
    Region$$Table$$Base                      0x080094d4   Number         0  anon$$obj.o(Region$$Table)
    Region$$Table$$Limit                     0x080094f4   Number         0  anon$$obj.o(Region$$Table)
    SHT$$INIT_ARRAY$$Base                    0x080094f4   Number         0  chassis.o(.init_array)
    SHT$$INIT_ARRAY$$Limit                   0x08009500   Number         0  init_aeabi.o(.init_array)
    indicatorTaskHandle                      0x20000000   Data           4  freertos.o(.data)
    chassisTaskHandle                        0x20000004   Data           4  freertos.o(.data)
    gimbalTaskHandle                         0x20000008   Data           4  freertos.o(.data)
    flywheelTaskHandle                       0x2000000c   Data           4  freertos.o(.data)
    feederTaskHandle                         0x20000010   Data           4  freertos.o(.data)
    rcTaskHandle                             0x20000014   Data           4  freertos.o(.data)
    sensorTaskHandle                         0x20000018   Data           4  freertos.o(.data)
    canTaskHandle                            0x2000001c   Data           4  freertos.o(.data)
    uartTaskHandle                           0x20000020   Data           4  freertos.o(.data)
    counter1                                 0x20000024   Data           4  freertos.o(.data)
    uwTick                                   0x2000002c   Data           4  stm32f4xx_hal.o(.data)
    uwTickPrio                               0x20000030   Data           4  stm32f4xx_hal.o(.data)
    uwTickFreq                               0x20000034   Data           1  stm32f4xx_hal.o(.data)
    SystemCoreClock                          0x20000038   Data           4  system_stm32f4xx.o(.data)
    pxCurrentTCB                             0x2000003c   Data           4  tasks.o(.data)
    rightX                                   0x2000009c   Data           4  chassis.o(.data)
    rightY                                   0x200000a0   Data           4  chassis.o(.data)
    leftX                                    0x200000a4   Data           4  chassis.o(.data)
    leftY                                    0x200000a8   Data           4  chassis.o(.data)
    switch1                                  0x200000ac   Data           4  chassis.o(.data)
    switch2                                  0x200000b0   Data           4  chassis.o(.data)
    angle                                    0x200000b4   Data           4  chassis.o(.data)
    angleOutput                              0x200000b8   Data           4  chassis.o(.data)
    magnitude                                0x200000bc   Data           4  chassis.o(.data)
    c1Output                                 0x200000c0   Data           4  chassis.o(.data)
    turning                                  0x200000c4   Data           4  chassis.o(.data)
    disp                                     0x200000c8   Data           4  chassis.o(.data)
    motor1P                                  0x200000cc   Data           4  chassis.o(.data)
    motor2P                                  0x200000d0   Data           4  chassis.o(.data)
    motor3P                                  0x200000d4   Data           4  chassis.o(.data)
    motor4P                                  0x200000d8   Data           4  chassis.o(.data)
    chassis::currState                       0x200000dc   Data           1  chassis.o(.data)
    chassis::ctrlType                        0x200000dd   Data           1  chassis.o(.data)
    feeder::currState                        0x200000e0   Data           1  feeder.o(.data)
    feeder::feederPower                      0x200000e4   Data           4  feeder.o(.data)
    feeder::angle                            0x200000e8   Data           2  feeder.o(.data)
    feeder::speed                            0x200000ea   Data           2  feeder.o(.data)
    feeder::torque_current                   0x200000ec   Data           2  feeder.o(.data)
    feeder::temp                             0x200000ee   Data           1  feeder.o(.data)
    flywheel::currState                      0x200000f0   Data           1  flywheel.o(.data)
    flywheel::angularAccLimit                0x200000f8   Data           8  flywheel.o(.data)
    bung                                     0x20000100   Data           4  gimbal.o(.data)
    gimbal::currState                        0x20000104   Data           1  gimbal.o(.data)
    gimbal::ctrlType                         0x20000105   Data           1  gimbal.o(.data)
    canDevice                                0x2000011c   Data          64  init.o(.bss)
    hcan1                                    0x2000015c   Data          40  can.o(.bss)
    hcan2                                    0x20000184   Data          40  can.o(.bss)
    hrng                                     0x200001ac   Data          16  rng.o(.bss)
    hrtc                                     0x200001bc   Data          32  rtc.o(.bss)
    htim2                                    0x200001dc   Data          64  tim.o(.bss)
    htim4                                    0x2000021c   Data          64  tim.o(.bss)
    htim5                                    0x2000025c   Data          64  tim.o(.bss)
    htim8                                    0x2000029c   Data          64  tim.o(.bss)
    huart1                                   0x200002dc   Data          64  usart.o(.bss)
    huart6                                   0x2000031c   Data          64  usart.o(.bss)
    hdma_usart1_rx                           0x2000035c   Data          96  usart.o(.bss)
    htim7                                    0x200003bc   Data          64  stm32f4xx_hal_timebase_tim.o(.bss)
    chassis::velPidC1                        0x20004340   Data          72  chassis.o(.bss)
    chassis::velPidC2                        0x20004388   Data          72  chassis.o(.bss)
    chassis::velPidC3                        0x200043d0   Data          72  chassis.o(.bss)
    chassis::velPidC4                        0x20004418   Data          72  chassis.o(.bss)
    chassis::c1Motor                         0x20004460   Data          28  chassis.o(.bss)
    chassis::c2Motor                         0x2000447c   Data          28  chassis.o(.bss)
    chassis::c3Motor                         0x20004498   Data          28  chassis.o(.bss)
    chassis::c4Motor                         0x200044b4   Data          28  chassis.o(.bss)
    flywheel::flywheel1                      0x200044d0   Data          32  flywheel.o(.bss)
    flywheel::flywheel2                      0x200044f0   Data          32  flywheel.o(.bss)
    gimbal::yawPosPid                        0x20004510   Data          72  gimbal.o(.bss)
    gimbal::pitchPosPid                      0x20004558   Data          72  gimbal.o(.bss)
    gimbal::yawMotor                         0x200045a0   Data          40  gimbal.o(.bss)
    gimbal::pitchMotor                       0x200045c8   Data          40  gimbal.o(.bss)
    dmaData                                  0x2000460c   Data          18  rc_protocol.o(.bss)
    rcDataStruct                             0x2000461e   Data          22  rc_protocol.o(.bss)
    lastRcDataStruct                         0x20004634   Data          22  rc_protocol.o(.bss)
    __libspace_start                         0x2000464c   Data          96  libspace.o(.bss)
    __temporary_stack_top$libspace           0x200046ac   Data           0  libspace.o(.bss)



==============================================================================

Memory Map of the image

  Image Entry point : 0x080001ad

  Load Region LR_IROM1 (Base: 0x08000000, Size: 0x0000961c, Max: 0x00200000, ABSOLUTE)

    Execution Region ER_IROM1 (Exec base: 0x08000000, Load base: 0x08000000, Size: 0x00009500, Max: 0x00200000, ABSOLUTE)

    Exec Addr    Load Addr    Size         Type   Attr      Idx    E Section Name        Object

    0x08000000   0x08000000   0x000001ac   Data   RO            3    RESET               startup_stm32f427xx.o
    0x080001ac   0x080001ac   0x00000008   Code   RO         7144  * !!!main             c_w.l(__main.o)
    0x080001b4   0x080001b4   0x00000034   Code   RO         7503    !!!scatter          c_w.l(__scatter.o)
    0x080001e8   0x080001e8   0x0000001a   Code   RO         7505    !!handler_copy      c_w.l(__scatter_copy.o)
    0x08000202   0x08000202   0x00000002   PAD
    0x08000204   0x08000204   0x0000001c   Code   RO         7507    !!handler_zi        c_w.l(__scatter_zi.o)
    0x08000220   0x08000220   0x00000002   Code   RO         7429    .ARM.Collect$$libinit$$00000000  c_w.l(libinit.o)
    0x08000222   0x08000222   0x00000004   Code   RO         7275    .ARM.Collect$$libinit$$00000001  c_w.l(libinit2.o)
    0x08000226   0x08000226   0x00000000   Code   RO         7278    .ARM.Collect$$libinit$$00000004  c_w.l(libinit2.o)
    0x08000226   0x08000226   0x00000000   Code   RO         7281    .ARM.Collect$$libinit$$0000000A  c_w.l(libinit2.o)
    0x08000226   0x08000226   0x00000000   Code   RO         7283    .ARM.Collect$$libinit$$0000000C  c_w.l(libinit2.o)
    0x08000226   0x08000226   0x00000000   Code   RO         7285    .ARM.Collect$$libinit$$0000000E  c_w.l(libinit2.o)
    0x08000226   0x08000226   0x00000000   Code   RO         7288    .ARM.Collect$$libinit$$00000011  c_w.l(libinit2.o)
    0x08000226   0x08000226   0x00000000   Code   RO         7290    .ARM.Collect$$libinit$$00000013  c_w.l(libinit2.o)
    0x08000226   0x08000226   0x00000000   Code   RO         7292    .ARM.Collect$$libinit$$00000015  c_w.l(libinit2.o)
    0x08000226   0x08000226   0x00000000   Code   RO         7294    .ARM.Collect$$libinit$$00000017  c_w.l(libinit2.o)
    0x08000226   0x08000226   0x00000000   Code   RO         7296    .ARM.Collect$$libinit$$00000019  c_w.l(libinit2.o)
    0x08000226   0x08000226   0x00000000   Code   RO         7298    .ARM.Collect$$libinit$$0000001B  c_w.l(libinit2.o)
    0x08000226   0x08000226   0x00000000   Code   RO         7300    .ARM.Collect$$libinit$$0000001D  c_w.l(libinit2.o)
    0x08000226   0x08000226   0x00000000   Code   RO         7302    .ARM.Collect$$libinit$$0000001F  c_w.l(libinit2.o)
    0x08000226   0x08000226   0x00000000   Code   RO         7304    .ARM.Collect$$libinit$$00000021  c_w.l(libinit2.o)
    0x08000226   0x08000226   0x00000000   Code   RO         7306    .ARM.Collect$$libinit$$00000023  c_w.l(libinit2.o)
    0x08000226   0x08000226   0x00000000   Code   RO         7308    .ARM.Collect$$libinit$$00000025  c_w.l(libinit2.o)
    0x08000226   0x08000226   0x00000000   Code   RO         7312    .ARM.Collect$$libinit$$0000002C  c_w.l(libinit2.o)
    0x08000226   0x08000226   0x00000000   Code   RO         7314    .ARM.Collect$$libinit$$0000002E  c_w.l(libinit2.o)
    0x08000226   0x08000226   0x00000000   Code   RO         7316    .ARM.Collect$$libinit$$00000030  c_w.l(libinit2.o)
    0x08000226   0x08000226   0x00000004   Code   RO         7317    .ARM.Collect$$libinit$$00000031  c_w.l(libinit2.o)
    0x0800022a   0x0800022a   0x00000000   Code   RO         7318    .ARM.Collect$$libinit$$00000032  c_w.l(libinit2.o)
    0x0800022a   0x0800022a   0x00000002   Code   RO         7319    .ARM.Collect$$libinit$$00000033  c_w.l(libinit2.o)
    0x0800022c   0x0800022c   0x00000002   Code   RO         7470    .ARM.Collect$$libshutdown$$00000000  c_w.l(libshutdown.o)
    0x0800022e   0x0800022e   0x00000000   Code   RO         7486    .ARM.Collect$$libshutdown$$00000002  c_w.l(libshutdown2.o)
    0x0800022e   0x0800022e   0x00000000   Code   RO         7488    .ARM.Collect$$libshutdown$$00000004  c_w.l(libshutdown2.o)
    0x0800022e   0x0800022e   0x00000000   Code   RO         7491    .ARM.Collect$$libshutdown$$00000007  c_w.l(libshutdown2.o)
    0x0800022e   0x0800022e   0x00000000   Code   RO         7494    .ARM.Collect$$libshutdown$$0000000A  c_w.l(libshutdown2.o)
    0x0800022e   0x0800022e   0x00000000   Code   RO         7496    .ARM.Collect$$libshutdown$$0000000C  c_w.l(libshutdown2.o)
    0x0800022e   0x0800022e   0x00000000   Code   RO         7499    .ARM.Collect$$libshutdown$$0000000F  c_w.l(libshutdown2.o)
    0x0800022e   0x0800022e   0x00000002   Code   RO         7500    .ARM.Collect$$libshutdown$$00000010  c_w.l(libshutdown2.o)
    0x08000230   0x08000230   0x00000000   Code   RO         7266    .ARM.Collect$$rtentry$$00000000  c_w.l(__rtentry.o)
    0x08000230   0x08000230   0x00000000   Code   RO         7380    .ARM.Collect$$rtentry$$00000002  c_w.l(__rtentry2.o)
    0x08000230   0x08000230   0x00000006   Code   RO         7392    .ARM.Collect$$rtentry$$00000004  c_w.l(__rtentry4.o)
    0x08000236   0x08000236   0x00000000   Code   RO         7382    .ARM.Collect$$rtentry$$00000009  c_w.l(__rtentry2.o)
    0x08000236   0x08000236   0x00000004   Code   RO         7383    .ARM.Collect$$rtentry$$0000000A  c_w.l(__rtentry2.o)
    0x0800023a   0x0800023a   0x00000000   Code   RO         7385    .ARM.Collect$$rtentry$$0000000C  c_w.l(__rtentry2.o)
    0x0800023a   0x0800023a   0x00000008   Code   RO         7386    .ARM.Collect$$rtentry$$0000000D  c_w.l(__rtentry2.o)
    0x08000242   0x08000242   0x00000002   Code   RO         7432    .ARM.Collect$$rtexit$$00000000  c_w.l(rtexit.o)
    0x08000244   0x08000244   0x00000000   Code   RO         7452    .ARM.Collect$$rtexit$$00000002  c_w.l(rtexit2.o)
    0x08000244   0x08000244   0x00000004   Code   RO         7453    .ARM.Collect$$rtexit$$00000003  c_w.l(rtexit2.o)
    0x08000248   0x08000248   0x00000006   Code   RO         7454    .ARM.Collect$$rtexit$$00000004  c_w.l(rtexit2.o)
    0x0800024e   0x0800024e   0x00000002   PAD
    0x08000250   0x08000250   0x000000be   Code   RO         6223    .emb_text           port.o
    0x0800030e   0x0800030e   0x00000002   PAD
    0x08000310   0x08000310   0x00000040   Code   RO            4    .text               startup_stm32f427xx.o
    0x08000350   0x08000350   0x000000ee   Code   RO         7132    .text               c_w.l(lludivv7m.o)
    0x0800043e   0x0800043e   0x0000008a   Code   RO         7134    .text               c_w.l(rt_memcpy_v6.o)
    0x080004c8   0x080004c8   0x00000064   Code   RO         7136    .text               c_w.l(rt_memcpy_w.o)
    0x0800052c   0x0800052c   0x0000004e   Code   RO         7140    .text               c_w.l(rt_memclr_w.o)
    0x0800057a   0x0800057a   0x00000006   Code   RO         7142    .text               c_w.l(heapauxi.o)
    0x08000580   0x08000580   0x00000024   Code   RO         7149    .text               c_w.l(init_aeabi.o)
    0x080005a4   0x080005a4   0x00000016   Code   RO         7271    .text               c_w.l(_rserrno.o)
    0x080005ba   0x080005ba   0x00000002   PAD
    0x080005bc   0x080005bc   0x00000008   Code   RO         7399    .text               c_w.l(rt_errno_addr_intlibspace.o)
    0x080005c4   0x080005c4   0x00000008   Code   RO         7409    .text               c_w.l(libspace.o)
    0x080005cc   0x080005cc   0x0000004a   Code   RO         7412    .text               c_w.l(sys_stackheap_outer.o)
    0x08000616   0x08000616   0x00000012   Code   RO         7414    .text               c_w.l(exit.o)
    0x08000628   0x08000628   0x0000000c   Code   RO         7446    .text               c_w.l(sys_exit.o)
    0x08000634   0x08000634   0x00000002   Code   RO         7448    .text               c_w.l(use_no_semi.o)
    0x08000636   0x08000636   0x00000000   Code   RO         7450    .text               c_w.l(indicate_semi.o)
    0x08000636   0x08000636   0x00000004   Code   RO          925    i.BusFault_Handler  stm32f4xx_it.o
    0x0800063a   0x0800063a   0x00000002   PAD
    0x0800063c   0x0800063c   0x00000010   Code   RO          926    i.CAN1_RX0_IRQHandler  stm32f4xx_it.o
    0x0800064c   0x0800064c   0x00000010   Code   RO          927    i.CAN1_TX_IRQHandler  stm32f4xx_it.o
    0x0800065c   0x0800065c   0x00000010   Code   RO          928    i.DMA2_Stream2_IRQHandler  stm32f4xx_it.o
    0x0800066c   0x0800066c   0x00000002   Code   RO          929    i.DebugMon_Handler  stm32f4xx_it.o
    0x0800066e   0x0800066e   0x00000002   Code   RO          360    i.Error_Handler     main.o
    0x08000670   0x08000670   0x00000156   Code   RO         1188    i.HAL_CAN_AddTxMessage  stm32f4xx_hal_can.o
    0x080007c6   0x080007c6   0x00000002   PAD
    0x080007c8   0x080007c8   0x00000124   Code   RO         1189    i.HAL_CAN_ConfigFilter  stm32f4xx_hal_can.o
    0x080008ec   0x080008ec   0x00000002   Code   RO         1192    i.HAL_CAN_ErrorCallback  stm32f4xx_hal_can.o
    0x080008ee   0x080008ee   0x00000028   Code   RO         1194    i.HAL_CAN_GetRxFifoFillLevel  stm32f4xx_hal_can.o
    0x08000916   0x08000916   0x0000017a   Code   RO         1195    i.HAL_CAN_GetRxMessage  stm32f4xx_hal_can.o
    0x08000a90   0x08000a90   0x0000024e   Code   RO         1199    i.HAL_CAN_IRQHandler  stm32f4xx_hal_can.o
    0x08000cde   0x08000cde   0x00000174   Code   RO         1200    i.HAL_CAN_Init      stm32f4xx_hal_can.o
    0x08000e52   0x08000e52   0x00000002   PAD
    0x08000e54   0x08000e54   0x00000160   Code   RO          633    i.HAL_CAN_MspInit   can.o
    0x08000fb4   0x08000fb4   0x00000002   Code   RO         1207    i.HAL_CAN_RxFifo0FullCallback  stm32f4xx_hal_can.o
    0x08000fb6   0x08000fb6   0x00000002   Code   RO         1208    i.HAL_CAN_RxFifo0MsgPendingCallback  stm32f4xx_hal_can.o
    0x08000fb8   0x08000fb8   0x00000002   Code   RO         1209    i.HAL_CAN_RxFifo1FullCallback  stm32f4xx_hal_can.o
    0x08000fba   0x08000fba   0x00000002   Code   RO         1210    i.HAL_CAN_RxFifo1MsgPendingCallback  stm32f4xx_hal_can.o
    0x08000fbc   0x08000fbc   0x00000002   Code   RO         1211    i.HAL_CAN_SleepCallback  stm32f4xx_hal_can.o
    0x08000fbe   0x08000fbe   0x0000005e   Code   RO         1212    i.HAL_CAN_Start     stm32f4xx_hal_can.o
    0x0800101c   0x0800101c   0x00000002   Code   RO         1214    i.HAL_CAN_TxMailbox0AbortCallback  stm32f4xx_hal_can.o
    0x0800101e   0x0800101e   0x00000002   Code   RO         1215    i.HAL_CAN_TxMailbox0CompleteCallback  stm32f4xx_hal_can.o
    0x08001020   0x08001020   0x00000002   Code   RO         1216    i.HAL_CAN_TxMailbox1AbortCallback  stm32f4xx_hal_can.o
    0x08001022   0x08001022   0x00000002   Code   RO         1217    i.HAL_CAN_TxMailbox1CompleteCallback  stm32f4xx_hal_can.o
    0x08001024   0x08001024   0x00000002   Code   RO         1218    i.HAL_CAN_TxMailbox2AbortCallback  stm32f4xx_hal_can.o
    0x08001026   0x08001026   0x00000002   Code   RO         1219    i.HAL_CAN_TxMailbox2CompleteCallback  stm32f4xx_hal_can.o
    0x08001028   0x08001028   0x00000002   Code   RO         1221    i.HAL_CAN_WakeUpFromRxMsgCallback  stm32f4xx_hal_can.o
    0x0800102a   0x0800102a   0x00000028   Code   RO         2093    i.HAL_DMA_Abort_IT  stm32f4xx_hal_dma.o
    0x08001052   0x08001052   0x00000002   PAD
    0x08001054   0x08001054   0x00000240   Code   RO         2097    i.HAL_DMA_IRQHandler  stm32f4xx_hal_dma.o
    0x08001294   0x08001294   0x000000ec   Code   RO         2098    i.HAL_DMA_Init      stm32f4xx_hal_dma.o
    0x08001380   0x08001380   0x00000066   Code   RO         2100    i.HAL_DMA_Start     stm32f4xx_hal_dma.o
    0x080013e6   0x080013e6   0x00000002   PAD
    0x080013e8   0x080013e8   0x00000028   Code   RO         2598    i.HAL_Delay         stm32f4xx_hal.o
    0x08001410   0x08001410   0x0000021c   Code   RO         1976    i.HAL_GPIO_Init     stm32f4xx_hal_gpio.o
    0x0800162c   0x0800162c   0x00000012   Code   RO         1979    i.HAL_GPIO_TogglePin  stm32f4xx_hal_gpio.o
    0x0800163e   0x0800163e   0x0000000c   Code   RO         1980    i.HAL_GPIO_WritePin  stm32f4xx_hal_gpio.o
    0x0800164a   0x0800164a   0x00000002   PAD
    0x0800164c   0x0800164c   0x0000000c   Code   RO         2606    i.HAL_GetTick       stm32f4xx_hal.o
    0x08001658   0x08001658   0x00000018   Code   RO         2612    i.HAL_IncTick       stm32f4xx_hal.o
    0x08001670   0x08001670   0x0000003c   Code   RO         2613    i.HAL_Init          stm32f4xx_hal.o
    0x080016ac   0x080016ac   0x0000008c   Code   RO         1144    i.HAL_InitTick      stm32f4xx_hal_timebase_tim.o
    0x08001738   0x08001738   0x00000054   Code   RO         1119    i.HAL_MspInit       stm32f4xx_hal_msp.o
    0x0800178c   0x0800178c   0x00000020   Code   RO         2436    i.HAL_NVIC_EnableIRQ  stm32f4xx_hal_cortex.o
    0x080017ac   0x080017ac   0x0000007c   Code   RO         2442    i.HAL_NVIC_SetPriority  stm32f4xx_hal_cortex.o
    0x08001828   0x08001828   0x00000028   Code   RO         2443    i.HAL_NVIC_SetPriorityGrouping  stm32f4xx_hal_cortex.o
    0x08001850   0x08001850   0x00000304   Code   RO         1578    i.HAL_RCCEx_PeriphCLKConfig  stm32f4xx_hal_rcc_ex.o
    0x08001b54   0x08001b54   0x00000184   Code   RO         1457    i.HAL_RCC_ClockConfig  stm32f4xx_hal_rcc.o
    0x08001cd8   0x08001cd8   0x00000044   Code   RO         1461    i.HAL_RCC_GetClockConfig  stm32f4xx_hal_rcc.o
    0x08001d1c   0x08001d1c   0x0000000c   Code   RO         1462    i.HAL_RCC_GetHCLKFreq  stm32f4xx_hal_rcc.o
    0x08001d28   0x08001d28   0x00000020   Code   RO         1464    i.HAL_RCC_GetPCLK1Freq  stm32f4xx_hal_rcc.o
    0x08001d48   0x08001d48   0x00000020   Code   RO         1465    i.HAL_RCC_GetPCLK2Freq  stm32f4xx_hal_rcc.o
    0x08001d68   0x08001d68   0x000000b0   Code   RO         1466    i.HAL_RCC_GetSysClockFreq  stm32f4xx_hal_rcc.o
    0x08001e18   0x08001e18   0x00000488   Code   RO         1469    i.HAL_RCC_OscConfig  stm32f4xx_hal_rcc.o
    0x080022a0   0x080022a0   0x00000034   Code   RO         2908    i.HAL_RNG_Init      stm32f4xx_hal_rng.o
    0x080022d4   0x080022d4   0x00000034   Code   RO          711    i.HAL_RNG_MspInit   rng.o
    0x08002308   0x08002308   0x000000d8   Code   RO         3023    i.HAL_RTC_Init      stm32f4xx_hal_rtc.o
    0x080023e0   0x080023e0   0x00000018   Code   RO          756    i.HAL_RTC_MspInit   rtc.o
    0x080023f8   0x080023f8   0x0000003a   Code   RO         3031    i.HAL_RTC_WaitForSynchro  stm32f4xx_hal_rtc.o
    0x08002432   0x08002432   0x00000002   Code   RO         4238    i.HAL_TIMEx_BreakCallback  stm32f4xx_hal_tim_ex.o
    0x08002434   0x08002434   0x00000002   Code   RO         4239    i.HAL_TIMEx_CommutCallback  stm32f4xx_hal_tim_ex.o
    0x08002436   0x08002436   0x00000074   Code   RO         4241    i.HAL_TIMEx_ConfigBreakDeadTime  stm32f4xx_hal_tim_ex.o
    0x080024aa   0x080024aa   0x00000002   PAD
    0x080024ac   0x080024ac   0x000000b4   Code   RO         4256    i.HAL_TIMEx_MasterConfigSynchronization  stm32f4xx_hal_tim_ex.o
    0x08002560   0x08002560   0x00000034   Code   RO         3438    i.HAL_TIM_Base_Init  stm32f4xx_hal_tim.o
    0x08002594   0x08002594   0x000000b8   Code   RO          801    i.HAL_TIM_Base_MspInit  tim.o
    0x0800264c   0x0800264c   0x0000002a   Code   RO         3443    i.HAL_TIM_Base_Start_IT  stm32f4xx_hal_tim.o
    0x08002676   0x08002676   0x00000108   Code   RO         3447    i.HAL_TIM_ConfigClockSource  stm32f4xx_hal_tim.o
    0x0800277e   0x0800277e   0x00000002   Code   RO         3467    i.HAL_TIM_IC_CaptureCallback  stm32f4xx_hal_tim.o
    0x08002780   0x08002780   0x00000196   Code   RO         3481    i.HAL_TIM_IRQHandler  stm32f4xx_hal_tim.o
    0x08002916   0x08002916   0x00000002   PAD
    0x08002918   0x08002918   0x0000017c   Code   RO          802    i.HAL_TIM_MspPostInit  tim.o
    0x08002a94   0x08002a94   0x00000002   Code   RO         3484    i.HAL_TIM_OC_DelayElapsedCallback  stm32f4xx_hal_tim.o
    0x08002a96   0x08002a96   0x00000108   Code   RO         3505    i.HAL_TIM_PWM_ConfigChannel  stm32f4xx_hal_tim.o
    0x08002b9e   0x08002b9e   0x00000034   Code   RO         3508    i.HAL_TIM_PWM_Init  stm32f4xx_hal_tim.o
    0x08002bd2   0x08002bd2   0x00000002   Code   RO         3510    i.HAL_TIM_PWM_MspInit  stm32f4xx_hal_tim.o
    0x08002bd4   0x08002bd4   0x00000002   Code   RO         3511    i.HAL_TIM_PWM_PulseFinishedCallback  stm32f4xx_hal_tim.o
    0x08002bd6   0x08002bd6   0x00000002   PAD
    0x08002bd8   0x08002bd8   0x00000018   Code   RO          361    i.HAL_TIM_PeriodElapsedCallback  main.o
    0x08002bf0   0x08002bf0   0x00000002   Code   RO         3524    i.HAL_TIM_TriggerCallback  stm32f4xx_hal_tim.o
    0x08002bf2   0x08002bf2   0x00000002   Code   RO         4549    i.HAL_UART_ErrorCallback  stm32f4xx_hal_uart.o
    0x08002bf4   0x08002bf4   0x00000154   Code   RO         4552    i.HAL_UART_IRQHandler  stm32f4xx_hal_uart.o
    0x08002d48   0x08002d48   0x00000072   Code   RO         4553    i.HAL_UART_Init     stm32f4xx_hal_uart.o
    0x08002dba   0x08002dba   0x00000002   PAD
    0x08002dbc   0x08002dbc   0x00000194   Code   RO          874    i.HAL_UART_MspInit  usart.o
    0x08002f50   0x08002f50   0x00000002   Code   RO         4559    i.HAL_UART_RxCpltCallback  stm32f4xx_hal_uart.o
    0x08002f52   0x08002f52   0x000000d8   Code   RO         4561    i.HAL_UART_Transmit  stm32f4xx_hal_uart.o
    0x0800302a   0x0800302a   0x00000002   Code   RO         4564    i.HAL_UART_TxCpltCallback  stm32f4xx_hal_uart.o
    0x0800302c   0x0800302c   0x00000004   Code   RO          930    i.HardFault_Handler  stm32f4xx_it.o
    0x08003030   0x08003030   0x00000048   Code   RO          634    i.MX_CAN1_Init      can.o
    0x08003078   0x08003078   0x00000044   Code   RO          635    i.MX_CAN2_Init      can.o
    0x080030bc   0x080030bc   0x00000038   Code   RO          685    i.MX_DMA_Init       dma.o
    0x080030f4   0x080030f4   0x000001a4   Code   RO          532    i.MX_GPIO_Init      gpio.o
    0x08003298   0x08003298   0x00000020   Code   RO          712    i.MX_RNG_Init       rng.o
    0x080032b8   0x080032b8   0x00000034   Code   RO          757    i.MX_RTC_Init       rtc.o
    0x080032ec   0x080032ec   0x000000d4   Code   RO          803    i.MX_TIM2_Init      tim.o
    0x080033c0   0x080033c0   0x000000d8   Code   RO          804    i.MX_TIM4_Init      tim.o
    0x08003498   0x08003498   0x000000d8   Code   RO          805    i.MX_TIM5_Init      tim.o
    0x08003570   0x08003570   0x0000010c   Code   RO          806    i.MX_TIM8_Init      tim.o
    0x0800367c   0x0800367c   0x0000003c   Code   RO          875    i.MX_USART1_UART_Init  usart.o
    0x080036b8   0x080036b8   0x00000038   Code   RO          876    i.MX_USART6_UART_Init  usart.o
    0x080036f0   0x080036f0   0x00000004   Code   RO          931    i.MemManage_Handler  stm32f4xx_it.o
    0x080036f4   0x080036f4   0x00000002   Code   RO          932    i.NMI_Handler       stm32f4xx_it.o
    0x080036f6   0x080036f6   0x0000003e   Code   RO         3034    i.RTC_EnterInitMode  stm32f4xx_hal_rtc.o
    0x08003734   0x08003734   0x00000034   Code   RO         6224    i.SysTick_Handler   port.o
    0x08003768   0x08003768   0x0000001c   Code   RO         4915    i.SystemInit        system_stm32f4xx.o
    0x08003784   0x08003784   0x00000010   Code   RO          933    i.TIM7_IRQHandler   stm32f4xx_it.o
    0x08003794   0x08003794   0x000000d8   Code   RO         3526    i.TIM_Base_SetConfig  stm32f4xx_hal_tim.o
    0x0800386c   0x0800386c   0x00000016   Code   RO         3533    i.TIM_ETR_SetConfig  stm32f4xx_hal_tim.o
    0x08003882   0x08003882   0x00000002   PAD
    0x08003884   0x08003884   0x0000007c   Code   RO         3534    i.TIM_OC2_SetConfig  stm32f4xx_hal_tim.o
    0x08003900   0x08003900   0x00000014   Code   RO          934    i.USART1_IRQHandler  stm32f4xx_it.o
    0x08003914   0x08003914   0x00000004   Code   RO          935    i.UsageFault_Handler  stm32f4xx_it.o
    0x08003918   0x08003918   0x00000010   Code   RO           13    i._Z10rcTaskFuncPKv  freertos.o
    0x08003928   0x08003928   0x0000000a   Code   RO           14    i._Z11canTaskFuncPKv  freertos.o
    0x08003932   0x08003932   0x0000000a   Code   RO           15    i._Z12uartTaskFuncPKv  freertos.o
    0x0800393c   0x0800393c   0x0000000a   Code   RO           16    i._Z14feederTaskFuncPKv  freertos.o
    0x08003946   0x08003946   0x0000000a   Code   RO           17    i._Z14gimbalTaskFuncPKv  freertos.o
    0x08003950   0x08003950   0x00000134   Code   RO         7050    i._Z14processDMADatav  rc_protocol.o
    0x08003a84   0x08003a84   0x0000000a   Code   RO           18    i._Z14sensorTaskFuncPKv  freertos.o
    0x08003a8e   0x08003a8e   0x0000000a   Code   RO           19    i._Z15chassisTaskFuncPKv  freertos.o
    0x08003a98   0x08003a98   0x00000108   Code   RO           20    i._Z16MX_FREERTOS_Initv  freertos.o
    0x08003ba0   0x08003ba0   0x0000000a   Code   RO           21    i._Z16flywheelTaskFuncPKv  freertos.o
    0x08003baa   0x08003baa   0x00000002   PAD
    0x08003bac   0x08003bac   0x00000158   Code   RO           22    i._Z17indicatorTaskFuncPKv  freertos.o
    0x08003d04   0x08003d04   0x000000d4   Code   RO          362    i._Z18SystemClock_Configv  main.o
    0x08003dd8   0x08003dd8   0x00000022   Code   RO         7051    i._Z20uart_receive_handlerP20__UART_HandleTypeDef  rc_protocol.o
    0x08003dfa   0x08003dfa   0x00000008   Code   RO         7052    i._Z24dma_current_data_counterP18DMA_Stream_TypeDef  rc_protocol.o
    0x08003e02   0x08003e02   0x00000002   PAD
    0x08003e04   0x08003e04   0x00000040   Code   RO         7053    i._Z6RCInitv        rc_protocol.o
    0x08003e44   0x08003e44   0x00000048   Code   RO         6708    i._Z8degToRadd      gimbal.o
    0x08003e8c   0x08003e8c   0x00000048   Code   RO         6709    i._Z8radToDegd      gimbal.o
    0x08003ed4   0x08003ed4   0x000001a4   Code   RO         6359    i._ZN11pidInstance4loopEd  chassis.o
    0x08004078   0x08004078   0x00000006   Code   RO         6377    i._ZN11pidInstance9setTargetEd  chassis.o
    0x0800407e   0x0800407e   0x00000002   PAD
    0x08004080   0x08004080   0x00000020   Code   RO         6353    i._ZN11pidInstanceC1E7pidTypeddd  chassis.o
    0x080040a0   0x080040a0   0x00000064   Code   RO         7055    i._ZN37_INTERNAL_15_rc_protocol_cpp_2c27876a21uart_rx_idle_callbackEP20__UART_HandleTypeDef  rc_protocol.o
    0x08004104   0x08004104   0x00000048   Code   RO         7056    i._ZN37_INTERNAL_15_rc_protocol_cpp_2c27876a22uart_receive_dma_no_itEP20__UART_HandleTypeDefPhj  rc_protocol.o
    0x0800414c   0x0800414c   0x00000028   Code   RO         6811    i._ZN38_INTERNAL_16_can_protocol_cpp_430bccb97userCAN12motor_DecodeEPNS0_15motorFeedback_tEPKh  can_protocol.o
    0x08004174   0x08004174   0x0000002c   Code   RO         2104    i._ZN41_INTERNAL_19_stm32f4xx_hal_dma_c_c25f65ec13DMA_SetConfigEP19__DMA_HandleTypeDefjjj  stm32f4xx_hal_dma.o
    0x080041a0   0x080041a0   0x000000aa   Code   RO         2105    i._ZN41_INTERNAL_19_stm32f4xx_hal_dma_c_c25f65ec18DMA_CheckFifoParamEP19__DMA_HandleTypeDef  stm32f4xx_hal_dma.o
    0x0800424a   0x0800424a   0x00000002   PAD
    0x0800424c   0x0800424c   0x00000034   Code   RO         2106    i._ZN41_INTERNAL_19_stm32f4xx_hal_dma_c_c25f65ec23DMA_CalcBaseAndBitshiftEP19__DMA_HandleTypeDef  stm32f4xx_hal_dma.o
    0x08004280   0x08004280   0x00000070   Code   RO         3536    i._ZN41_INTERNAL_19_stm32f4xx_hal_tim_c_a9d95b5217TIM_OC1_SetConfigEP11TIM_TypeDefP18TIM_OC_InitTypeDef  stm32f4xx_hal_tim.o
    0x080042f0   0x080042f0   0x00000078   Code   RO         3537    i._ZN41_INTERNAL_19_stm32f4xx_hal_tim_c_a9d95b5217TIM_OC3_SetConfigEP11TIM_TypeDefP18TIM_OC_InitTypeDef  stm32f4xx_hal_tim.o
    0x08004368   0x08004368   0x00000054   Code   RO         3538    i._ZN41_INTERNAL_19_stm32f4xx_hal_tim_c_a9d95b5217TIM_OC4_SetConfigEP11TIM_TypeDefP18TIM_OC_InitTypeDef  stm32f4xx_hal_tim.o
    0x080043bc   0x080043bc   0x00000012   Code   RO         3543    i._ZN41_INTERNAL_19_stm32f4xx_hal_tim_c_a9d95b5218TIM_ITRx_SetConfigEP11TIM_TypeDefj  stm32f4xx_hal_tim.o
    0x080043ce   0x080043ce   0x00000026   Code   RO         3547    i._ZN41_INTERNAL_19_stm32f4xx_hal_tim_c_a9d95b5224TIM_TI1_ConfigInputStageEP11TIM_TypeDefjj  stm32f4xx_hal_tim.o
    0x080043f4   0x080043f4   0x00000028   Code   RO         3548    i._ZN41_INTERNAL_19_stm32f4xx_hal_tim_c_a9d95b5224TIM_TI2_ConfigInputStageEP11TIM_TypeDefjj  stm32f4xx_hal_tim.o
    0x0800441c   0x0800441c   0x000003e8   Code   RO         4567    i._ZN42_INTERNAL_20_stm32f4xx_hal_uart_c_d497114f14UART_SetConfigEP20__UART_HandleTypeDef  stm32f4xx_hal_uart.o
    0x08004804   0x08004804   0x000000a6   Code   RO         4568    i._ZN42_INTERNAL_20_stm32f4xx_hal_uart_c_d497114f15UART_Receive_ITEP20__UART_HandleTypeDef  stm32f4xx_hal_uart.o
    0x080048aa   0x080048aa   0x00000068   Code   RO         4569    i._ZN42_INTERNAL_20_stm32f4xx_hal_uart_c_d497114f16UART_Transmit_ITEP20__UART_HandleTypeDef  stm32f4xx_hal_uart.o
    0x08004912   0x08004912   0x00000020   Code   RO         4572    i._ZN42_INTERNAL_20_stm32f4xx_hal_uart_c_d497114f18UART_EndRxTransferEP20__UART_HandleTypeDef  stm32f4xx_hal_uart.o
    0x08004932   0x08004932   0x00000020   Code   RO         4575    i._ZN42_INTERNAL_20_stm32f4xx_hal_uart_c_d497114f19UART_EndTransmit_ITEP20__UART_HandleTypeDef  stm32f4xx_hal_uart.o
    0x08004952   0x08004952   0x00000014   Code   RO         4576    i._ZN42_INTERNAL_20_stm32f4xx_hal_uart_c_d497114f20UART_DMAAbortOnErrorEP19__DMA_HandleTypeDef  stm32f4xx_hal_uart.o
    0x08004966   0x08004966   0x0000006c   Code   RO         4582    i._ZN42_INTERNAL_20_stm32f4xx_hal_uart_c_d497114f27UART_WaitOnFlagUntilTimeoutEP20__UART_HandleTypeDefj10FlagStatusjj  stm32f4xx_hal_uart.o
    0x080049d2   0x080049d2   0x00000002   PAD
    0x080049d4   0x080049d4   0x00000028   Code   RO         2449    i._ZN44_INTERNAL_22_stm32f4xx_hal_cortex_c_2992dbc018__NVIC_SetPriorityE9IRQn_Typej  stm32f4xx_hal_cortex.o
    0x080049fc   0x080049fc   0x00000010   Code   RO         2450    i._ZN44_INTERNAL_22_stm32f4xx_hal_cortex_c_2992dbc026__NVIC_GetPriorityGroupingEv  stm32f4xx_hal_cortex.o
    0x08004a0c   0x08004a0c   0x00000006   Code   RO         6892    i._ZN5Motor8getPowerEv  can_protocol.o
    0x08004a12   0x08004a12   0x00000068   Code   RO         6347    i._ZN5Motor8setPowerEd  chassis.o
    0x08004a7a   0x08004a7a   0x00000002   PAD
    0x08004a7c   0x08004a7c   0x00000038   Code   RO         6558    i._ZN6feeder3actEv  feeder.o
    0x08004ab4   0x08004ab4   0x00000012   Code   RO         6559    i._ZN6feeder4taskEv  feeder.o
    0x08004ac6   0x08004ac6   0x00000002   PAD
    0x08004ac8   0x08004ac8   0x00000040   Code   RO         6560    i._ZN6feeder6updateEv  feeder.o
    0x08004b08   0x08004b08   0x0000004c   Code   RO         6778    i._ZN6gimbal11gimbalMotor12setCurrAngleEd  gimbal.o
    0x08004b54   0x08004b54   0x00000028   Code   RO         6772    i._ZN6gimbal11gimbalMotorC1EsR11pidInstance  gimbal.o
    0x08004b7c   0x08004b7c   0x00000018   Code   RO         6710    i._ZN6gimbal19calculateAngleErrorEdd  gimbal.o
    0x08004b94   0x08004b94   0x000000cc   Code   RO         6711    i._ZN6gimbal3actEv  gimbal.o
    0x08004c60   0x08004c60   0x00000012   Code   RO         6712    i._ZN6gimbal4taskEv  gimbal.o
    0x08004c72   0x08004c72   0x00000002   PAD
    0x08004c74   0x08004c74   0x00000084   Code   RO         6713    i._ZN6gimbal6updateEv  gimbal.o
    0x08004cf8   0x08004cf8   0x00000028   Code   RO         6365    i._ZN7chassis12chassisMotorC1EsR11pidInstance  chassis.o
    0x08004d20   0x08004d20   0x00000214   Code   RO         6303    i._ZN7chassis3actEv  chassis.o
    0x08004f34   0x08004f34   0x00000012   Code   RO         6304    i._ZN7chassis4taskEv  chassis.o
    0x08004f46   0x08004f46   0x00000002   PAD
    0x08004f48   0x08004f48   0x000001a0   Code   RO         6305    i._ZN7chassis6updateEv  chassis.o
    0x080050e8   0x080050e8   0x00000528   Code   RO         6306    i._ZN7chassis9rcToPowerEddd  chassis.o
    0x08005610   0x08005610   0x00000034   Code   RO         6812    i._ZN7userCAN10deviceInitEPNS_8device_tE  can_protocol.o
    0x08005644   0x08005644   0x000000e0   Code   RO         6814    i._ZN7userCAN10getMessageEP19__CAN_HandleTypeDef  can_protocol.o
    0x08005724   0x08005724   0x00000050   Code   RO         6815    i._ZN7userCAN13canFilterInitEv  can_protocol.o
    0x08005774   0x08005774   0x000000e8   Code   RO         6816    i._ZN7userCAN20motor_ControlChassisEffff19__CAN_HandleTypeDef  can_protocol.o
    0x0800585c   0x0800585c   0x000000c4   Code   RO         6818    i._ZN7userCAN21motor_ControlGimbFeedEfff19__CAN_HandleTypeDef  can_protocol.o
    0x08005920   0x08005920   0x000000e4   Code   RO         6819    i._ZN7userCAN4sendEv  can_protocol.o
    0x08005a04   0x08005a04   0x00000016   Code   RO         6820    i._ZN7userCAN4taskEv  can_protocol.o
    0x08005a1a   0x08005a1a   0x00000002   PAD
    0x08005a1c   0x08005a1c   0x00000018   Code   RO         6821    i._ZN7userCAN7receiveEv  can_protocol.o
    0x08005a34   0x08005a34   0x00000008   Code   RO         6371    i._ZN8canMotor11getFeedbackEv  chassis.o
    0x08005a3c   0x08005a3c   0x00000284   Code   RO         6616    i._ZN8flywheel12calcSlewDRpmEdddd  flywheel.o
    0x08005cc0   0x08005cc0   0x0000001e   Code   RO         6671    i._ZN8flywheel13flywheelMotorC1EP17TIM_HandleTypeDefiP12GPIO_TypeDefi  flywheel.o
    0x08005cde   0x08005cde   0x00000002   PAD
    0x08005ce0   0x08005ce0   0x00000094   Code   RO         6617    i._ZN8flywheel3actEv  flywheel.o
    0x08005d74   0x08005d74   0x00000028   Code   RO         6618    i._ZN8flywheel4taskEv  flywheel.o
    0x08005d9c   0x08005d9c   0x0000000c   Code   RO         6619    i._ZN8flywheel6updateEv  flywheel.o
    0x08005da8   0x08005da8   0x0000005e   Code   RO         6677    i._ZN8pwmMotor5clampEd  flywheel.o
    0x08005e06   0x08005e06   0x00000002   PAD
    0x08005e08   0x08005e08   0x00000048   Code   RO         6665    i._ZN8pwmMotor7initESCEv  flywheel.o
    0x08005e50   0x08005e50   0x00000120   Code   RO         6659    i._ZN8pwmMotor8setPowerEd  flywheel.o
    0x08005f70   0x08005f70   0x00000010   Code   RO          317    i._ZN8userInit7canInitEv  init.o
    0x08005f80   0x08005f80   0x000000f4   Code   RO         6924    i._ZN8userUART10yawInfoOutEP20__UART_HandleTypeDefPN7userCAN15motorFeedback_tE  uart_protocol.o
    0x08006074   0x08006074   0x0000001c   Code   RO         6926    i._ZN8userUART4sendEv  uart_protocol.o
    0x08006090   0x08006090   0x00000012   Code   RO         6927    i._ZN8userUART4taskEv  uart_protocol.o
    0x080060a2   0x080060a2   0x00000002   Code   RO         6929    i._ZN8userUART7receiveEv  uart_protocol.o
    0x080060a4   0x080060a4   0x00000020   Code   RO         6389    i._ZSt3absd         chassis.o
    0x080060c4   0x080060c4   0x00000022   Code   RO         6383    i._ZSt3powfi        chassis.o
    0x080060e6   0x080060e6   0x00000030   Code   RO         7405    i.__ARM_fpclassify  m_wm.l(fpclassify.o)
    0x08006116   0x08006116   0x00000026   Code   RO         7352    i.__ARM_fpclassifyf  m_wm.l(fpclassifyf.o)
    0x0800613c   0x0800613c   0x00000250   Code   RO         7186    i.__hardfp_atan2f   m_wm.l(atan2f.o)
    0x0800638c   0x0800638c   0x00000004   PAD
    0x08006390   0x08006390   0x000000c8   Code   RO         7198    i.__hardfp_cos      m_wm.l(cos.o)
    0x08006458   0x08006458   0x00000014   Code   RO         7210    i.__hardfp_fabs     m_wm.l(fabs.o)
    0x0800646c   0x0800646c   0x00000664   Code   RO         7228    i.__hardfp_powf     m_wm.l(powf.o)
    0x08006ad0   0x08006ad0   0x000000c8   Code   RO         7242    i.__hardfp_sin      m_wm.l(sin.o)
    0x08006b98   0x08006b98   0x0000003a   Code   RO         7254    i.__hardfp_sqrtf    m_wm.l(sqrtf.o)
    0x08006bd2   0x08006bd2   0x00000006   PAD
    0x08006bd8   0x08006bd8   0x00000438   Code   RO         7368    i.__ieee754_rem_pio2  m_wm.l(rred.o)
    0x08007010   0x08007010   0x00000170   Code   RO         7335    i.__kernel_cos      m_wm.l(cos_i.o)
    0x08007180   0x08007180   0x000000f8   Code   RO         7407    i.__kernel_poly     m_wm.l(poly.o)
    0x08007278   0x08007278   0x00000130   Code   RO         7373    i.__kernel_sin      m_wm.l(sin_i.o)
    0x080073a8   0x080073a8   0x00000014   Code   RO         7339    i.__mathlib_dbl_infnan  m_wm.l(dunder.o)
    0x080073bc   0x080073bc   0x00000004   PAD
    0x080073c0   0x080073c0   0x00000020   Code   RO         7341    i.__mathlib_dbl_invalid  m_wm.l(dunder.o)
    0x080073e0   0x080073e0   0x00000020   Code   RO         7344    i.__mathlib_dbl_underflow  m_wm.l(dunder.o)
    0x08007400   0x08007400   0x00000014   Code   RO         7354    i.__mathlib_flt_divzero  m_wm.l(funder.o)
    0x08007414   0x08007414   0x00000006   Code   RO         7356    i.__mathlib_flt_infnan2  m_wm.l(funder.o)
    0x0800741a   0x0800741a   0x00000002   PAD
    0x0800741c   0x0800741c   0x00000010   Code   RO         7357    i.__mathlib_flt_invalid  m_wm.l(funder.o)
    0x0800742c   0x0800742c   0x00000010   Code   RO         7358    i.__mathlib_flt_overflow  m_wm.l(funder.o)
    0x0800743c   0x0800743c   0x00000010   Code   RO         7360    i.__mathlib_flt_underflow  m_wm.l(funder.o)
    0x0800744c   0x0800744c   0x00000064   Code   RO         6715    i.__sti___10_gimbal_cpp_bung  gimbal.o
    0x080074b0   0x080074b0   0x000000b4   Code   RO         6307    i.__sti___11_chassis_cpp_609a5387  chassis.o
    0x08007564   0x08007564   0x00000034   Code   RO         6620    i.__sti___12_flywheel_cpp_2b98d6e6  flywheel.o
    0x08007598   0x08007598   0x00000018   Code   RO         7212    i.fabs              m_wm.l(fabs.o)
    0x080075b0   0x080075b0   0x000000c8   Code   RO          363    i.main              main.o
    0x08007678   0x08007678   0x0000000e   Code   RO         5792    i.makeFreeRtosPriority  cmsis_os.o
    0x08007686   0x08007686   0x00000018   Code   RO         5794    i.osDelay           cmsis_os.o
    0x0800769e   0x0800769e   0x0000000a   Code   RO         5797    i.osKernelStart     cmsis_os.o
    0x080076a8   0x080076a8   0x0000005e   Code   RO         5831    i.osThreadCreate    cmsis_os.o
    0x08007706   0x08007706   0x00000002   PAD
    0x08007708   0x08007708   0x00000098   Code   RO         5466    i.prvAddCurrentTaskToDelayedList  tasks.o
    0x080077a0   0x080077a0   0x000000b4   Code   RO         5467    i.prvAddNewTaskToReadyList  tasks.o
    0x08007854   0x08007854   0x00000048   Code   RO         5468    i.prvCheckTasksWaitingTermination  tasks.o
    0x0800789c   0x0800789c   0x00000050   Code   RO         5469    i.prvDeleteTCB      tasks.o
    0x080078ec   0x080078ec   0x0000007c   Code   RO         6162    i.prvHeapInit       heap_4.o
    0x08007968   0x08007968   0x00000028   Code   RO         5470    i.prvIdleTask       tasks.o
    0x08007990   0x08007990   0x000000b4   Code   RO         5471    i.prvInitialiseNewTask  tasks.o
    0x08007a44   0x08007a44   0x00000068   Code   RO         5472    i.prvInitialiseTaskLists  tasks.o
    0x08007aac   0x08007aac   0x00000068   Code   RO         6163    i.prvInsertBlockIntoFreeList  heap_4.o
    0x08007b14   0x08007b14   0x00000034   Code   RO         5473    i.prvResetNextTaskUnblockTime  tasks.o
    0x08007b48   0x08007b48   0x00000040   Code   RO         6225    i.prvTaskExitError  port.o
    0x08007b88   0x08007b88   0x0000013c   Code   RO         6164    i.pvPortMalloc      heap_4.o
    0x08007cc4   0x08007cc4   0x0000002c   Code   RO         6226    i.pxPortInitialiseStack  port.o
    0x08007cf0   0x08007cf0   0x00000028   Code   RO         5092    i.uxListRemove      list.o
    0x08007d18   0x08007d18   0x00000018   Code   RO         5481    i.vApplicationGetIdleTaskMemory  tasks.o
    0x08007d30   0x08007d30   0x0000001a   Code   RO         5093    i.vListInitialise   list.o
    0x08007d4a   0x08007d4a   0x00000006   Code   RO         5094    i.vListInitialiseItem  list.o
    0x08007d50   0x08007d50   0x00000034   Code   RO         5095    i.vListInsert       list.o
    0x08007d84   0x08007d84   0x00000018   Code   RO         5096    i.vListInsertEnd    list.o
    0x08007d9c   0x08007d9c   0x00000054   Code   RO         6228    i.vPortEnterCritical  port.o
    0x08007df0   0x08007df0   0x0000003c   Code   RO         6229    i.vPortExitCritical  port.o
    0x08007e2c   0x08007e2c   0x00000094   Code   RO         6165    i.vPortFree         heap_4.o
    0x08007ec0   0x08007ec0   0x00000028   Code   RO         6230    i.vPortSetupTimerInterrupt  port.o
    0x08007ee8   0x08007ee8   0x0000005c   Code   RO         5482    i.vTaskDelay        tasks.o
    0x08007f44   0x08007f44   0x000000b0   Code   RO         5495    i.vTaskStartScheduler  tasks.o
    0x08007ff4   0x08007ff4   0x00000010   Code   RO         5497    i.vTaskSuspendAll   tasks.o
    0x08008004   0x08008004   0x0000008c   Code   RO         5498    i.vTaskSwitchContext  tasks.o
    0x08008090   0x08008090   0x00000168   Code   RO         6232    i.xPortStartScheduler  port.o
    0x080081f8   0x080081f8   0x00000064   Code   RO         5500    i.xTaskCreate       tasks.o
    0x0800825c   0x0800825c   0x000000ba   Code   RO         5501    i.xTaskCreateStatic  tasks.o
    0x08008316   0x08008316   0x00000002   PAD
    0x08008318   0x08008318   0x00000148   Code   RO         5508    i.xTaskIncrementTick  tasks.o
    0x08008460   0x08008460   0x00000104   Code   RO         5514    i.xTaskResumeAll    tasks.o
    0x08008564   0x08008564   0x00000018   Code   RO         7152    x$fpl$basic         fz_wm.l(basic.o)
    0x0800857c   0x0800857c   0x00000062   Code   RO         7154    x$fpl$d2f           fz_wm.l(d2f.o)
    0x080085de   0x080085de   0x00000002   PAD
    0x080085e0   0x080085e0   0x00000150   Code   RO         7156    x$fpl$dadd          fz_wm.l(daddsub_clz.o)
    0x08008730   0x08008730   0x00000018   Code   RO         7320    x$fpl$dcmpinf       fz_wm.l(dcmpi.o)
    0x08008748   0x08008748   0x000002b0   Code   RO         7163    x$fpl$ddiv          fz_wm.l(ddiv.o)
    0x080089f8   0x080089f8   0x00000078   Code   RO         7166    x$fpl$deqf          fz_wm.l(deqf.o)
    0x08008a70   0x08008a70   0x0000005e   Code   RO         7168    x$fpl$dfix          fz_wm.l(dfix.o)
    0x08008ace   0x08008ace   0x0000002e   Code   RO         7173    x$fpl$dflt          fz_wm.l(dflt_clz.o)
    0x08008afc   0x08008afc   0x00000026   Code   RO         7172    x$fpl$dfltu         fz_wm.l(dflt_clz.o)
    0x08008b22   0x08008b22   0x00000002   PAD
    0x08008b24   0x08008b24   0x00000078   Code   RO         7178    x$fpl$dleqf         fz_wm.l(dleqf.o)
    0x08008b9c   0x08008b9c   0x00000154   Code   RO         7180    x$fpl$dmul          fz_wm.l(dmul.o)
    0x08008cf0   0x08008cf0   0x0000009c   Code   RO         7322    x$fpl$dnaninf       fz_wm.l(dnaninf.o)
    0x08008d8c   0x08008d8c   0x0000000c   Code   RO         7326    x$fpl$dretinf       fz_wm.l(dretinf.o)
    0x08008d98   0x08008d98   0x0000006c   Code   RO         7182    x$fpl$drleqf        fz_wm.l(drleqf.o)
    0x08008e04   0x08008e04   0x00000016   Code   RO         7157    x$fpl$drsb          fz_wm.l(daddsub_clz.o)
    0x08008e1a   0x08008e1a   0x00000002   PAD
    0x08008e1c   0x08008e1c   0x000001d4   Code   RO         7158    x$fpl$dsub          fz_wm.l(daddsub_clz.o)
    0x08008ff0   0x08008ff0   0x00000056   Code   RO         7184    x$fpl$f2d           fz_wm.l(f2d.o)
    0x08009046   0x08009046   0x0000008c   Code   RO         7328    x$fpl$fnaninf       fz_wm.l(fnaninf.o)
    0x080090d2   0x080090d2   0x0000000a   Code   RO         7403    x$fpl$fpinit        fz_wm.l(fpinit.o)
    0x080090dc   0x080090dc   0x0000000a   Code   RO         7330    x$fpl$fretinf       fz_wm.l(fretinf.o)
    0x080090e6   0x080090e6   0x00000000   Code   RO         7334    x$fpl$usenofp       fz_wm.l(usenofp.o)
    0x080090e6   0x080090e6   0x00000002   PAD
    0x080090e8   0x080090e8   0x000000fc   Data   RO           36    .constdata          freertos.o
    0x080091e4   0x080091e4   0x00000008   Data   RO         2122    .constdata          stm32f4xx_hal_dma.o
    0x080091ec   0x080091ec   0x00000018   Data   RO         4918    .constdata          system_stm32f4xx.o
    0x08009204   0x08009204   0x00000140   Data   RO         7231    .constdata          m_wm.l(powf.o)
    0x08009344   0x08009344   0x00000004   PAD
    0x08009348   0x08009348   0x00000030   Data   RO         7336    .constdata          m_wm.l(cos_i.o)
    0x08009378   0x08009378   0x000000c8   Data   RO         7370    .constdata          m_wm.l(rred.o)
    0x08009440   0x08009440   0x00000028   Data   RO         7374    .constdata          m_wm.l(sin_i.o)
    0x08009468   0x08009468   0x00000069   Data   RO           37    .conststring        freertos.o
    0x080094d1   0x080094d1   0x00000003   PAD
    0x080094d4   0x080094d4   0x00000020   Data   RO         7501    Region$$Table       anon$$obj.o
    0x080094f4   0x080094f4   0x00000004   Data   RO         6315    .init_array         chassis.o
    0x080094f8   0x080094f4   0x00000004   Data   RO         6628    .init_array         flywheel.o
    0x080094fc   0x080094f4   0x00000004   Data   RO         6726    .init_array         gimbal.o
    0x08009500   0x080094f4   0x00000000   Data   RO         7147    .init_array         c_w.l(init_aeabi.o)


    Execution Region RW_IRAM2 (Exec base: 0x10000000, Load base: 0x0800961c, Size: 0x00000000, Max: 0x00010000, ABSOLUTE)

    **** No section assigned to this execution region ****


    Execution Region RW_IRAM1 (Exec base: 0x20000000, Load base: 0x08009500, Size: 0x00004cb0, Max: 0x00030000, ABSOLUTE)

    Exec Addr    Load Addr    Size         Type   Attr      Idx    E Section Name        Object

    0x20000000   0x08009500   0x00000028   Data   RW           38    .data               freertos.o
    0x20000028   0x08009528   0x00000004   Data   RW          641    .data               can.o
    0x2000002c   0x0800952c   0x00000009   Data   RW         2649    .data               stm32f4xx_hal.o
    0x20000035   0x08009535   0x00000003   PAD
    0x20000038   0x08009538   0x00000004   Data   RW         4919    .data               system_stm32f4xx.o
    0x2000003c   0x0800953c   0x0000003c   Data   RW         5517    .data               tasks.o
    0x20000078   0x08009578   0x00000018   Data   RW         6170    .data               heap_4.o
    0x20000090   0x08009590   0x0000000c   Data   RW         6233    .data               port.o
    0x2000009c   0x0800959c   0x00000042   Data   RW         6314    .data               chassis.o
    0x200000de   0x080095de   0x00000002   PAD
    0x200000e0   0x080095e0   0x0000000f   Data   RW         6566    .data               feeder.o
    0x200000ef   0x080095ef   0x00000001   PAD
    0x200000f0   0x080095f0   0x00000010   Data   RW         6627    .data               flywheel.o
    0x20000100   0x08009600   0x00000006   Data   RW         6725    .data               gimbal.o
    0x20000106   0x08009606   0x00000002   PAD
    0x20000108   0x08009608   0x00000011   Data   RW         6834    .data               can_protocol.o
    0x20000119   0x08009619   0x00000003   PAD
    0x2000011c        -       0x00000040   Zero   RW          319    .bss                init.o
    0x2000015c        -       0x00000050   Zero   RW          640    .bss                can.o
    0x200001ac        -       0x00000010   Zero   RW          716    .bss                rng.o
    0x200001bc        -       0x00000020   Zero   RW          761    .bss                rtc.o
    0x200001dc        -       0x00000100   Zero   RW          814    .bss                tim.o
    0x200002dc        -       0x000000e0   Zero   RW          881    .bss                usart.o
    0x200003bc        -       0x00000040   Zero   RW         1150    .bss                stm32f4xx_hal_timebase_tim.o
    0x200003fc        -       0x00000344   Zero   RW         5516    .bss                tasks.o
    0x20000740        -       0x00003c00   Zero   RW         6169    .bss                heap_4.o
    0x20004340        -       0x00000190   Zero   RW         6313    .bss                chassis.o
    0x200044d0        -       0x00000040   Zero   RW         6626    .bss                flywheel.o
    0x20004510        -       0x000000e0   Zero   RW         6724    .bss                gimbal.o
    0x200045f0        -       0x0000001c   Zero   RW         6833    .bss                can_protocol.o
    0x2000460c        -       0x0000003e   Zero   RW         7066    .bss                rc_protocol.o
    0x2000464a   0x08009619   0x00000002   PAD
    0x2000464c        -       0x00000060   Zero   RW         7410    .bss                c_w.l(libspace.o)
    0x200046ac   0x08009619   0x00000004   PAD
    0x200046b0        -       0x00000200   Zero   RW            2    HEAP                startup_stm32f427xx.o
    0x200048b0        -       0x00000400   Zero   RW            1    STACK               startup_stm32f427xx.o


==============================================================================

Image component sizes


      Code (inc. data)   RO Data    RW Data    ZI Data      Debug   Object Name

       492         44          0          4         80       2654   can.o
      1104        134          0         17         28      10580   can_protocol.o
      3142        302          4         66        400     659873   chassis.o
       142          0          0          0          0      25667   cmsis_os.o
         0          0          0          0          0      12024   croutine.o
        56          4          0          0          0        862   dma.o
         0          0          0          0          0      18384   event_groups.o
       138         38          0         15          0       2272   feeder.o
      1380        122          4         16         64      10084   flywheel.o
       694         50        357         40          0     708770   freertos.o
       738        170          4          6        224      10677   gimbal.o
       420         22          0          0          0     753635   gpio.o
       692         62          0         24      15360       7587   heap_4.o
        16          6          0          0         64       2304   init.o
       148          0          0          0          0       3794   list.o
       438         28          0          0          0     719008   main.o
       894         78          0         12          0      11556   port.o
       586         28          0          0         62       6508   rc_protocol.o
        84         18          0          0         16       1663   rng.o
        76         18          0          0         32       1619   rtc.o
        64         26        428          0       1536        880   startup_stm32f427xx.o
       136         24          0          9          0       9158   stm32f4xx_hal.o
      2134          6          0          0          0      15725   stm32f4xx_hal_can.o
       252         22          0          0          0      33910   stm32f4xx_hal_cortex.o
      1220         16          8          0          0       6467   stm32f4xx_hal_dma.o
       570         54          0          0          0       3125   stm32f4xx_hal_gpio.o
        84          6          0          0          0        958   stm32f4xx_hal_msp.o
      1868         94          0          0          0       6589   stm32f4xx_hal_rcc.o
       772         26          0          0          0       1696   stm32f4xx_hal_rcc_ex.o
        52          0          0          0          0       1171   stm32f4xx_hal_rng.o
       336          4          0          0          0       2792   stm32f4xx_hal_rtc.o
      1864         82          0          0          0      15452   stm32f4xx_hal_tim.o
       300         30          0          0          0       3537   stm32f4xx_hal_tim_ex.o
       140         18          0          0         64       1607   stm32f4xx_hal_timebase_tim.o
      2138         12          0          0          0      10347   stm32f4xx_hal_uart.o
       104         28          0          0          0     629168   stm32f4xx_it.o
         0          0          0          0          0        392   stream_buffer.o
        28          4         24          4          0       1291   system_stm32f4xx.o
      2182        280          0         60        836      21965   tasks.o
      1476         82          0          0        256       5531   tim.o
         0          0          0          0          0       2528   timers.o
       292         20          0          0          0       6720   uart_protocol.o
       520         54          0          0        224       2742   usart.o

    ----------------------------------------------------------------------
     27824       2012        864        284      19248    3753272   Object Totals
         0          0         32          0          0          0   (incl. Generated)
        52          0          3         11          2          0   (incl. Padding)

    ----------------------------------------------------------------------

      Code (inc. data)   RO Data    RW Data    ZI Data      Debug   Library Member Name

         8          0          0          0          0         68   __main.o
         0          0          0          0          0          0   __rtentry.o
        12          0          0          0          0          0   __rtentry2.o
         6          0          0          0          0          0   __rtentry4.o
        52          8          0          0          0          0   __scatter.o
        26          0          0          0          0          0   __scatter_copy.o
        28          0          0          0          0          0   __scatter_zi.o
        22          0          0          0          0        100   _rserrno.o
        18          0          0          0          0         80   exit.o
         6          0          0          0          0        152   heapauxi.o
         0          0          0          0          0          0   indicate_semi.o
        36         10          0          0          0         80   init_aeabi.o
         2          0          0          0          0          0   libinit.o
        10          0          0          0          0          0   libinit2.o
         2          0          0          0          0          0   libshutdown.o
         2          0          0          0          0          0   libshutdown2.o
         8          4          0          0         96         68   libspace.o
       238          0          0          0          0        100   lludivv7m.o
         8          4          0          0          0         68   rt_errno_addr_intlibspace.o
        78          0          0          0          0         80   rt_memclr_w.o
       138          0          0          0          0         68   rt_memcpy_v6.o
       100          0          0          0          0         80   rt_memcpy_w.o
         2          0          0          0          0          0   rtexit.o
        10          0          0          0          0          0   rtexit2.o
        12          4          0          0          0         68   sys_exit.o
        74          0          0          0          0         80   sys_stackheap_outer.o
         2          0          0          0          0         68   use_no_semi.o
        24          0          0          0          0        164   basic.o
        98          4          0          0          0        140   d2f.o
       826         16          0          0          0        492   daddsub_clz.o
        24          0          0          0          0        116   dcmpi.o
       688        140          0          0          0        256   ddiv.o
       120          4          0          0          0        140   deqf.o
        94          4          0          0          0        140   dfix.o
        84          0          0          0          0        232   dflt_clz.o
       120          4          0          0          0        140   dleqf.o
       340         12          0          0          0        152   dmul.o
       156          4          0          0          0        140   dnaninf.o
        12          0          0          0          0        116   dretinf.o
       108          0          0          0          0        128   drleqf.o
        86          4          0          0          0        132   f2d.o
       140          4          0          0          0        132   fnaninf.o
        10          0          0          0          0        116   fpinit.o
        10          0          0          0          0        116   fretinf.o
         0          0          0          0          0          0   usenofp.o
       592         90          0          0          0        184   atan2f.o
       200         20          0          0          0        164   cos.o
       368         46         48          0          0        200   cos_i.o
        84         16          0          0          0        372   dunder.o
        44          0          0          0          0        248   fabs.o
        48          0          0          0          0        124   fpclassify.o
        38          0          0          0          0        116   fpclassifyf.o
        74         24          0          0          0        580   funder.o
       248          0          0          0          0        152   poly.o
      1636        110        320          0          0        372   powf.o
      1080        142        200          0          0        188   rred.o
       200         20          0          0          0        164   sin.o
       304         24         40          0          0        208   sin_i.o
        58          0          0          0          0        136   sqrtf.o

    ----------------------------------------------------------------------
      8844        722        612          0        100       7220   Library Totals
        30          4          4          0          4          0   (incl. Padding)

    ----------------------------------------------------------------------

      Code (inc. data)   RO Data    RW Data    ZI Data      Debug   Library Name

       900         30          0          0         96       1160   c_w.l
      2940        196          0          0          0       2852   fz_wm.l
      4974        492        608          0          0       3208   m_wm.l

    ----------------------------------------------------------------------
      8844        722        612          0        100       7220   Library Totals

    ----------------------------------------------------------------------

==============================================================================


      Code (inc. data)   RO Data    RW Data    ZI Data      Debug   

     36668       2734       1476        284      19348    3734072   Grand Totals
     36668       2734       1476        284      19348    3734072   ELF Image Totals
     36668       2734       1476        284          0          0   ROM Totals

==============================================================================

    Total RO  Size (Code + RO Data)                38144 (  37.25kB)
    Total RW  Size (RW Data + ZI Data)             19632 (  19.17kB)
    Total ROM Size (Code + RO Data + RW Data)      38428 (  37.53kB)

==============================================================================

