Component: ARM Compiler 5.06 update 6 (build 750) Tool: armlink [4d35ed]

==============================================================================

Section Cross References

    startup_stm32f427xx.o(STACK) refers (Special) to heapauxi.o(.text) for __use_two_region_memory
    startup_stm32f427xx.o(HEAP) refers (Special) to heapauxi.o(.text) for __use_two_region_memory
    startup_stm32f427xx.o(RESET) refers (Special) to heapauxi.o(.text) for __use_two_region_memory
    startup_stm32f427xx.o(RESET) refers to startup_stm32f427xx.o(STACK) for __initial_sp
    startup_stm32f427xx.o(RESET) refers to startup_stm32f427xx.o(.text) for Reset_Handler
    startup_stm32f427xx.o(RESET) refers to stm32f4xx_it.o(i.NMI_Handler) for NMI_Handler
    startup_stm32f427xx.o(RESET) refers to stm32f4xx_it.o(i.HardFault_Handler) for HardFault_Handler
    startup_stm32f427xx.o(RESET) refers to stm32f4xx_it.o(i.MemManage_Handler) for MemManage_Handler
    startup_stm32f427xx.o(RESET) refers to stm32f4xx_it.o(i.BusFault_Handler) for BusFault_Handler
    startup_stm32f427xx.o(RESET) refers to stm32f4xx_it.o(i.UsageFault_Handler) for UsageFault_Handler
    startup_stm32f427xx.o(RESET) refers to port.o(.emb_text) for SVC_Handler
    startup_stm32f427xx.o(RESET) refers to stm32f4xx_it.o(i.DebugMon_Handler) for DebugMon_Handler
    startup_stm32f427xx.o(RESET) refers to port.o(i.SysTick_Handler) for SysTick_Handler
    startup_stm32f427xx.o(RESET) refers to stm32f4xx_it.o(i.CAN1_TX_IRQHandler) for CAN1_TX_IRQHandler
    startup_stm32f427xx.o(RESET) refers to stm32f4xx_it.o(i.CAN1_RX0_IRQHandler) for CAN1_RX0_IRQHandler
    startup_stm32f427xx.o(RESET) refers to stm32f4xx_it.o(i.TIM7_IRQHandler) for TIM7_IRQHandler
    startup_stm32f427xx.o(.text) refers (Special) to heapauxi.o(.text) for __use_two_region_memory
    startup_stm32f427xx.o(.text) refers to system_stm32f4xx.o(i.SystemInit) for SystemInit
    startup_stm32f427xx.o(.text) refers to __main.o(!!!main) for __main
    startup_stm32f427xx.o(.text) refers to startup_stm32f427xx.o(HEAP) for Heap_Mem
    startup_stm32f427xx.o(.text) refers to startup_stm32f427xx.o(STACK) for Stack_Mem
    freertos.o(i._Z10rcTaskFuncPKv) refers to cmsis_os.o(i.osDelay) for osDelay
    freertos.o(i._Z11canTaskFuncPKv) refers to can_protocol.o(i._ZN7userCAN4taskEv) for userCAN::task()
    freertos.o(i._Z12uartTaskFuncPKv) refers to uart_protocol.o(i._ZN8userUART4taskEv) for userUART::task()
    freertos.o(i._Z14feederTaskFuncPKv) refers to feeder.o(i._ZN6feeder4taskEv) for feeder::task()
    freertos.o(i._Z14gimbalTaskFuncPKv) refers to gimbal.o(i._ZN6gimbal4taskEv) for gimbal::task()
    freertos.o(i._Z14sensorTaskFuncPKv) refers to cmsis_os.o(i.osDelay) for osDelay
    freertos.o(i._Z15chassisTaskFuncPKv) refers to chassis.o(i._ZN7chassis4taskEv) for chassis::task()
    freertos.o(i._Z16MX_FREERTOS_Initv) refers to rt_memcpy_w.o(.text) for __aeabi_memcpy4
    freertos.o(i._Z16MX_FREERTOS_Initv) refers to cmsis_os.o(i.osThreadCreate) for osThreadCreate
    freertos.o(i._Z16MX_FREERTOS_Initv) refers to freertos.o(.constdata) for .constdata
    freertos.o(i._Z16MX_FREERTOS_Initv) refers to freertos.o(.data) for indicatorTaskHandle
    freertos.o(i._Z16flywheelTaskFuncPKv) refers to flywheel.o(i._ZN8flywheel4taskEv) for flywheel::task()
    freertos.o(i._Z17indicatorTaskFuncPKv) refers to stm32f4xx_hal_gpio.o(i.HAL_GPIO_TogglePin) for HAL_GPIO_TogglePin
    freertos.o(i._Z17indicatorTaskFuncPKv) refers to cmsis_os.o(i.osDelay) for osDelay
    freertos.o(i._Z29vApplicationGetIdleTaskMemoryPP11xSTATIC_TCBPPjS2_) refers to freertos.o(.bss) for xIdleTaskTCBBuffer
    freertos.o(.ARM.exidx) refers to freertos.o(i._Z29vApplicationGetIdleTaskMemoryPP11xSTATIC_TCBPPjS2_) for i._Z29vApplicationGetIdleTaskMemoryPP11xSTATIC_TCBPPjS2_
    freertos.o(.ARM.exidx) refers to freertos.o(i._Z16MX_FREERTOS_Initv) for i._Z16MX_FREERTOS_Initv
    freertos.o(.ARM.exidx) refers to freertos.o(i._Z17indicatorTaskFuncPKv) for i._Z17indicatorTaskFuncPKv
    freertos.o(.ARM.exidx) refers to freertos.o(i._Z15chassisTaskFuncPKv) for i._Z15chassisTaskFuncPKv
    freertos.o(.ARM.exidx) refers to freertos.o(i._Z14gimbalTaskFuncPKv) for i._Z14gimbalTaskFuncPKv
    freertos.o(.ARM.exidx) refers to freertos.o(i._Z16flywheelTaskFuncPKv) for i._Z16flywheelTaskFuncPKv
    freertos.o(.ARM.exidx) refers to freertos.o(i._Z14feederTaskFuncPKv) for i._Z14feederTaskFuncPKv
    freertos.o(.ARM.exidx) refers to freertos.o(i._Z10rcTaskFuncPKv) for i._Z10rcTaskFuncPKv
    freertos.o(.ARM.exidx) refers to freertos.o(i._Z14sensorTaskFuncPKv) for i._Z14sensorTaskFuncPKv
    freertos.o(.ARM.exidx) refers to freertos.o(i._Z11canTaskFuncPKv) for i._Z11canTaskFuncPKv
    freertos.o(.ARM.exidx) refers to freertos.o(i._Z12uartTaskFuncPKv) for i._Z12uartTaskFuncPKv
    freertos.o(.constdata) refers to freertos.o(.conststring) for .conststring
    freertos.o(.constdata) refers to freertos.o(i._Z17indicatorTaskFuncPKv) for indicatorTaskFunc(const void*)
[...]
    _initio                                   - Undefined Weak Reference
    _rand_init                                - Undefined Weak Reference
    _signal_finish                            - Undefined Weak Reference
    _signal_init                              - Undefined Weak Reference
    _terminate_alloc                          - Undefined Weak Reference
    _terminate_user_alloc                     - Undefined Weak Reference
    _terminateio                              - Undefined Weak Reference
    __Vectors_Size                           0x000001ac   Number         0  startup_stm32f427xx.o ABSOLUTE
    __Vectors                                0x08000000   Data           4  startup_stm32f427xx.o(RESET)
    __Vectors_End                            0x080001ac   Data           0  startup_stm32f427xx.o(RESET)
    __main                                   0x080001ad   Thumb Code     8  __main.o(!!!main)
    __scatterload                            0x080001b5   Thumb Code     0  __scatter.o(!!!scatter)
    __scatterload_rt2                        0x080001b5   Thumb Code    44  __scatter.o(!!!scatter)
    __scatterload_rt2_thumb_only             0x080001b5   Thumb Code     0  __scatter.o(!!!scatter)
    __scatterload_null                       0x080001c3   Thumb Code     0  __scatter.o(!!!scatter)
    __scatterload_copy                       0x080001e9   Thumb Code    26  __scatter_copy.o(!!handler_copy)
    __scatterload_zeroinit                   0x08000205   Thumb Code    28  __scatter_zi.o(!!handler_zi)
    __rt_lib_init                            0x08000221   Thumb Code     0  libinit.o(.ARM.Collect$$libinit$$00000000)
    __rt_lib_init_fp_1                       0x08000223   Thumb Code     0  libinit2.o(.ARM.Collect$$libinit$$00000001)
    __rt_lib_init_alloca_1                   0x08000227   Thumb Code     0  libinit2.o(.ARM.Collect$$libinit$$0000002E)
    __rt_lib_init_argv_1                     0x08000227   Thumb Code     0  libinit2.o(.ARM.Collect$$libinit$$0000002C)
    __rt_lib_init_atexit_1                   0x08000227   Thumb Code     0  libinit2.o(.ARM.Collect$$libinit$$0000001B)
    __rt_lib_init_clock_1                    0x08000227   Thumb Code     0  libinit2.o(.ARM.Collect$$libinit$$00000021)
    __rt_lib_init_cpp_2                      0x08000227   Thumb Code     0  libinit2.o(.ARM.Collect$$libinit$$00000031)
    __rt_lib_init_exceptions_1               0x08000227   Thumb Code     0  libinit2.o(.ARM.Collect$$libinit$$00000030)
    __rt_lib_init_fp_trap_1                  0x08000227   Thumb Code     0  libinit2.o(.ARM.Collect$$libinit$$0000001F)
    __rt_lib_init_getenv_1                   0x08000227   Thumb Code     0  libinit2.o(.ARM.Collect$$libinit$$00000023)
    __rt_lib_init_heap_1                     0x08000227   Thumb Code     0  libinit2.o(.ARM.Collect$$libinit$$0000000A)
    __rt_lib_init_lc_collate_1               0x08000227   Thumb Code     0  libinit2.o(.ARM.Collect$$libinit$$00000011)
    __rt_lib_init_lc_ctype_1                 0x08000227   Thumb Code     0  libinit2.o(.ARM.Collect$$libinit$$00000013)
    __rt_lib_init_lc_monetary_1              0x08000227   Thumb Code     0  libinit2.o(.ARM.Collect$$libinit$$00000015)
    __rt_lib_init_lc_numeric_1               0x08000227   Thumb Code     0  libinit2.o(.ARM.Collect$$libinit$$00000017)
    __rt_lib_init_lc_time_1                  0x08000227   Thumb Code     0  libinit2.o(.ARM.Collect$$libinit$$00000019)
    __rt_lib_init_preinit_1                  0x08000227   Thumb Code     0  libinit2.o(.ARM.Collect$$libinit$$00000004)
    __rt_lib_init_rand_1                     0x08000227   Thumb Code     0  libinit2.o(.ARM.Collect$$libinit$$0000000E)
    __rt_lib_init_signal_1                   0x08000227   Thumb Code     0  libinit2.o(.ARM.Collect$$libinit$$0000001D)
    __rt_lib_init_stdio_1                    0x08000227   Thumb Code     0  libinit2.o(.ARM.Collect$$libinit$$00000025)
    __rt_lib_init_user_alloc_1               0x08000227   Thumb Code     0  libinit2.o(.ARM.Collect$$libinit$$0000000C)
    __rt_lib_init_cpp_1                      0x0800022b   Thumb Code     0  libinit2.o(.ARM.Collect$$libinit$$00000032)
    __rt_lib_init_return                     0x0800022b   Thumb Code     0  libinit2.o(.ARM.Collect$$libinit$$00000033)
    __rt_lib_shutdown                        0x0800022d   Thumb Code     0  libshutdown.o(.ARM.Collect$$libshutdown$$00000000)
    __rt_lib_shutdown_cpp_1                  0x0800022f   Thumb Code     0  libshutdown2.o(.ARM.Collect$$libshutdown$$00000002)
    __rt_lib_shutdown_fp_trap_1              0x0800022f   Thumb Code     0  libshutdown2.o(.ARM.Collect$$libshutdown$$00000007)
    __rt_lib_shutdown_heap_1                 0x0800022f   Thumb Code     0  libshutdown2.o(.ARM.Collect$$libshutdown$$0000000F)
    __rt_lib_shutdown_return                 0x0800022f   Thumb Code     0  libshutdown2.o(.ARM.Collect$$libshutdown$$00000010)
    __rt_lib_shutdown_signal_1               0x0800022f   Thumb Code     0  libshutdown2.o(.ARM.Collect$$libshutdown$$0000000A)
    __rt_lib_shutdown_stdio_1                0x0800022f   Thumb Code     0  libshutdown2.o(.ARM.Collect$$libshutdown$$00000004)
    __rt_lib_shutdown_user_alloc_1           0x0800022f   Thumb Code     0  libshutdown2.o(.ARM.Collect$$libshutdown$$0000000C)
    __rt_entry                               0x08000231   Thumb Code     0  __rtentry.o(.ARM.Collect$$rtentry$$00000000)
    __rt_entry_presh_1                       0x08000231   Thumb Code     0  __rtentry2.o(.ARM.Collect$$rtentry$$00000002)
    __rt_entry_sh                            0x08000231   Thumb Code     0  __rtentry4.o(.ARM.Collect$$rtentry$$00000004)
    __rt_entry_li                            0x08000237   Thumb Code     0  __rtentry2.o(.ARM.Collect$$rtentry$$0000000A)
    __rt_entry_postsh_1                      0x08000237   Thumb Code     0  __rtentry2.o(.ARM.Collect$$rtentry$$00000009)
    __rt_entry_main                          0x0800023b   Thumb Code     0  __rtentry2.o(.ARM.Collect$$rtentry$$0000000D)
    __rt_entry_postli_1                      0x0800023b   Thumb Code     0  __rtentry2.o(.ARM.Collect$$rtentry$$0000000C)
    __rt_exit                                0x08000243   Thumb Code     0  rtexit.o(.ARM.Collect$$rtexit$$00000000)
    __rt_exit_ls                             0x08000245   Thumb Code     0  rtexit2.o(.ARM.Collect$$rtexit$$00000003)
    __rt_exit_prels_1                        0x08000245   Thumb Code     0  rtexit2.o(.ARM.Collect$$rtexit$$00000002)
    __rt_exit_exit                           0x08000249   Thumb Code     0  rtexit2.o(.ARM.Collect$$rtexit$$00000004)
    SVC_Handler                              0x08000251   Thumb Code    28  port.o(.emb_text)
    __asm___6_port_c_39a90d8d__prvStartFirstTask 0x08000271   Thumb Code    36  port.o(.emb_text)
    __asm___6_port_c_39a90d8d__prvEnableVFP  0x08000299   Thumb Code    16  port.o(.emb_text)
    PendSV_Handler                           0x080002ad   Thumb Code    88  port.o(.emb_text)
    vPortGetIPSR                             0x08000309   Thumb Code     6  port.o(.emb_text)
    Reset_Handler                            0x08000311   Thumb Code     8  startup_stm32f427xx.o(.text)
    ADC_IRQHandler                           0x0800032b   Thumb Code     0  startup_stm32f427xx.o(.text)
    CAN1_RX1_IRQHandler                      0x0800032b   Thumb Code     0  startup_stm32f427xx.o(.text)
    CAN1_SCE_IRQHandler                      0x0800032b   Thumb Code     0  startup_stm32f427xx.o(.text)
    CAN2_RX0_IRQHandler                      0x0800032b   Thumb Code     0  startup_stm32f427xx.o(.text)
    CAN2_RX1_IRQHandler                      0x0800032b   Thumb Code     0  startup_stm32f427xx.o(.text)
    CAN2_SCE_IRQHandler                      0x0800032b   Thumb Code     0  startup_stm32f427xx.o(.text)
    CAN2_TX_IRQHandler                       0x0800032b   Thumb Code     0  startup_stm32f427xx.o(.text)
    DCMI_IRQHandler                          0x0800032b   Thumb Code     0  startup_stm32f427xx.o(.text)
    DMA1_Stream0_IRQHandler                  0x0800032b   Thumb Code     0  startup_stm32f427xx.o(.text)
    DMA1_Stream1_IRQHandler                  0x0800032b   Thumb Code     0  startup_stm32f427xx.o(.text)
    DMA1_Stream2_IRQHandler                  0x0800032b   Thumb Code     0  startup_stm32f427xx.o(.text)
    DMA1_Stream3_IRQHandler                  0x0800032b   Thumb Code     0  startup_stm32f427xx.o(.text)
    DMA1_Stream4_IRQHandler                  0x0800032b   Thumb Code     0  startup_stm32f427xx.o(.text)
    DMA1_Stream5_IRQHandler                  0x0800032b   Thumb Code     0  startup_stm32f427xx.o(.text)
    DMA1_Stream6_IRQHandler                  0x0800032b   Thumb Code     0  startup_stm32f427xx.o(.text)
    DMA1_Stream7_IRQHandler                  0x0800032b   Thumb Code     0  startup_stm32f427xx.o(.text)
    DMA2D_IRQHandler                         0x0800032b   Thumb Code     0  startup_stm32f427xx.o(.text)
    DMA2_Stream0_IRQHandler                  0x0800032b   Thumb Code     0  startup_stm32f427xx.o(.text)
    DMA2_Stream1_IRQHandler                  0x0800032b   Thumb Code     0  startup_stm32f427xx.o(.text)
    DMA2_Stream2_IRQHandler                  0x0800032b   Thumb Code     0  startup_stm32f427xx.o(.text)
    DMA2_Stream3_IRQHandler                  0x0800032b   Thumb Code     0  startup_stm32f427xx.o(.text)
    DMA2_Stream4_IRQHandler                  0x0800032b   Thumb Code     0  startup_stm32f427xx.o(.text)
    DMA2_Stream5_IRQHandler                  0x0800032b   Thumb Code     0  startup_stm32f427xx.o(.text)
    DMA2_Stream6_IRQHandler                  0x0800032b   Thumb Code     0  startup_stm32f427xx.o(.text)
    DMA2_Stream7_IRQHandler                  0x0800032b   Thumb Code     0  startup_stm32f427xx.o(.text)
    ETH_IRQHandler                           0x0800032b   Thumb Code     0  startup_stm32f427xx.o(.text)
    ETH_WKUP_IRQHandler                      0x0800032b   Thumb Code     0  startup_stm32f427xx.o(.text)
    EXTI0_IRQHandler                         0x0800032b   Thumb Code     0  startup_stm32f427xx.o(.text)
    EXTI15_10_IRQHandler                     0x0800032b   Thumb Code     0  startup_stm32f427xx.o(.text)
    EXTI1_IRQHandler                         0x0800032b   Thumb Code     0  startup_stm32f427xx.o(.text)
    EXTI2_IRQHandler                         0x0800032b   Thumb Code     0  startup_stm32f427xx.o(.text)
    EXTI3_IRQHandler                         0x0800032b   Thumb Code     0  startup_stm32f427xx.o(.text)
    EXTI4_IRQHandler                         0x0800032b   Thumb Code     0  startup_stm32f427xx.o(.text)
    EXTI9_5_IRQHandler                       0x0800032b   Thumb Code     0  startup_stm32f427xx.o(.text)
    FLASH_IRQHandler                         0x0800032b   Thumb Code     0  startup_stm32f427xx.o(.text)
    FMC_IRQHandler                           0x0800032b   Thumb Code     0  startup_stm32f427xx.o(.text)
    FPU_IRQHandler                           0x0800032b   Thumb Code     0  startup_stm32f427xx.o(.text)
    HASH_RNG_IRQHandler                      0x0800032b   Thumb Code     0  startup_stm32f427xx.o(.text)
    I2C1_ER_IRQHandler                       0x0800032b   Thumb Code     0  startup_stm32f427xx.o(.text)
    I2C1_EV_IRQHandler                       0x0800032b   Thumb Code     0  startup_stm32f427xx.o(.text)
    I2C2_ER_IRQHandler                       0x0800032b   Thumb Code     0  startup_stm32f427xx.o(.text)
    I2C2_EV_IRQHandler                       0x0800032b   Thumb Code     0  startup_stm32f427xx.o(.text)
    I2C3_ER_IRQHandler                       0x0800032b   Thumb Code     0  startup_stm32f427xx.o(.text)
    I2C3_EV_IRQHandler                       0x0800032b   Thumb Code     0  startup_stm32f427xx.o(.text)
    OTG_FS_IRQHandler                        0x0800032b   Thumb Code     0  startup_stm32f427xx.o(.text)
    OTG_FS_WKUP_IRQHandler                   0x0800032b   Thumb Code     0  startup_stm32f427xx.o(.text)
    OTG_HS_EP1_IN_IRQHandler                 0x0800032b   Thumb Code     0  startup_stm32f427xx.o(.text)
    OTG_HS_EP1_OUT_IRQHandler                0x0800032b   Thumb Code     0  startup_stm32f427xx.o(.text)
    OTG_HS_IRQHandler                        0x0800032b   Thumb Code     0  startup_stm32f427xx.o(.text)
    OTG_HS_WKUP_IRQHandler                   0x0800032b   Thumb Code     0  startup_stm32f427xx.o(.text)
    PVD_IRQHandler                           0x0800032b   Thumb Code     0  startup_stm32f427xx.o(.text)
    RCC_IRQHandler                           0x0800032b   Thumb Code     0  startup_stm32f427xx.o(.text)
    RTC_Alarm_IRQHandler                     0x0800032b   Thumb Code     0  startup_stm32f427xx.o(.text)
    RTC_WKUP_IRQHandler                      0x0800032b   Thumb Code     0  startup_stm32f427xx.o(.text)
    SAI1_IRQHandler                          0x0800032b   Thumb Code     0  startup_stm32f427xx.o(.text)
    SDIO_IRQHandler                          0x0800032b   Thumb Code     0  startup_stm32f427xx.o(.text)
    SPI1_IRQHandler                          0x0800032b   Thumb Code     0  startup_stm32f427xx.o(.text)
    SPI2_IRQHandler                          0x0800032b   Thumb Code     0  startup_stm32f427xx.o(.text)
    SPI3_IRQHandler                          0x0800032b   Thumb Code     0  startup_stm32f427xx.o(.text)
    SPI4_IRQHandler                          0x0800032b   Thumb Code     0  startup_stm32f427xx.o(.text)
    SPI5_IRQHandler                          0x0800032b   Thumb Code     0  startup_stm32f427xx.o(.text)
    SPI6_IRQHandler                          0x0800032b   Thumb Code     0  startup_stm32f427xx.o(.text)
    TAMP_STAMP_IRQHandler                    0x0800032b   Thumb Code     0  startup_stm32f427xx.o(.text)
    TIM1_BRK_TIM9_IRQHandler                 0x0800032b   Thumb Code     0  startup_stm32f427xx.o(.text)
    TIM1_CC_IRQHandler                       0x0800032b   Thumb Code     0  startup_stm32f427xx.o(.text)
    TIM1_TRG_COM_TIM11_IRQHandler            0x0800032b   Thumb Code     0  startup_stm32f427xx.o(.text)
    TIM1_UP_TIM10_IRQHandler                 0x0800032b   Thumb Code     0  startup_stm32f427xx.o(.text)
    TIM2_IRQHandler                          0x0800032b   Thumb Code     0  startup_stm32f427xx.o(.text)
    TIM3_IRQHandler                          0x0800032b   Thumb Code     0  startup_stm32f427xx.o(.text)
    TIM4_IRQHandler                          0x0800032b   Thumb Code     0  startup_stm32f427xx.o(.text)
    TIM5_IRQHandler                          0x0800032b   Thumb Code     0  startup_stm32f427xx.o(.text)
    TIM6_DAC_IRQHandler                      0x0800032b   Thumb Code     0  startup_stm32f427xx.o(.text)
    TIM8_BRK_TIM12_IRQHandler                0x0800032b   Thumb Code     0  startup_stm32f427xx.o(.text)
    TIM8_CC_IRQHandler                       0x0800032b   Thumb Code     0  startup_stm32f427xx.o(.text)
    TIM8_TRG_COM_TIM14_IRQHandler            0x0800032b   Thumb Code     0  startup_stm32f427xx.o(.text)
    TIM8_UP_TIM13_IRQHandler                 0x0800032b   Thumb Code     0  startup_stm32f427xx.o(.text)
    UART4_IRQHandler                         0x0800032b   Thumb Code     0  startup_stm32f427xx.o(.text)
    UART5_IRQHandler                         0x0800032b   Thumb Code     0  startup_stm32f427xx.o(.text)
    UART7_IRQHandler                         0x0800032b   Thumb Code     0  startup_stm32f427xx.o(.text)
    UART8_IRQHandler                         0x0800032b   Thumb Code     0  startup_stm32f427xx.o(.text)
    USART1_IRQHandler                        0x0800032b   Thumb Code     0  startup_stm32f427xx.o(.text)
    USART2_IRQHandler                        0x0800032b   Thumb Code     0  startup_stm32f427xx.o(.text)
    USART3_IRQHandler                        0x0800032b   Thumb Code     0  startup_stm32f427xx.o(.text)
    USART6_IRQHandler                        0x0800032b   Thumb Code     0  startup_stm32f427xx.o(.text)
    WWDG_IRQHandler                          0x0800032b   Thumb Code     0  startup_stm32f427xx.o(.text)
    __user_initial_stackheap                 0x0800032d   Thumb Code     0  startup_stm32f427xx.o(.text)
    __aeabi_uldivmod                         0x08000351   Thumb Code     0  lludivv7m.o(.text)
    _ll_udiv                                 0x08000351   Thumb Code   238  lludivv7m.o(.text)
    __aeabi_memcpy4                          0x0800043f   Thumb Code     0  rt_memcpy_w.o(.text)
    __aeabi_memcpy8                          0x0800043f   Thumb Code     0  rt_memcpy_w.o(.text)
    __rt_memcpy_w                            0x0800043f   Thumb Code   100  rt_memcpy_w.o(.text)
    _memcpy_lastbytes_aligned                0x08000487   Thumb Code     0  rt_memcpy_w.o(.text)
    __aeabi_memclr4                          0x080004a3   Thumb Code     0  rt_memclr_w.o(.text)
    __aeabi_memclr8                          0x080004a3   Thumb Code     0  rt_memclr_w.o(.text)
    __rt_memclr_w                            0x080004a3   Thumb Code    78  rt_memclr_w.o(.text)
    _memset_w                                0x080004a7   Thumb Code     0  rt_memclr_w.o(.text)
    __use_two_region_memory                  0x080004f1   Thumb Code     2  heapauxi.o(.text)
    __rt_heap_escrow$2region                 0x080004f3   Thumb Code     2  heapauxi.o(.text)
    __rt_heap_expand$2region                 0x080004f5   Thumb Code     2  heapauxi.o(.text)
    __cpp_initialize__aeabi_                 0x080004f9   Thumb Code    26  init_aeabi.o(.text)
    __read_errno                             0x0800051d   Thumb Code    10  _rserrno.o(.text)
    __set_errno                              0x08000527   Thumb Code    12  _rserrno.o(.text)
    __aeabi_errno_addr                       0x08000535   Thumb Code     8  rt_errno_addr_intlibspace.o(.text)
    __errno$intlibspace                      0x08000535   Thumb Code     0  rt_errno_addr_intlibspace.o(.text)
    __rt_errno_addr$intlibspace              0x08000535   Thumb Code     0  rt_errno_addr_intlibspace.o(.text)
    __user_libspace                          0x0800053d   Thumb Code     8  libspace.o(.text)
    __user_perproc_libspace                  0x0800053d   Thumb Code     0  libspace.o(.text)
    __user_perthread_libspace                0x0800053d   Thumb Code     0  libspace.o(.text)
    __user_setup_stackheap                   0x08000545   Thumb Code    74  sys_stackheap_outer.o(.text)
    exit                                     0x0800058f   Thumb Code    18  exit.o(.text)
    _sys_exit                                0x080005a1   Thumb Code     8  sys_exit.o(.text)
    __I$use$semihosting                      0x080005ad   Thumb Code     0  use_no_semi.o(.text)
    __use_no_semihosting_swi                 0x080005ad   Thumb Code     2  use_no_semi.o(.text)
    BusFault_Handler                         0x080005af   Thumb Code     4  stm32f4xx_it.o(i.BusFault_Handler)
    __semihosting_library_function           0x080005af   Thumb Code     0  indicate_semi.o(.text)
    CAN1_RX0_IRQHandler                      0x080005b5   Thumb Code    10  stm32f4xx_it.o(i.CAN1_RX0_IRQHandler)
    CAN1_TX_IRQHandler                       0x080005c5   Thumb Code    10  stm32f4xx_it.o(i.CAN1_TX_IRQHandler)
    DebugMon_Handler                         0x080005d5   Thumb Code     2  stm32f4xx_it.o(i.DebugMon_Handler)
    Error_Handler                            0x080005d7   Thumb Code     2  main.o(i.Error_Handler)
    HAL_CAN_AddTxMessage                     0x080005d9   Thumb Code   342  stm32f4xx_hal_can.o(i.HAL_CAN_AddTxMessage)
    HAL_CAN_ConfigFilter                     0x08000731   Thumb Code   286  stm32f4xx_hal_can.o(i.HAL_CAN_ConfigFilter)
    HAL_CAN_ErrorCallback                    0x08000855   Thumb Code     2  stm32f4xx_hal_can.o(i.HAL_CAN_ErrorCallback)
    HAL_CAN_GetRxFifoFillLevel               0x08000857   Thumb Code    40  stm32f4xx_hal_can.o(i.HAL_CAN_GetRxFifoFillLevel)
    HAL_CAN_GetRxMessage                     0x0800087f   Thumb Code   378  stm32f4xx_hal_can.o(i.HAL_CAN_GetRxMessage)
    HAL_CAN_IRQHandler                       0x080009f9   Thumb Code   590  stm32f4xx_hal_can.o(i.HAL_CAN_IRQHandler)
    HAL_CAN_Init                             0x08000c47   Thumb Code   372  stm32f4xx_hal_can.o(i.HAL_CAN_Init)
    HAL_CAN_MspInit                          0x08000dbd   Thumb Code   328  can.o(i.HAL_CAN_MspInit)
    HAL_CAN_RxFifo0FullCallback              0x08000f1d   Thumb Code     2  stm32f4xx_hal_can.o(i.HAL_CAN_RxFifo0FullCallback)
    HAL_CAN_RxFifo0MsgPendingCallback        0x08000f1f   Thumb Code     2  stm32f4xx_hal_can.o(i.HAL_CAN_RxFifo0MsgPendingCallback)
    HAL_CAN_RxFifo1FullCallback              0x08000f21   Thumb Code     2  stm32f4xx_hal_can.o(i.HAL_CAN_RxFifo1FullCallback)
    HAL_CAN_RxFifo1MsgPendingCallback        0x08000f23   Thumb Code     2  stm32f4xx_hal_can.o(i.HAL_CAN_RxFifo1MsgPendingCallback)
    HAL_CAN_SleepCallback                    0x08000f25   Thumb Code     2  stm32f4xx_hal_can.o(i.HAL_CAN_SleepCallback)
    HAL_CAN_Start                            0x08000f27   Thumb Code    94  stm32f4xx_hal_can.o(i.HAL_CAN_Start)
    HAL_CAN_TxMailbox0AbortCallback          0x08000f85   Thumb Code     2  stm32f4xx_hal_can.o(i.HAL_CAN_TxMailbox0AbortCallback)
    HAL_CAN_TxMailbox0CompleteCallback       0x08000f87   Thumb Code     2  stm32f4xx_hal_can.o(i.HAL_CAN_TxMailbox0CompleteCallback)
    HAL_CAN_TxMailbox1AbortCallback          0x08000f89   Thumb Code     2  stm32f4xx_hal_can.o(i.HAL_CAN_TxMailbox1AbortCallback)
    HAL_CAN_TxMailbox1CompleteCallback       0x08000f8b   Thumb Code     2  stm32f4xx_hal_can.o(i.HAL_CAN_TxMailbox1CompleteCallback)
    HAL_CAN_TxMailbox2AbortCallback          0x08000f8d   Thumb Code     2  stm32f4xx_hal_can.o(i.HAL_CAN_TxMailbox2AbortCallback)
    HAL_CAN_TxMailbox2CompleteCallback       0x08000f8f   Thumb Code     2  stm32f4xx_hal_can.o(i.HAL_CAN_TxMailbox2CompleteCallback)
    HAL_CAN_WakeUpFromRxMsgCallback          0x08000f91   Thumb Code     2  stm32f4xx_hal_can.o(i.HAL_CAN_WakeUpFromRxMsgCallback)
    HAL_Delay                                0x08000f95   Thumb Code    36  stm32f4xx_hal.o(i.HAL_Delay)
    HAL_GPIO_Init                            0x08000fbd   Thumb Code   486  stm32f4xx_hal_gpio.o(i.HAL_GPIO_Init)
    HAL_GPIO_TogglePin                       0x080011d9   Thumb Code    18  stm32f4xx_hal_gpio.o(i.HAL_GPIO_TogglePin)
    HAL_GPIO_WritePin                        0x080011eb   Thumb Code    12  stm32f4xx_hal_gpio.o(i.HAL_GPIO_WritePin)
    HAL_GetTick                              0x080011f9   Thumb Code     6  stm32f4xx_hal.o(i.HAL_GetTick)
    HAL_IncTick                              0x08001205   Thumb Code    16  stm32f4xx_hal.o(i.HAL_IncTick)
    HAL_Init                                 0x0800121d   Thumb Code    54  stm32f4xx_hal.o(i.HAL_Init)
    HAL_InitTick                             0x08001259   Thumb Code   122  stm32f4xx_hal_timebase_tim.o(i.HAL_InitTick)
    HAL_MspInit                              0x080012e5   Thumb Code    78  stm32f4xx_hal_msp.o(i.HAL_MspInit)
    HAL_NVIC_EnableIRQ                       0x08001339   Thumb Code    40  stm32f4xx_hal_cortex.o(i.HAL_NVIC_EnableIRQ)
    HAL_NVIC_SetPriority                     0x08001361   Thumb Code   124  stm32f4xx_hal_cortex.o(i.HAL_NVIC_SetPriority)
    HAL_NVIC_SetPriorityGrouping             0x080013dd   Thumb Code    32  stm32f4xx_hal_cortex.o(i.HAL_NVIC_SetPriorityGrouping)
    HAL_RCCEx_PeriphCLKConfig                0x08001405   Thumb Code   746  stm32f4xx_hal_rcc_ex.o(i.HAL_RCCEx_PeriphCLKConfig)
    HAL_RCC_ClockConfig                      0x08001709   Thumb Code   368  stm32f4xx_hal_rcc.o(i.HAL_RCC_ClockConfig)
    HAL_RCC_GetClockConfig                   0x0800188d   Thumb Code    58  stm32f4xx_hal_rcc.o(i.HAL_RCC_GetClockConfig)
    HAL_RCC_GetHCLKFreq                      0x080018d1   Thumb Code     6  stm32f4xx_hal_rcc.o(i.HAL_RCC_GetHCLKFreq)
    HAL_RCC_GetPCLK1Freq                     0x080018dd   Thumb Code    22  stm32f4xx_hal_rcc.o(i.HAL_RCC_GetPCLK1Freq)
    HAL_RCC_GetPCLK2Freq                     0x080018fd   Thumb Code    22  stm32f4xx_hal_rcc.o(i.HAL_RCC_GetPCLK2Freq)
    HAL_RCC_GetSysClockFreq                  0x0800191d   Thumb Code   162  stm32f4xx_hal_rcc.o(i.HAL_RCC_GetSysClockFreq)
    HAL_RCC_OscConfig                        0x080019cd   Thumb Code  1152  stm32f4xx_hal_rcc.o(i.HAL_RCC_OscConfig)
    HAL_RNG_Init                             0x08001e55   Thumb Code    52  stm32f4xx_hal_rng.o(i.HAL_RNG_Init)
    HAL_RNG_MspInit                          0x08001e89   Thumb Code    44  rng.o(i.HAL_RNG_MspInit)
    HAL_RTC_Init                             0x08001ebd   Thumb Code   212  stm32f4xx_hal_rtc.o(i.HAL_RTC_Init)
    HAL_RTC_MspInit                          0x08001f95   Thumb Code    16  rtc.o(i.HAL_RTC_MspInit)
    HAL_RTC_WaitForSynchro                   0x08001fad   Thumb Code    58  stm32f4xx_hal_rtc.o(i.HAL_RTC_WaitForSynchro)
    HAL_TIMEx_BreakCallback                  0x08001fe7   Thumb Code     2  stm32f4xx_hal_tim_ex.o(i.HAL_TIMEx_BreakCallback)
    HAL_TIMEx_CommutCallback                 0x08001fe9   Thumb Code     2  stm32f4xx_hal_tim_ex.o(i.HAL_TIMEx_CommutCallback)
    HAL_TIMEx_ConfigBreakDeadTime            0x08001feb   Thumb Code   116  stm32f4xx_hal_tim_ex.o(i.HAL_TIMEx_ConfigBreakDeadTime)
    HAL_TIMEx_MasterConfigSynchronization    0x08002061   Thumb Code   150  stm32f4xx_hal_tim_ex.o(i.HAL_TIMEx_MasterConfigSynchronization)
    HAL_TIM_Base_Init                        0x08002115   Thumb Code    52  stm32f4xx_hal_tim.o(i.HAL_TIM_Base_Init)
    HAL_TIM_Base_MspInit                     0x08002149   Thumb Code   168  tim.o(i.HAL_TIM_Base_MspInit)
    HAL_TIM_Base_Start_IT                    0x08002201   Thumb Code    42  stm32f4xx_hal_tim.o(i.HAL_TIM_Base_Start_IT)
    HAL_TIM_ConfigClockSource                0x0800222b   Thumb Code   264  stm32f4xx_hal_tim.o(i.HAL_TIM_ConfigClockSource)
    HAL_TIM_IC_CaptureCallback               0x08002333   Thumb Code     2  stm32f4xx_hal_tim.o(i.HAL_TIM_IC_CaptureCallback)
    HAL_TIM_IRQHandler                       0x08002335   Thumb Code   406  stm32f4xx_hal_tim.o(i.HAL_TIM_IRQHandler)
    HAL_TIM_MspPostInit                      0x080024cd   Thumb Code   348  tim.o(i.HAL_TIM_MspPostInit)
    HAL_TIM_OC_DelayElapsedCallback          0x08002649   Thumb Code     2  stm32f4xx_hal_tim.o(i.HAL_TIM_OC_DelayElapsedCallback)
    HAL_TIM_PWM_ConfigChannel                0x0800264b   Thumb Code   264  stm32f4xx_hal_tim.o(i.HAL_TIM_PWM_ConfigChannel)
    HAL_TIM_PWM_Init                         0x08002753   Thumb Code    52  stm32f4xx_hal_tim.o(i.HAL_TIM_PWM_Init)
    HAL_TIM_PWM_MspInit                      0x08002787   Thumb Code     2  stm32f4xx_hal_tim.o(i.HAL_TIM_PWM_MspInit)
    HAL_TIM_PWM_PulseFinishedCallback        0x08002789   Thumb Code     2  stm32f4xx_hal_tim.o(i.HAL_TIM_PWM_PulseFinishedCallback)
    HAL_TIM_PeriodElapsedCallback            0x0800278d   Thumb Code    18  main.o(i.HAL_TIM_PeriodElapsedCallback)
    HAL_TIM_TriggerCallback                  0x080027a5   Thumb Code     2  stm32f4xx_hal_tim.o(i.HAL_TIM_TriggerCallback)
    HAL_UART_Init                            0x080027a7   Thumb Code   114  stm32f4xx_hal_uart.o(i.HAL_UART_Init)
    HAL_UART_MspInit                         0x08002819   Thumb Code   124  usart.o(i.HAL_UART_MspInit)
    HAL_UART_Transmit                        0x080028a1   Thumb Code   216  stm32f4xx_hal_uart.o(i.HAL_UART_Transmit)
    HardFault_Handler                        0x08002979   Thumb Code     4  stm32f4xx_it.o(i.HardFault_Handler)
    MX_CAN1_Init                             0x0800297d   Thumb Code    62  can.o(i.MX_CAN1_Init)
    MX_CAN2_Init                             0x080029c5   Thumb Code    58  can.o(i.MX_CAN2_Init)
    MX_GPIO_Init                             0x08002a09   Thumb Code   398  gpio.o(i.MX_GPIO_Init)
    MX_RNG_Init                              0x08002bad   Thumb Code    22  rng.o(i.MX_RNG_Init)
    MX_RTC_Init                              0x08002bcd   Thumb Code    42  rtc.o(i.MX_RTC_Init)
    MX_TIM2_Init                             0x08002c01   Thumb Code   208  tim.o(i.MX_TIM2_Init)
    MX_TIM4_Init                             0x08002cd5   Thumb Code   206  tim.o(i.MX_TIM4_Init)
    MX_TIM5_Init                             0x08002dad   Thumb Code   206  tim.o(i.MX_TIM5_Init)
    MX_TIM8_Init                             0x08002e85   Thumb Code   258  tim.o(i.MX_TIM8_Init)
    MX_USART6_UART_Init                      0x08002f91   Thumb Code    46  usart.o(i.MX_USART6_UART_Init)
    MemManage_Handler                        0x08002fc9   Thumb Code     4  stm32f4xx_it.o(i.MemManage_Handler)
    NMI_Handler                              0x08002fcd   Thumb Code     2  stm32f4xx_it.o(i.NMI_Handler)
    RTC_EnterInitMode                        0x08002fcf   Thumb Code    62  stm32f4xx_hal_rtc.o(i.RTC_EnterInitMode)
    SysTick_Handler                          0x0800300d   Thumb Code    46  port.o(i.SysTick_Handler)
    SystemInit                               0x08003041   Thumb Code    24  system_stm32f4xx.o(i.SystemInit)
    TIM7_IRQHandler                          0x0800305d   Thumb Code    10  stm32f4xx_it.o(i.TIM7_IRQHandler)
    TIM_Base_SetConfig                       0x0800306d   Thumb Code   170  stm32f4xx_hal_tim.o(i.TIM_Base_SetConfig)
    TIM_ETR_SetConfig                        0x08003145   Thumb Code    22  stm32f4xx_hal_tim.o(i.TIM_ETR_SetConfig)
    TIM_OC2_SetConfig                        0x0800315d   Thumb Code   114  stm32f4xx_hal_tim.o(i.TIM_OC2_SetConfig)
    UsageFault_Handler                       0x080031d9   Thumb Code     4  stm32f4xx_it.o(i.UsageFault_Handler)
    rcTaskFunc(const void*)                  0x080031dd   Thumb Code    10  freertos.o(i._Z10rcTaskFuncPKv)
    canTaskFunc(const void*)                 0x080031e7   Thumb Code    10  freertos.o(i._Z11canTaskFuncPKv)
    uartTaskFunc(const void*)                0x080031f1   Thumb Code    10  freertos.o(i._Z12uartTaskFuncPKv)
    feederTaskFunc(const void*)              0x080031fb   Thumb Code    10  freertos.o(i._Z14feederTaskFuncPKv)
    gimbalTaskFunc(const void*)              0x08003205   Thumb Code    10  freertos.o(i._Z14gimbalTaskFuncPKv)
    sensorTaskFunc(const void*)              0x0800320f   Thumb Code    10  freertos.o(i._Z14sensorTaskFuncPKv)
    chassisTaskFunc(const void*)             0x08003219   Thumb Code    10  freertos.o(i._Z15chassisTaskFuncPKv)
    MX_FREERTOS_Init()                       0x08003225   Thumb Code   222  freertos.o(i._Z16MX_FREERTOS_Initv)
    flywheelTaskFunc(const void*)            0x0800332d   Thumb Code    10  freertos.o(i._Z16flywheelTaskFuncPKv)
    indicatorTaskFunc(const void*)           0x08003339   Thumb Code   326  freertos.o(i._Z17indicatorTaskFuncPKv)
    SystemClock_Config()                     0x08003485   Thumb Code   204  main.o(i._Z18SystemClock_Configv)
    pidInstance::loop(double)                0x08003559   Thumb Code   396  chassis.o(i._ZN11pidInstance4loopEd)
    pidInstance::setTarget(double)           0x080036ed   Thumb Code     6  gimbal.o(i._ZN11pidInstance9setTargetEd)
    pidInstance::pidInstance(pidType, double, double, double) 0x080036f5   Thumb Code    24  gimbal.o(i._ZN11pidInstanceC1E7pidTypeddd)
    pidInstance::pidInstance__sub_object(pidType, double, double, double) 0x080036f5   Thumb Code     0  gimbal.o(i._ZN11pidInstanceC1E7pidTypeddd)
    Motor::getPower()                        0x08003d65   Thumb Code     6  can_protocol.o(i._ZN5Motor8getPowerEv)
    Motor::setPower(double)                  0x08003d6b   Thumb Code   104  chassis.o(i._ZN5Motor8setPowerEd)
    feeder::act()                            0x08003dd5   Thumb Code    40  feeder.o(i._ZN6feeder3actEv)
    feeder::task()                           0x08003e09   Thumb Code    18  feeder.o(i._ZN6feeder4taskEv)
    feeder::update()                         0x08003e1d   Thumb Code    42  feeder.o(i._ZN6feeder6updateEv)
    gimbal::gimbalMotor::setCurrAngle(double) 0x08003e5d   Thumb Code    58  gimbal.o(i._ZN6gimbal11gimbalMotor12setCurrAngleEd)
    gimbal::gimbalMotor::gimbalMotor(short, pidInstance&) 0x08003ea9   Thumb Code    32  gimbal.o(i._ZN6gimbal11gimbalMotorC1EsR11pidInstance)
    gimbal::gimbalMotor::gimbalMotor__sub_object(short, pidInstance&) 0x08003ea9   Thumb Code     0  gimbal.o(i._ZN6gimbal11gimbalMotorC1EsR11pidInstance)
    gimbal::calculateAngleError(double, double) 0x08003ed1   Thumb Code   200  gimbal.o(i._ZN6gimbal19calculateAngleErrorEdd)
    gimbal::act()                            0x08003fa9   Thumb Code   152  gimbal.o(i._ZN6gimbal3actEv)
    gimbal::task()                           0x0800405d   Thumb Code    18  gimbal.o(i._ZN6gimbal4taskEv)
    gimbal::update()                         0x08004071   Thumb Code   102  gimbal.o(i._ZN6gimbal6updateEv)
    gimbal::fixAngle(double)                 0x080040f5   Thumb Code    92  gimbal.o(i._ZN6gimbal8fixAngleEd)
    chassis::chassisMotor::chassisMotor(short, pidInstance&) 0x08004161   Thumb Code    32  chassis.o(i._ZN7chassis12chassisMotorC1EsR11pidInstance)
    chassis::chassisMotor::chassisMotor__sub_object(short, pidInstance&) 0x08004161   Thumb Code     0  chassis.o(i._ZN7chassis12chassisMotorC1EsR11pidInstance)
    chassis::act()                           0x08004189   Thumb Code   230  chassis.o(i._ZN7chassis3actEv)
    chassis::task()                          0x08004299   Thumb Code    18  chassis.o(i._ZN7chassis4taskEv)
    chassis::update()                        0x080042ad   Thumb Code    20  chassis.o(i._ZN7chassis6updateEv)
    userCAN::deviceInit(userCAN::device_t*)  0x080042d1   Thumb Code    42  can_protocol.o(i._ZN7userCAN10deviceInitEPNS_8device_tE)
    userCAN::getMessage(__CAN_HandleTypeDef*) 0x08004305   Thumb Code   180  can_protocol.o(i._ZN7userCAN10getMessageEP19__CAN_HandleTypeDef)
    userCAN::canFilterInit()                 0x080043e5   Thumb Code    72  can_protocol.o(i._ZN7userCAN13canFilterInitEv)
    userCAN::motor_ControlChassis(float, float, float, float, __CAN_HandleTypeDef) 0x08004435   Thumb Code   224  can_protocol.o(i._ZN7userCAN20motor_ControlChassisEffff19__CAN_HandleTypeDef)
    userCAN::motor_ControlGimbFeed(float, float, float, __CAN_HandleTypeDef) 0x0800451d   Thumb Code   184  can_protocol.o(i._ZN7userCAN21motor_ControlGimbFeedEfff19__CAN_HandleTypeDef)
    userCAN::send()                          0x080045e1   Thumb Code   200  can_protocol.o(i._ZN7userCAN4sendEv)
    userCAN::task()                          0x080046cd   Thumb Code    22  can_protocol.o(i._ZN7userCAN4taskEv)
    userCAN::receive()                       0x080046e5   Thumb Code    20  can_protocol.o(i._ZN7userCAN7receiveEv)
    canMotor::getFeedback()                  0x080046fd   Thumb Code     8  can_protocol.o(i._ZN8canMotor11getFeedbackEv)
    flywheel::act()                          0x08004705   Thumb Code    20  flywheel.o(i._ZN8flywheel3actEv)
    flywheel::task()                         0x0800471d   Thumb Code    18  flywheel.o(i._ZN8flywheel4taskEv)
    flywheel::update()                       0x08004731   Thumb Code     8  flywheel.o(i._ZN8flywheel6updateEv)
    userInit::canInit()                      0x0800473d   Thumb Code    10  init.o(i._ZN8userInit7canInitEv)
    userUART::motorfeedbackOut(__UART_HandleTypeDef*, userCAN::motorFeedback_t*) 0x0800474d   Thumb Code   112  uart_protocol.o(i._ZN8userUART16motorfeedbackOutEP20__UART_HandleTypeDefPN7userCAN15motorFeedback_tE)
    userUART::send()                         0x080047c1   Thumb Code    18  uart_protocol.o(i._ZN8userUART4sendEv)
    userUART::task()                         0x080047dd   Thumb Code    18  uart_protocol.o(i._ZN8userUART4taskEv)
    userUART::receive()                      0x080047ef   Thumb Code     2  uart_protocol.o(i._ZN8userUART7receiveEv)
    __hardfp_fabs                            0x080047f1   Thumb Code    20  fabs.o(i.__hardfp_fabs)
    __hardfp_fmod                            0x08004805   Thumb Code   254  fmod.o(i.__hardfp_fmod)
    __mathlib_dbl_invalid                    0x08004909   Thumb Code    24  dunder.o(i.__mathlib_dbl_invalid)
    main                                     0x08004a41   Thumb Code   178  main.o(i.main)
    osDelay                                  0x08004b0f   Thumb Code    24  cmsis_os.o(i.osDelay)
    osKernelStart                            0x08004b27   Thumb Code    10  cmsis_os.o(i.osKernelStart)
    osThreadCreate                           0x08004b31   Thumb Code    94  cmsis_os.o(i.osThreadCreate)
    pvPortMalloc                             0x08005011   Thumb Code   296  heap_4.o(i.pvPortMalloc)
    pxPortInitialiseStack                    0x0800514d   Thumb Code    38  port.o(i.pxPortInitialiseStack)
    uxListRemove                             0x08005179   Thumb Code    40  list.o(i.uxListRemove)
    vApplicationGetIdleTaskMemory            0x080051a1   Thumb Code    14  tasks.o(i.vApplicationGetIdleTaskMemory)
    vListInitialise                          0x080051b9   Thumb Code    26  list.o(i.vListInitialise)
    vListInitialiseItem                      0x080051d3   Thumb Code     6  list.o(i.vListInitialiseItem)
    vListInsert                              0x080051d9   Thumb Code    52  list.o(i.vListInsert)
    vListInsertEnd                           0x0800520d   Thumb Code    24  list.o(i.vListInsertEnd)
    vPortEnterCritical                       0x08005225   Thumb Code    76  port.o(i.vPortEnterCritical)
    vPortExitCritical                        0x08005279   Thumb Code    56  port.o(i.vPortExitCritical)
    vPortFree                                0x080052b5   Thumb Code   140  heap_4.o(i.vPortFree)
    vPortSetupTimerInterrupt                 0x08005349   Thumb Code    36  port.o(i.vPortSetupTimerInterrupt)
    vTaskDelay                               0x08005371   Thumb Code    82  tasks.o(i.vTaskDelay)
    vTaskStartScheduler                      0x080053cd   Thumb Code   146  tasks.o(i.vTaskStartScheduler)
    vTaskSuspendAll                          0x0800547d   Thumb Code    12  tasks.o(i.vTaskSuspendAll)
    vTaskSwitchContext                       0x0800548d   Thumb Code   118  tasks.o(i.vTaskSwitchContext)
    xPortStartScheduler                      0x08005519   Thumb Code   330  port.o(i.xPortStartScheduler)
    xTaskCreate                              0x08005681   Thumb Code   100  tasks.o(i.xTaskCreate)
    xTaskCreateStatic                        0x080056e5   Thumb Code   186  tasks.o(i.xTaskCreateStatic)
    xTaskIncrementTick                       0x080057a1   Thumb Code   282  tasks.o(i.xTaskIncrementTick)
    xTaskResumeAll                           0x080058e9   Thumb Code   224  tasks.o(i.xTaskResumeAll)
    __aeabi_dneg                             0x080059ed   Thumb Code     0  basic.o(x$fpl$basic)
    _dneg                                    0x080059ed   Thumb Code     6  basic.o(x$fpl$basic)
    __aeabi_fneg                             0x080059f3   Thumb Code     0  basic.o(x$fpl$basic)
    _fneg                                    0x080059f3   Thumb Code     6  basic.o(x$fpl$basic)
    _dabs                                    0x080059f9   Thumb Code     6  basic.o(x$fpl$basic)
    _fabs                                    0x080059ff   Thumb Code     6  basic.o(x$fpl$basic)
    __aeabi_d2f                              0x08005a05   Thumb Code     0  d2f.o(x$fpl$d2f)
    _d2f                                     0x08005a05   Thumb Code    98  d2f.o(x$fpl$d2f)
    __aeabi_dadd                             0x08005a69   Thumb Code     0  daddsub_clz.o(x$fpl$dadd)
    _dadd                                    0x08005a69   Thumb Code   332  daddsub_clz.o(x$fpl$dadd)
    __fpl_dcmp_Inf                           0x08005bb9   Thumb Code    24  dcmpi.o(x$fpl$dcmpinf)
    __aeabi_ddiv                             0x08005bd1   Thumb Code     0  ddiv.o(x$fpl$ddiv)
    _ddiv                                    0x08005bd1   Thumb Code   552  ddiv.o(x$fpl$ddiv)
    __aeabi_cdcmpeq                          0x08005e81   Thumb Code     0  deqf.o(x$fpl$deqf)
    _dcmpeq                                  0x08005e81   Thumb Code   120  deqf.o(x$fpl$deqf)
    __aeabi_i2d                              0x08005ef9   Thumb Code     0  dflt_clz.o(x$fpl$dflt)
    _dflt                                    0x08005ef9   Thumb Code    46  dflt_clz.o(x$fpl$dflt)
    __aeabi_ui2d                             0x08005f27   Thumb Code     0  dflt_clz.o(x$fpl$dfltu)
    _dfltu                                   0x08005f27   Thumb Code    38  dflt_clz.o(x$fpl$dfltu)
    __aeabi_cdcmple                          0x08005f4d   Thumb Code     0  dleqf.o(x$fpl$dleqf)
    _dcmple                                  0x08005f4d   Thumb Code   120  dleqf.o(x$fpl$dleqf)
    __fpl_dcmple_InfNaN                      0x08005faf   Thumb Code     0  dleqf.o(x$fpl$dleqf)
    __aeabi_dmul                             0x08005fc5   Thumb Code     0  dmul.o(x$fpl$dmul)
    _dmul                                    0x08005fc5   Thumb Code   332  dmul.o(x$fpl$dmul)
    __fpl_dnaninf                            0x08006119   Thumb Code   156  dnaninf.o(x$fpl$dnaninf)
    _drem                                    0x080061b5   Thumb Code   328  drem_clz.o(x$fpl$drem)
    __fpl_dretinf                            0x08006305   Thumb Code    12  dretinf.o(x$fpl$dretinf)
    __aeabi_cdrcmple                         0x08006311   Thumb Code     0  drleqf.o(x$fpl$drleqf)
    _drcmple                                 0x08006311   Thumb Code   108  drleqf.o(x$fpl$drleqf)
    __aeabi_drsub                            0x0800637d   Thumb Code     0  daddsub_clz.o(x$fpl$drsb)
    _drsb                                    0x0800637d   Thumb Code    22  daddsub_clz.o(x$fpl$drsb)
    __aeabi_dsub                             0x08006395   Thumb Code     0  daddsub_clz.o(x$fpl$dsub)
    _dsub                                    0x08006395   Thumb Code   464  daddsub_clz.o(x$fpl$dsub)
    __aeabi_f2d                              0x08006569   Thumb Code     0  f2d.o(x$fpl$f2d)
    _f2d                                     0x08006569   Thumb Code    86  f2d.o(x$fpl$f2d)
    __fpl_fnaninf                            0x080065bf   Thumb Code   140  fnaninf.o(x$fpl$fnaninf)
    _fp_init                                 0x0800664b   Thumb Code    10  fpinit.o(x$fpl$fpinit)
    __fplib_config_fpu_vfp                   0x08006653   Thumb Code     0  fpinit.o(x$fpl$fpinit)
    __fplib_config_pureend_doubles           0x08006653   Thumb Code     0  fpinit.o(x$fpl$fpinit)
    __fpl_fretinf                            0x08006655   Thumb Code    10  fretinf.o(x$fpl$fretinf)
    __I$use$fp                               0x0800665e   Number         0  usenofp.o(x$fpl$usenofp)
    AHBPrescTable                            0x0800675c   Data          16  system_stm32f4xx.o(.constdata)
    APBPrescTable                            0x0800676c   Data           8  system_stm32f4xx.o(.constdata)
    Region$$Table$$Base                      0x080067e0   Number         0  anon$$obj.o(Region$$Table)
    Region$$Table$$Limit                     0x08006800   Number         0  anon$$obj.o(Region$$Table)
    SHT$$INIT_ARRAY$$Base                    0x08006800   Number         0  chassis.o(.init_array)
    SHT$$INIT_ARRAY$$Limit                   0x0800680c   Number         0  init_aeabi.o(.init_array)
    indicatorTaskHandle                      0x20000000   Data           4  freertos.o(.data)
    chassisTaskHandle                        0x20000004   Data           4  freertos.o(.data)
    gimbalTaskHandle                         0x20000008   Data           4  freertos.o(.data)
    flywheelTaskHandle                       0x2000000c   Data           4  freertos.o(.data)
    feederTaskHandle                         0x20000010   Data           4  freertos.o(.data)
    rcTaskHandle                             0x20000014   Data           4  freertos.o(.data)
    sensorTaskHandle                         0x20000018   Data           4  freertos.o(.data)
    canTaskHandle                            0x2000001c   Data           4  freertos.o(.data)
    uartTaskHandle                           0x20000020   Data           4  freertos.o(.data)
    uwTick                                   0x20000028   Data           4  stm32f4xx_hal.o(.data)
    uwTickPrio                               0x2000002c   Data           4  stm32f4xx_hal.o(.data)
    uwTickFreq                               0x20000030   Data           1  stm32f4xx_hal.o(.data)
    SystemCoreClock                          0x20000034   Data           4  system_stm32f4xx.o(.data)
    pxCurrentTCB                             0x20000038   Data           4  tasks.o(.data)
    chassis::currState                       0x20000098   Data           1  chassis.o(.data)
    chassis::ctrlType                        0x20000099   Data           1  chassis.o(.data)
    feeder::currState                        0x2000009c   Data           1  feeder.o(.data)
    feeder::feederPower                      0x200000a0   Data           4  feeder.o(.data)
    feeder::angle                            0x200000a4   Data           2  feeder.o(.data)
    feeder::speed                            0x200000a6   Data           2  feeder.o(.data)
    feeder::torque_current                   0x200000a8   Data           2  feeder.o(.data)
    feeder::temp                             0x200000aa   Data           1  feeder.o(.data)
    flywheel::currState                      0x200000b0   Data           1  flywheel.o(.data)
    flywheel::angularAccLimit                0x200000b8   Data           8  flywheel.o(.data)
    gimbal::currState                        0x200000c0   Data           1  gimbal.o(.data)
    gimbal::ctrlType                         0x200000c1   Data           1  gimbal.o(.data)
    canDevice                                0x200000d8   Data          64  init.o(.bss)
    hcan1                                    0x20000118   Data          40  can.o(.bss)
    hcan2                                    0x20000140   Data          40  can.o(.bss)
    hrng                                     0x20000168   Data          16  rng.o(.bss)
    hrtc                                     0x20000178   Data          32  rtc.o(.bss)
    htim2                                    0x20000198   Data          64  tim.o(.bss)
    htim4                                    0x200001d8   Data          64  tim.o(.bss)
    htim5                                    0x20000218   Data          64  tim.o(.bss)
    htim8                                    0x20000258   Data          64  tim.o(.bss)
    huart6                                   0x20000298   Data          64  usart.o(.bss)
    htim7                                    0x200002d8   Data          64  stm32f4xx_hal_timebase_tim.o(.bss)
    chassis::velPid                          0x20004260   Data          64  chassis.o(.bss)
    chassis::c1Motor                         0x200042a0   Data          28  chassis.o(.bss)
    chassis::c2Motor                         0x200042bc   Data          28  chassis.o(.bss)
    chassis::c3Motor                         0x200042d8   Data          28  chassis.o(.bss)
    chassis::c4Motor                         0x200042f4   Data          28  chassis.o(.bss)
    flywheel::flyhweel1                      0x20004310   Data          32  flywheel.o(.bss)
    gimbal::yawPosPid                        0x20004330   Data          64  gimbal.o(.bss)
    gimbal::pitchPosPid                      0x20004370   Data          64  gimbal.o(.bss)
    gimbal::yawMotor                         0x200043b0   Data          40  gimbal.o(.bss)
    gimbal::pitchMotor                       0x200043d8   Data          40  gimbal.o(.bss)
    __libspace_start                         0x2000441c   Data          96  libspace.o(.bss)
    __temporary_stack_top$libspace           0x2000447c   Data           0  libspace.o(.bss)



==============================================================================

Memory Map of the image

  Image Entry point : 0x080001ad

  Load Region LR_IROM1 (Base: 0x08000000, Size: 0x000068e4, Max: 0x00200000, ABSOLUTE)

    Execution Region ER_IROM1 (Exec base: 0x08000000, Load base: 0x08000000, Size: 0x0000680c, Max: 0x00200000, ABSOLUTE)

    Exec Addr    Load Addr    Size         Type   Attr      Idx    E Section Name        Object

    0x08000000   0x08000000   0x000001ac   Data   RO            3    RESET               startup_stm32f427xx.o
    0x080001ac   0x080001ac   0x00000008   Code   RO        10868  * !!!main             c_w.l(__main.o)
    0x080001b4   0x080001b4   0x00000034   Code   RO        11274    !!!scatter          c_w.l(__scatter.o)
    0x080001e8   0x080001e8   0x0000001a   Code   RO        11276    !!handler_copy      c_w.l(__scatter_copy.o)
    0x08000202   0x08000202   0x00000002   PAD
    0x08000204   0x08000204   0x0000001c   Code   RO        11278    !!handler_zi        c_w.l(__scatter_zi.o)
    0x08000220   0x08000220   0x00000002   Code   RO        11200    .ARM.Collect$$libinit$$00000000  c_w.l(libinit.o)
    0x08000222   0x08000222   0x00000004   Code   RO        11039    .ARM.Collect$$libinit$$00000001  c_w.l(libinit2.o)
    0x08000226   0x08000226   0x00000000   Code   RO        11042    .ARM.Collect$$libinit$$00000004  c_w.l(libinit2.o)
    0x08000226   0x08000226   0x00000000   Code   RO        11045    .ARM.Collect$$libinit$$0000000A  c_w.l(libinit2.o)
    0x08000226   0x08000226   0x00000000   Code   RO        11047    .ARM.Collect$$libinit$$0000000C  c_w.l(libinit2.o)
    0x08000226   0x08000226   0x00000000   Code   RO        11049    .ARM.Collect$$libinit$$0000000E  c_w.l(libinit2.o)
    0x08000226   0x08000226   0x00000000   Code   RO        11052    .ARM.Collect$$libinit$$00000011  c_w.l(libinit2.o)
    0x08000226   0x08000226   0x00000000   Code   RO        11054    .ARM.Collect$$libinit$$00000013  c_w.l(libinit2.o)
    0x08000226   0x08000226   0x00000000   Code   RO        11056    .ARM.Collect$$libinit$$00000015  c_w.l(libinit2.o)
    0x08000226   0x08000226   0x00000000   Code   RO        11058    .ARM.Collect$$libinit$$00000017  c_w.l(libinit2.o)
    0x08000226   0x08000226   0x00000000   Code   RO        11060    .ARM.Collect$$libinit$$00000019  c_w.l(libinit2.o)
    0x08000226   0x08000226   0x00000000   Code   RO        11062    .ARM.Collect$$libinit$$0000001B  c_w.l(libinit2.o)
    0x08000226   0x08000226   0x00000000   Code   RO        11064    .ARM.Collect$$libinit$$0000001D  c_w.l(libinit2.o)
    0x08000226   0x08000226   0x00000000   Code   RO        11066    .ARM.Collect$$libinit$$0000001F  c_w.l(libinit2.o)
    0x08000226   0x08000226   0x00000000   Code   RO        11068    .ARM.Collect$$libinit$$00000021  c_w.l(libinit2.o)
    0x08000226   0x08000226   0x00000000   Code   RO        11070    .ARM.Collect$$libinit$$00000023  c_w.l(libinit2.o)
    0x08000226   0x08000226   0x00000000   Code   RO        11072    .ARM.Collect$$libinit$$00000025  c_w.l(libinit2.o)
    0x08000226   0x08000226   0x00000000   Code   RO        11076    .ARM.Collect$$libinit$$0000002C  c_w.l(libinit2.o)
    0x08000226   0x08000226   0x00000000   Code   RO        11078    .ARM.Collect$$libinit$$0000002E  c_w.l(libinit2.o)
    0x08000226   0x08000226   0x00000000   Code   RO        11080    .ARM.Collect$$libinit$$00000030  c_w.l(libinit2.o)
    0x08000226   0x08000226   0x00000004   Code   RO        11081    .ARM.Collect$$libinit$$00000031  c_w.l(libinit2.o)
    0x0800022a   0x0800022a   0x00000000   Code   RO        11082    .ARM.Collect$$libinit$$00000032  c_w.l(libinit2.o)
    0x0800022a   0x0800022a   0x00000002   Code   RO        11083    .ARM.Collect$$libinit$$00000033  c_w.l(libinit2.o)
    0x0800022c   0x0800022c   0x00000002   Code   RO        11241    .ARM.Collect$$libshutdown$$00000000  c_w.l(libshutdown.o)
    0x0800022e   0x0800022e   0x00000000   Code   RO        11257    .ARM.Collect$$libshutdown$$00000002  c_w.l(libshutdown2.o)
    0x0800022e   0x0800022e   0x00000000   Code   RO        11259    .ARM.Collect$$libshutdown$$00000004  c_w.l(libshutdown2.o)
    0x0800022e   0x0800022e   0x00000000   Code   RO        11262    .ARM.Collect$$libshutdown$$00000007  c_w.l(libshutdown2.o)
    0x0800022e   0x0800022e   0x00000000   Code   RO        11265    .ARM.Collect$$libshutdown$$0000000A  c_w.l(libshutdown2.o)
    0x0800022e   0x0800022e   0x00000000   Code   RO        11267    .ARM.Collect$$libshutdown$$0000000C  c_w.l(libshutdown2.o)
    0x0800022e   0x0800022e   0x00000000   Code   RO        11270    .ARM.Collect$$libshutdown$$0000000F  c_w.l(libshutdown2.o)
    0x0800022e   0x0800022e   0x00000002   Code   RO        11271    .ARM.Collect$$libshutdown$$00000010  c_w.l(libshutdown2.o)
    0x08000230   0x08000230   0x00000000   Code   RO        11032    .ARM.Collect$$rtentry$$00000000  c_w.l(__rtentry.o)
    0x08000230   0x08000230   0x00000000   Code   RO        11149    .ARM.Collect$$rtentry$$00000002  c_w.l(__rtentry2.o)
    0x08000230   0x08000230   0x00000006   Code   RO        11161    .ARM.Collect$$rtentry$$00000004  c_w.l(__rtentry4.o)
    0x08000236   0x08000236   0x00000000   Code   RO        11151    .ARM.Collect$$rtentry$$00000009  c_w.l(__rtentry2.o)
    0x08000236   0x08000236   0x00000004   Code   RO        11152    .ARM.Collect$$rtentry$$0000000A  c_w.l(__rtentry2.o)
    0x0800023a   0x0800023a   0x00000000   Code   RO        11154    .ARM.Collect$$rtentry$$0000000C  c_w.l(__rtentry2.o)
    0x0800023a   0x0800023a   0x00000008   Code   RO        11155    .ARM.Collect$$rtentry$$0000000D  c_w.l(__rtentry2.o)
    0x08000242   0x08000242   0x00000002   Code   RO        11203    .ARM.Collect$$rtexit$$00000000  c_w.l(rtexit.o)
    0x08000244   0x08000244   0x00000000   Code   RO        11223    .ARM.Collect$$rtexit$$00000002  c_w.l(rtexit2.o)
    0x08000244   0x08000244   0x00000004   Code   RO        11224    .ARM.Collect$$rtexit$$00000003  c_w.l(rtexit2.o)
    0x08000248   0x08000248   0x00000006   Code   RO        11225    .ARM.Collect$$rtexit$$00000004  c_w.l(rtexit2.o)
    0x0800024e   0x0800024e   0x00000002   PAD
    0x08000250   0x08000250   0x000000be   Code   RO         5978    .emb_text           port.o
    0x0800030e   0x0800030e   0x00000002   PAD
    0x08000310   0x08000310   0x00000040   Code   RO            4    .text               startup_stm32f427xx.o
    0x08000350   0x08000350   0x000000ee   Code   RO        10848    .text               c_w.l(lludivv7m.o)
    0x0800043e   0x0800043e   0x00000064   Code   RO        10858    .text               c_w.l(rt_memcpy_w.o)
    0x080004a2   0x080004a2   0x0000004e   Code   RO        10864    .text               c_w.l(rt_memclr_w.o)
    0x080004f0   0x080004f0   0x00000006   Code   RO        10866    .text               c_w.l(heapauxi.o)
    0x080004f6   0x080004f6   0x00000002   PAD
    0x080004f8   0x080004f8   0x00000024   Code   RO        10873    .text               c_w.l(init_aeabi.o)
    0x0800051c   0x0800051c   0x00000016   Code   RO        11037    .text               c_w.l(_rserrno.o)
    0x08000532   0x08000532   0x00000002   PAD
    0x08000534   0x08000534   0x00000008   Code   RO        11168    .text               c_w.l(rt_errno_addr_intlibspace.o)
    0x0800053c   0x0800053c   0x00000008   Code   RO        11180    .text               c_w.l(libspace.o)
    0x08000544   0x08000544   0x0000004a   Code   RO        11183    .text               c_w.l(sys_stackheap_outer.o)
    0x0800058e   0x0800058e   0x00000012   Code   RO        11185    .text               c_w.l(exit.o)
    0x080005a0   0x080005a0   0x0000000c   Code   RO        11217    .text               c_w.l(sys_exit.o)
    0x080005ac   0x080005ac   0x00000002   Code   RO        11219    .text               c_w.l(use_no_semi.o)
    0x080005ae   0x080005ae   0x00000000   Code   RO        11221    .text               c_w.l(indicate_semi.o)
    0x080005ae   0x080005ae   0x00000004   Code   RO          774    i.BusFault_Handler  stm32f4xx_it.o
    0x080005b2   0x080005b2   0x00000002   PAD
    0x080005b4   0x080005b4   0x00000010   Code   RO          775    i.CAN1_RX0_IRQHandler  stm32f4xx_it.o
    0x080005c4   0x080005c4   0x00000010   Code   RO          776    i.CAN1_TX_IRQHandler  stm32f4xx_it.o
    0x080005d4   0x080005d4   0x00000002   Code   RO          777    i.DebugMon_Handler  stm32f4xx_it.o
    0x080005d6   0x080005d6   0x00000002   Code   RO          356    i.Error_Handler     main.o
    0x080005d8   0x080005d8   0x00000156   Code   RO          943    i.HAL_CAN_AddTxMessage  stm32f4xx_hal_can.o
    0x0800072e   0x0800072e   0x00000002   PAD
    0x08000730   0x08000730   0x00000124   Code   RO          944    i.HAL_CAN_ConfigFilter  stm32f4xx_hal_can.o
    0x08000854   0x08000854   0x00000002   Code   RO          947    i.HAL_CAN_ErrorCallback  stm32f4xx_hal_can.o
    0x08000856   0x08000856   0x00000028   Code   RO          949    i.HAL_CAN_GetRxFifoFillLevel  stm32f4xx_hal_can.o
    0x0800087e   0x0800087e   0x0000017a   Code   RO          950    i.HAL_CAN_GetRxMessage  stm32f4xx_hal_can.o
    0x080009f8   0x080009f8   0x0000024e   Code   RO          954    i.HAL_CAN_IRQHandler  stm32f4xx_hal_can.o
    0x08000c46   0x08000c46   0x00000174   Code   RO          955    i.HAL_CAN_Init      stm32f4xx_hal_can.o
    0x08000dba   0x08000dba   0x00000002   PAD
    0x08000dbc   0x08000dbc   0x00000160   Code   RO          514    i.HAL_CAN_MspInit   can.o
    0x08000f1c   0x08000f1c   0x00000002   Code   RO          962    i.HAL_CAN_RxFifo0FullCallback  stm32f4xx_hal_can.o
    0x08000f1e   0x08000f1e   0x00000002   Code   RO          963    i.HAL_CAN_RxFifo0MsgPendingCallback  stm32f4xx_hal_can.o
    0x08000f20   0x08000f20   0x00000002   Code   RO          964    i.HAL_CAN_RxFifo1FullCallback  stm32f4xx_hal_can.o
    0x08000f22   0x08000f22   0x00000002   Code   RO          965    i.HAL_CAN_RxFifo1MsgPendingCallback  stm32f4xx_hal_can.o
    0x08000f24   0x08000f24   0x00000002   Code   RO          966    i.HAL_CAN_SleepCallback  stm32f4xx_hal_can.o
    0x08000f26   0x08000f26   0x0000005e   Code   RO          967    i.HAL_CAN_Start     stm32f4xx_hal_can.o
    0x08000f84   0x08000f84   0x00000002   Code   RO          969    i.HAL_CAN_TxMailbox0AbortCallback  stm32f4xx_hal_can.o
    0x08000f86   0x08000f86   0x00000002   Code   RO          970    i.HAL_CAN_TxMailbox0CompleteCallback  stm32f4xx_hal_can.o
    0x08000f88   0x08000f88   0x00000002   Code   RO          971    i.HAL_CAN_TxMailbox1AbortCallback  stm32f4xx_hal_can.o
    0x08000f8a   0x08000f8a   0x00000002   Code   RO          972    i.HAL_CAN_TxMailbox1CompleteCallback  stm32f4xx_hal_can.o
    0x08000f8c   0x08000f8c   0x00000002   Code   RO          973    i.HAL_CAN_TxMailbox2AbortCallback  stm32f4xx_hal_can.o
    0x08000f8e   0x08000f8e   0x00000002   Code   RO          974    i.HAL_CAN_TxMailbox2CompleteCallback  stm32f4xx_hal_can.o
    0x08000f90   0x08000f90   0x00000002   Code   RO          976    i.HAL_CAN_WakeUpFromRxMsgCallback  stm32f4xx_hal_can.o
    0x08000f92   0x08000f92   0x00000002   PAD
    0x08000f94   0x08000f94   0x00000028   Code   RO         2353    i.HAL_Delay         stm32f4xx_hal.o
    0x08000fbc   0x08000fbc   0x0000021c   Code   RO         1731    i.HAL_GPIO_Init     stm32f4xx_hal_gpio.o
    0x080011d8   0x080011d8   0x00000012   Code   RO         1734    i.HAL_GPIO_TogglePin  stm32f4xx_hal_gpio.o
    0x080011ea   0x080011ea   0x0000000c   Code   RO         1735    i.HAL_GPIO_WritePin  stm32f4xx_hal_gpio.o
    0x080011f6   0x080011f6   0x00000002   PAD
    0x080011f8   0x080011f8   0x0000000c   Code   RO         2361    i.HAL_GetTick       stm32f4xx_hal.o
    0x08001204   0x08001204   0x00000018   Code   RO         2367    i.HAL_IncTick       stm32f4xx_hal.o
    0x0800121c   0x0800121c   0x0000003c   Code   RO         2368    i.HAL_Init          stm32f4xx_hal.o
    0x08001258   0x08001258   0x0000008c   Code   RO          899    i.HAL_InitTick      stm32f4xx_hal_timebase_tim.o
    0x080012e4   0x080012e4   0x00000054   Code   RO          874    i.HAL_MspInit       stm32f4xx_hal_msp.o
    0x08001338   0x08001338   0x00000028   Code   RO         2191    i.HAL_NVIC_EnableIRQ  stm32f4xx_hal_cortex.o
    0x08001360   0x08001360   0x0000007c   Code   RO         2197    i.HAL_NVIC_SetPriority  stm32f4xx_hal_cortex.o
    0x080013dc   0x080013dc   0x00000028   Code   RO         2198    i.HAL_NVIC_SetPriorityGrouping  stm32f4xx_hal_cortex.o
    0x08001404   0x08001404   0x00000304   Code   RO         1333    i.HAL_RCCEx_PeriphCLKConfig  stm32f4xx_hal_rcc_ex.o
    0x08001708   0x08001708   0x00000184   Code   RO         1212    i.HAL_RCC_ClockConfig  stm32f4xx_hal_rcc.o
    0x0800188c   0x0800188c   0x00000044   Code   RO         1216    i.HAL_RCC_GetClockConfig  stm32f4xx_hal_rcc.o
    0x080018d0   0x080018d0   0x0000000c   Code   RO         1217    i.HAL_RCC_GetHCLKFreq  stm32f4xx_hal_rcc.o
    0x080018dc   0x080018dc   0x00000020   Code   RO         1219    i.HAL_RCC_GetPCLK1Freq  stm32f4xx_hal_rcc.o
    0x080018fc   0x080018fc   0x00000020   Code   RO         1220    i.HAL_RCC_GetPCLK2Freq  stm32f4xx_hal_rcc.o
    0x0800191c   0x0800191c   0x000000b0   Code   RO         1221    i.HAL_RCC_GetSysClockFreq  stm32f4xx_hal_rcc.o
    0x080019cc   0x080019cc   0x00000488   Code   RO         1224    i.HAL_RCC_OscConfig  stm32f4xx_hal_rcc.o
    0x08001e54   0x08001e54   0x00000034   Code   RO         2663    i.HAL_RNG_Init      stm32f4xx_hal_rng.o
    0x08001e88   0x08001e88   0x00000034   Code   RO          567    i.HAL_RNG_MspInit   rng.o
    0x08001ebc   0x08001ebc   0x000000d8   Code   RO         2778    i.HAL_RTC_Init      stm32f4xx_hal_rtc.o
    0x08001f94   0x08001f94   0x00000018   Code   RO          612    i.HAL_RTC_MspInit   rtc.o
    0x08001fac   0x08001fac   0x0000003a   Code   RO         2786    i.HAL_RTC_WaitForSynchro  stm32f4xx_hal_rtc.o
    0x08001fe6   0x08001fe6   0x00000002   Code   RO         3993    i.HAL_TIMEx_BreakCallback  stm32f4xx_hal_tim_ex.o
    0x08001fe8   0x08001fe8   0x00000002   Code   RO         3994    i.HAL_TIMEx_CommutCallback  stm32f4xx_hal_tim_ex.o
    0x08001fea   0x08001fea   0x00000074   Code   RO         3996    i.HAL_TIMEx_ConfigBreakDeadTime  stm32f4xx_hal_tim_ex.o
    0x0800205e   0x0800205e   0x00000002   PAD
    0x08002060   0x08002060   0x000000b4   Code   RO         4011    i.HAL_TIMEx_MasterConfigSynchronization  stm32f4xx_hal_tim_ex.o
    0x08002114   0x08002114   0x00000034   Code   RO         3193    i.HAL_TIM_Base_Init  stm32f4xx_hal_tim.o
    0x08002148   0x08002148   0x000000b8   Code   RO          657    i.HAL_TIM_Base_MspInit  tim.o
    0x08002200   0x08002200   0x0000002a   Code   RO         3198    i.HAL_TIM_Base_Start_IT  stm32f4xx_hal_tim.o
    0x0800222a   0x0800222a   0x00000108   Code   RO         3202    i.HAL_TIM_ConfigClockSource  stm32f4xx_hal_tim.o
    0x08002332   0x08002332   0x00000002   Code   RO         3222    i.HAL_TIM_IC_CaptureCallback  stm32f4xx_hal_tim.o
    0x08002334   0x08002334   0x00000196   Code   RO         3236    i.HAL_TIM_IRQHandler  stm32f4xx_hal_tim.o
    0x080024ca   0x080024ca   0x00000002   PAD
    0x080024cc   0x080024cc   0x0000017c   Code   RO          658    i.HAL_TIM_MspPostInit  tim.o
    0x08002648   0x08002648   0x00000002   Code   RO         3239    i.HAL_TIM_OC_DelayElapsedCallback  stm32f4xx_hal_tim.o
    0x0800264a   0x0800264a   0x00000108   Code   RO         3260    i.HAL_TIM_PWM_ConfigChannel  stm32f4xx_hal_tim.o
    0x08002752   0x08002752   0x00000034   Code   RO         3263    i.HAL_TIM_PWM_Init  stm32f4xx_hal_tim.o
    0x08002786   0x08002786   0x00000002   Code   RO         3265    i.HAL_TIM_PWM_MspInit  stm32f4xx_hal_tim.o
    0x08002788   0x08002788   0x00000002   Code   RO         3266    i.HAL_TIM_PWM_PulseFinishedCallback  stm32f4xx_hal_tim.o
    0x0800278a   0x0800278a   0x00000002   PAD
    0x0800278c   0x0800278c   0x00000018   Code   RO          357    i.HAL_TIM_PeriodElapsedCallback  main.o
    0x080027a4   0x080027a4   0x00000002   Code   RO         3279    i.HAL_TIM_TriggerCallback  stm32f4xx_hal_tim.o
    0x080027a6   0x080027a6   0x00000072   Code   RO         4308    i.HAL_UART_Init     stm32f4xx_hal_uart.o
    0x08002818   0x08002818   0x00000088   Code   RO          730    i.HAL_UART_MspInit  usart.o
    0x080028a0   0x080028a0   0x000000d8   Code   RO         4316    i.HAL_UART_Transmit  stm32f4xx_hal_uart.o
    0x08002978   0x08002978   0x00000004   Code   RO          778    i.HardFault_Handler  stm32f4xx_it.o
    0x0800297c   0x0800297c   0x00000048   Code   RO          515    i.MX_CAN1_Init      can.o
    0x080029c4   0x080029c4   0x00000044   Code   RO          516    i.MX_CAN2_Init      can.o
    0x08002a08   0x08002a08   0x000001a4   Code   RO          413    i.MX_GPIO_Init      gpio.o
    0x08002bac   0x08002bac   0x00000020   Code   RO          568    i.MX_RNG_Init       rng.o
    0x08002bcc   0x08002bcc   0x00000034   Code   RO          613    i.MX_RTC_Init       rtc.o
    0x08002c00   0x08002c00   0x000000d4   Code   RO          659    i.MX_TIM2_Init      tim.o
    0x08002cd4   0x08002cd4   0x000000d8   Code   RO          660    i.MX_TIM4_Init      tim.o
    0x08002dac   0x08002dac   0x000000d8   Code   RO          661    i.MX_TIM5_Init      tim.o
    0x08002e84   0x08002e84   0x0000010c   Code   RO          662    i.MX_TIM8_Init      tim.o
    0x08002f90   0x08002f90   0x00000038   Code   RO          731    i.MX_USART6_UART_Init  usart.o
    0x08002fc8   0x08002fc8   0x00000004   Code   RO          779    i.MemManage_Handler  stm32f4xx_it.o
    0x08002fcc   0x08002fcc   0x00000002   Code   RO          780    i.NMI_Handler       stm32f4xx_it.o
    0x08002fce   0x08002fce   0x0000003e   Code   RO         2789    i.RTC_EnterInitMode  stm32f4xx_hal_rtc.o
    0x0800300c   0x0800300c   0x00000034   Code   RO         5979    i.SysTick_Handler   port.o
    0x08003040   0x08003040   0x0000001c   Code   RO         4670    i.SystemInit        system_stm32f4xx.o
    0x0800305c   0x0800305c   0x00000010   Code   RO          781    i.TIM7_IRQHandler   stm32f4xx_it.o
    0x0800306c   0x0800306c   0x000000d8   Code   RO         3281    i.TIM_Base_SetConfig  stm32f4xx_hal_tim.o
    0x08003144   0x08003144   0x00000016   Code   RO         3288    i.TIM_ETR_SetConfig  stm32f4xx_hal_tim.o
    0x0800315a   0x0800315a   0x00000002   PAD
    0x0800315c   0x0800315c   0x0000007c   Code   RO         3289    i.TIM_OC2_SetConfig  stm32f4xx_hal_tim.o
    0x080031d8   0x080031d8   0x00000004   Code   RO          782    i.UsageFault_Handler  stm32f4xx_it.o
    0x080031dc   0x080031dc   0x0000000a   Code   RO           13    i._Z10rcTaskFuncPKv  freertos.o
    0x080031e6   0x080031e6   0x0000000a   Code   RO           14    i._Z11canTaskFuncPKv  freertos.o
    0x080031f0   0x080031f0   0x0000000a   Code   RO           15    i._Z12uartTaskFuncPKv  freertos.o
    0x080031fa   0x080031fa   0x0000000a   Code   RO           16    i._Z14feederTaskFuncPKv  freertos.o
    0x08003204   0x08003204   0x0000000a   Code   RO           17    i._Z14gimbalTaskFuncPKv  freertos.o
    0x0800320e   0x0800320e   0x0000000a   Code   RO           18    i._Z14sensorTaskFuncPKv  freertos.o
    0x08003218   0x08003218   0x0000000a   Code   RO           19    i._Z15chassisTaskFuncPKv  freertos.o
    0x08003222   0x08003222   0x00000002   PAD
    0x08003224   0x08003224   0x00000108   Code   RO           20    i._Z16MX_FREERTOS_Initv  freertos.o
    0x0800332c   0x0800332c   0x0000000a   Code   RO           21    i._Z16flywheelTaskFuncPKv  freertos.o
    0x08003336   0x08003336   0x00000002   PAD
    0x08003338   0x08003338   0x0000014c   Code   RO           22    i._Z17indicatorTaskFuncPKv  freertos.o
    0x08003484   0x08003484   0x000000d4   Code   RO          358    i._Z18SystemClock_Configv  main.o
    0x08003558   0x08003558   0x00000194   Code   RO         6107    i._ZN11pidInstance4loopEd  chassis.o
    0x080036ec   0x080036ec   0x00000006   Code   RO         6474    i._ZN11pidInstance9setTargetEd  gimbal.o
    0x080036f2   0x080036f2   0x00000002   PAD
    0x080036f4   0x080036f4   0x00000020   Code   RO         6456    i._ZN11pidInstanceC1E7pidTypeddd  gimbal.o
    0x08003714   0x08003714   0x00000028   Code   RO         6512    i._ZN38_INTERNAL_16_can_protocol_cpp_430bccb97userCAN12motor_DecodeEPNS0_15motorFeedback_tEPKh  can_protocol.o
    0x0800373c   0x0800373c   0x00000070   Code   RO         3291    i._ZN41_INTERNAL_19_stm32f4xx_hal_tim_c_a9d95b5217TIM_OC1_SetConfigEP11TIM_TypeDefP18TIM_OC_InitTypeDef  stm32f4xx_hal_tim.o
    0x080037ac   0x080037ac   0x00000078   Code   RO         3292    i._ZN41_INTERNAL_19_stm32f4xx_hal_tim_c_a9d95b5217TIM_OC3_SetConfigEP11TIM_TypeDefP18TIM_OC_InitTypeDef  stm32f4xx_hal_tim.o
    0x08003824   0x08003824   0x00000054   Code   RO         3293    i._ZN41_INTERNAL_19_stm32f4xx_hal_tim_c_a9d95b5217TIM_OC4_SetConfigEP11TIM_TypeDefP18TIM_OC_InitTypeDef  stm32f4xx_hal_tim.o
    0x08003878   0x08003878   0x00000012   Code   RO         3298    i._ZN41_INTERNAL_19_stm32f4xx_hal_tim_c_a9d95b5218TIM_ITRx_SetConfigEP11TIM_TypeDefj  stm32f4xx_hal_tim.o
    0x0800388a   0x0800388a   0x00000026   Code   RO         3302    i._ZN41_INTERNAL_19_stm32f4xx_hal_tim_c_a9d95b5224TIM_TI1_ConfigInputStageEP11TIM_TypeDefjj  stm32f4xx_hal_tim.o
    0x080038b0   0x080038b0   0x00000028   Code   RO         3303    i._ZN41_INTERNAL_19_stm32f4xx_hal_tim_c_a9d95b5224TIM_TI2_ConfigInputStageEP11TIM_TypeDefjj  stm32f4xx_hal_tim.o
    0x080038d8   0x080038d8   0x000003e8   Code   RO         4322    i._ZN42_INTERNAL_20_stm32f4xx_hal_uart_c_d497114f14UART_SetConfigEP20__UART_HandleTypeDef  stm32f4xx_hal_uart.o
    0x08003cc0   0x08003cc0   0x0000006c   Code   RO         4337    i._ZN42_INTERNAL_20_stm32f4xx_hal_uart_c_d497114f27UART_WaitOnFlagUntilTimeoutEP20__UART_HandleTypeDefj10FlagStatusjj  stm32f4xx_hal_uart.o
    0x08003d2c   0x08003d2c   0x00000028   Code   RO         2204    i._ZN44_INTERNAL_22_stm32f4xx_hal_cortex_c_2992dbc018__NVIC_SetPriorityE9IRQn_Typej  stm32f4xx_hal_cortex.o
    0x08003d54   0x08003d54   0x00000010   Code   RO         2205    i._ZN44_INTERNAL_22_stm32f4xx_hal_cortex_c_2992dbc026__NVIC_GetPriorityGroupingEv  stm32f4xx_hal_cortex.o
    0x08003d64   0x08003d64   0x00000006   Code   RO         6593    i._ZN5Motor8getPowerEv  can_protocol.o
    0x08003d6a   0x08003d6a   0x00000068   Code   RO         6101    i._ZN5Motor8setPowerEd  chassis.o
    0x08003dd2   0x08003dd2   0x00000002   PAD
    0x08003dd4   0x08003dd4   0x00000034   Code   RO         6274    i._ZN6feeder3actEv  feeder.o
    0x08003e08   0x08003e08   0x00000012   Code   RO         6275    i._ZN6feeder4taskEv  feeder.o
    0x08003e1a   0x08003e1a   0x00000002   PAD
    0x08003e1c   0x08003e1c   0x00000040   Code   RO         6276    i._ZN6feeder6updateEv  feeder.o
    0x08003e5c   0x08003e5c   0x0000004c   Code   RO         6468    i._ZN6gimbal11gimbalMotor12setCurrAngleEd  gimbal.o
    0x08003ea8   0x08003ea8   0x00000028   Code   RO         6462    i._ZN6gimbal11gimbalMotorC1EsR11pidInstance  gimbal.o
    0x08003ed0   0x08003ed0   0x000000d8   Code   RO         6407    i._ZN6gimbal19calculateAngleErrorEdd  gimbal.o
    0x08003fa8   0x08003fa8   0x000000b4   Code   RO         6408    i._ZN6gimbal3actEv  gimbal.o
    0x0800405c   0x0800405c   0x00000012   Code   RO         6409    i._ZN6gimbal4taskEv  gimbal.o
    0x0800406e   0x0800406e   0x00000002   PAD
    0x08004070   0x08004070   0x00000084   Code   RO         6410    i._ZN6gimbal6updateEv  gimbal.o
    0x080040f4   0x080040f4   0x0000006c   Code   RO         6411    i._ZN6gimbal8fixAngleEd  gimbal.o
    0x08004160   0x08004160   0x00000028   Code   RO         6113    i._ZN7chassis12chassisMotorC1EsR11pidInstance  chassis.o
    0x08004188   0x08004188   0x00000110   Code   RO         6058    i._ZN7chassis3actEv  chassis.o
    0x08004298   0x08004298   0x00000012   Code   RO         6059    i._ZN7chassis4taskEv  chassis.o
    0x080042aa   0x080042aa   0x00000002   PAD
    0x080042ac   0x080042ac   0x00000024   Code   RO         6060    i._ZN7chassis6updateEv  chassis.o
    0x080042d0   0x080042d0   0x00000034   Code   RO         6513    i._ZN7userCAN10deviceInitEPNS_8device_tE  can_protocol.o
    0x08004304   0x08004304   0x000000e0   Code   RO         6515    i._ZN7userCAN10getMessageEP19__CAN_HandleTypeDef  can_protocol.o
    0x080043e4   0x080043e4   0x00000050   Code   RO         6516    i._ZN7userCAN13canFilterInitEv  can_protocol.o
    0x08004434   0x08004434   0x000000e8   Code   RO         6517    i._ZN7userCAN20motor_ControlChassisEffff19__CAN_HandleTypeDef  can_protocol.o
    0x0800451c   0x0800451c   0x000000c4   Code   RO         6519    i._ZN7userCAN21motor_ControlGimbFeedEfff19__CAN_HandleTypeDef  can_protocol.o
    0x080045e0   0x080045e0   0x000000ec   Code   RO         6520    i._ZN7userCAN4sendEv  can_protocol.o
    0x080046cc   0x080046cc   0x00000016   Code   RO         6521    i._ZN7userCAN4taskEv  can_protocol.o
    0x080046e2   0x080046e2   0x00000002   PAD
    0x080046e4   0x080046e4   0x00000018   Code   RO         6522    i._ZN7userCAN7receiveEv  can_protocol.o
    0x080046fc   0x080046fc   0x00000008   Code   RO         6599    i._ZN8canMotor11getFeedbackEv  can_protocol.o
    0x08004704   0x08004704   0x00000018   Code   RO         6333    i._ZN8flywheel3actEv  flywheel.o
    0x0800471c   0x0800471c   0x00000012   Code   RO         6334    i._ZN8flywheel4taskEv  flywheel.o
    0x0800472e   0x0800472e   0x00000002   PAD
    0x08004730   0x08004730   0x0000000c   Code   RO         6335    i._ZN8flywheel6updateEv  flywheel.o
    0x0800473c   0x0800473c   0x00000010   Code   RO          313    i._ZN8userInit7canInitEv  init.o
    0x0800474c   0x0800474c   0x00000074   Code   RO         6627    i._ZN8userUART16motorfeedbackOutEP20__UART_HandleTypeDefPN7userCAN15motorFeedback_tE  uart_protocol.o
    0x080047c0   0x080047c0   0x0000001c   Code   RO         6628    i._ZN8userUART4sendEv  uart_protocol.o
    0x080047dc   0x080047dc   0x00000012   Code   RO         6629    i._ZN8userUART4taskEv  uart_protocol.o
    0x080047ee   0x080047ee   0x00000002   Code   RO         6631    i._ZN8userUART7receiveEv  uart_protocol.o
    0x080047f0   0x080047f0   0x00000014   Code   RO        10936    i.__hardfp_fabs     m_wm.l(fabs.o)
    0x08004804   0x08004804   0x00000104   Code   RO        10942    i.__hardfp_fmod     m_wm.l(fmod.o)
    0x08004908   0x08004908   0x00000020   Code   RO        11107    i.__mathlib_dbl_invalid  m_wm.l(dunder.o)
    0x08004928   0x08004928   0x00000064   Code   RO         6412    i.__sti___10_gimbal_cpp_0077b75d  gimbal.o
    0x0800498c   0x0800498c   0x00000080   Code   RO         6062    i.__sti___11_chassis_cpp_609a5387  chassis.o
    0x08004a0c   0x08004a0c   0x00000034   Code   RO         6336    i.__sti___12_flywheel_cpp_2b98d6e6  flywheel.o
    0x08004a40   0x08004a40   0x000000c0   Code   RO          359    i.main              main.o
    0x08004b00   0x08004b00   0x0000000e   Code   RO         5547    i.makeFreeRtosPriority  cmsis_os.o
    0x08004b0e   0x08004b0e   0x00000018   Code   RO         5549    i.osDelay           cmsis_os.o
    0x08004b26   0x08004b26   0x0000000a   Code   RO         5552    i.osKernelStart     cmsis_os.o
    0x08004b30   0x08004b30   0x0000005e   Code   RO         5586    i.osThreadCreate    cmsis_os.o
    0x08004b8e   0x08004b8e   0x00000002   PAD
    0x08004b90   0x08004b90   0x00000098   Code   RO         5221    i.prvAddCurrentTaskToDelayedList  tasks.o
    0x08004c28   0x08004c28   0x000000b4   Code   RO         5222    i.prvAddNewTaskToReadyList  tasks.o
    0x08004cdc   0x08004cdc   0x00000048   Code   RO         5223    i.prvCheckTasksWaitingTermination  tasks.o
    0x08004d24   0x08004d24   0x00000050   Code   RO         5224    i.prvDeleteTCB      tasks.o
    0x08004d74   0x08004d74   0x0000007c   Code   RO         5917    i.prvHeapInit       heap_4.o
    0x08004df0   0x08004df0   0x00000028   Code   RO         5225    i.prvIdleTask       tasks.o
    0x08004e18   0x08004e18   0x000000b4   Code   RO         5226    i.prvInitialiseNewTask  tasks.o
    0x08004ecc   0x08004ecc   0x00000068   Code   RO         5227    i.prvInitialiseTaskLists  tasks.o
    0x08004f34   0x08004f34   0x00000068   Code   RO         5918    i.prvInsertBlockIntoFreeList  heap_4.o
    0x08004f9c   0x08004f9c   0x00000034   Code   RO         5228    i.prvResetNextTaskUnblockTime  tasks.o
    0x08004fd0   0x08004fd0   0x00000040   Code   RO         5980    i.prvTaskExitError  port.o
    0x08005010   0x08005010   0x0000013c   Code   RO         5919    i.pvPortMalloc      heap_4.o
    0x0800514c   0x0800514c   0x0000002c   Code   RO         5981    i.pxPortInitialiseStack  port.o
    0x08005178   0x08005178   0x00000028   Code   RO         4847    i.uxListRemove      list.o
    0x080051a0   0x080051a0   0x00000018   Code   RO         5236    i.vApplicationGetIdleTaskMemory  tasks.o
    0x080051b8   0x080051b8   0x0000001a   Code   RO         4848    i.vListInitialise   list.o
    0x080051d2   0x080051d2   0x00000006   Code   RO         4849    i.vListInitialiseItem  list.o
    0x080051d8   0x080051d8   0x00000034   Code   RO         4850    i.vListInsert       list.o
    0x0800520c   0x0800520c   0x00000018   Code   RO         4851    i.vListInsertEnd    list.o
    0x08005224   0x08005224   0x00000054   Code   RO         5983    i.vPortEnterCritical  port.o
    0x08005278   0x08005278   0x0000003c   Code   RO         5984    i.vPortExitCritical  port.o
    0x080052b4   0x080052b4   0x00000094   Code   RO         5920    i.vPortFree         heap_4.o
    0x08005348   0x08005348   0x00000028   Code   RO         5985    i.vPortSetupTimerInterrupt  port.o
    0x08005370   0x08005370   0x0000005c   Code   RO         5237    i.vTaskDelay        tasks.o
    0x080053cc   0x080053cc   0x000000b0   Code   RO         5250    i.vTaskStartScheduler  tasks.o
    0x0800547c   0x0800547c   0x00000010   Code   RO         5252    i.vTaskSuspendAll   tasks.o
    0x0800548c   0x0800548c   0x0000008c   Code   RO         5253    i.vTaskSwitchContext  tasks.o
    0x08005518   0x08005518   0x00000168   Code   RO         5987    i.xPortStartScheduler  port.o
    0x08005680   0x08005680   0x00000064   Code   RO         5255    i.xTaskCreate       tasks.o
    0x080056e4   0x080056e4   0x000000ba   Code   RO         5256    i.xTaskCreateStatic  tasks.o
    0x0800579e   0x0800579e   0x00000002   PAD
    0x080057a0   0x080057a0   0x00000148   Code   RO         5263    i.xTaskIncrementTick  tasks.o
    0x080058e8   0x080058e8   0x00000104   Code   RO         5269    i.xTaskResumeAll    tasks.o
    0x080059ec   0x080059ec   0x00000018   Code   RO        10876    x$fpl$basic         fz_wm.l(basic.o)
    0x08005a04   0x08005a04   0x00000062   Code   RO        10878    x$fpl$d2f           fz_wm.l(d2f.o)
    0x08005a66   0x08005a66   0x00000002   PAD
    0x08005a68   0x08005a68   0x00000150   Code   RO        10880    x$fpl$dadd          fz_wm.l(daddsub_clz.o)
    0x08005bb8   0x08005bb8   0x00000018   Code   RO        11084    x$fpl$dcmpinf       fz_wm.l(dcmpi.o)
    0x08005bd0   0x08005bd0   0x000002b0   Code   RO        10887    x$fpl$ddiv          fz_wm.l(ddiv.o)
    0x08005e80   0x08005e80   0x00000078   Code   RO        10890    x$fpl$deqf          fz_wm.l(deqf.o)
    0x08005ef8   0x08005ef8   0x0000002e   Code   RO        10893    x$fpl$dflt          fz_wm.l(dflt_clz.o)
    0x08005f26   0x08005f26   0x00000026   Code   RO        10892    x$fpl$dfltu         fz_wm.l(dflt_clz.o)
    0x08005f4c   0x08005f4c   0x00000078   Code   RO        10898    x$fpl$dleqf         fz_wm.l(dleqf.o)
    0x08005fc4   0x08005fc4   0x00000154   Code   RO        10900    x$fpl$dmul          fz_wm.l(dmul.o)
    0x08006118   0x08006118   0x0000009c   Code   RO        11086    x$fpl$dnaninf       fz_wm.l(dnaninf.o)
    0x080061b4   0x080061b4   0x00000150   Code   RO        11088    x$fpl$drem          fz_wm.l(drem_clz.o)
    0x08006304   0x08006304   0x0000000c   Code   RO        11090    x$fpl$dretinf       fz_wm.l(dretinf.o)
    0x08006310   0x08006310   0x0000006c   Code   RO        10902    x$fpl$drleqf        fz_wm.l(drleqf.o)
    0x0800637c   0x0800637c   0x00000016   Code   RO        10881    x$fpl$drsb          fz_wm.l(daddsub_clz.o)
    0x08006392   0x08006392   0x00000002   PAD
    0x08006394   0x08006394   0x000001d4   Code   RO        10882    x$fpl$dsub          fz_wm.l(daddsub_clz.o)
    0x08006568   0x08006568   0x00000056   Code   RO        10904    x$fpl$f2d           fz_wm.l(f2d.o)
    0x080065be   0x080065be   0x0000008c   Code   RO        11094    x$fpl$fnaninf       fz_wm.l(fnaninf.o)
    0x0800664a   0x0800664a   0x0000000a   Code   RO        11176    x$fpl$fpinit        fz_wm.l(fpinit.o)
    0x08006654   0x08006654   0x0000000a   Code   RO        11096    x$fpl$fretinf       fz_wm.l(fretinf.o)
    0x0800665e   0x0800665e   0x00000000   Code   RO        11100    x$fpl$usenofp       fz_wm.l(usenofp.o)
    0x0800665e   0x0800665e   0x00000002   PAD
    0x08006660   0x08006660   0x000000fc   Data   RO           36    .constdata          freertos.o
    0x0800675c   0x0800675c   0x00000018   Data   RO         4673    .constdata          system_stm32f4xx.o
    0x08006774   0x08006774   0x00000069   Data   RO           37    .conststring        freertos.o
    0x080067dd   0x080067dd   0x00000003   PAD
    0x080067e0   0x080067e0   0x00000020   Data   RO        11272    Region$$Table       anon$$obj.o
    0x08006800   0x08006800   0x00000004   Data   RO         6070    .init_array         chassis.o
    0x08006804   0x08006800   0x00000004   Data   RO         6344    .init_array         flywheel.o
    0x08006808   0x08006800   0x00000004   Data   RO         6421    .init_array         gimbal.o
    0x0800680c   0x08006800   0x00000000   Data   RO        10871    .init_array         c_w.l(init_aeabi.o)


    Execution Region RW_IRAM2 (Exec base: 0x10000000, Load base: 0x080068e4, Size: 0x00000000, Max: 0x00010000, ABSOLUTE)

    **** No section assigned to this execution region ****


    Execution Region RW_IRAM1 (Exec base: 0x20000000, Load base: 0x0800680c, Size: 0x00004a80, Max: 0x00030000, ABSOLUTE)

    Exec Addr    Load Addr    Size         Type   Attr      Idx    E Section Name        Object

    0x20000000   0x0800680c   0x00000024   Data   RW           38    .data               freertos.o
    0x20000024   0x08006830   0x00000004   Data   RW          522    .data               can.o
    0x20000028   0x08006834   0x00000009   Data   RW         2404    .data               stm32f4xx_hal.o
    0x20000031   0x0800683d   0x00000003   PAD
    0x20000034   0x08006840   0x00000004   Data   RW         4674    .data               system_stm32f4xx.o
    0x20000038   0x08006844   0x0000003c   Data   RW         5272    .data               tasks.o
    0x20000074   0x08006880   0x00000018   Data   RW         5925    .data               heap_4.o
    0x2000008c   0x08006898   0x0000000c   Data   RW         5988    .data               port.o
    0x20000098   0x080068a4   0x00000002   Data   RW         6069    .data               chassis.o
    0x2000009a   0x080068a6   0x00000002   PAD
    0x2000009c   0x080068a8   0x0000000f   Data   RW         6282    .data               feeder.o
    0x200000ab   0x080068b7   0x00000005   PAD
    0x200000b0   0x080068bc   0x00000010   Data   RW         6343    .data               flywheel.o
    0x200000c0   0x080068cc   0x00000002   Data   RW         6420    .data               gimbal.o
    0x200000c2   0x080068ce   0x00000002   PAD
    0x200000c4   0x080068d0   0x00000011   Data   RW         6535    .data               can_protocol.o
    0x200000d5   0x080068e1   0x00000003   PAD
    0x200000d8        -       0x00000040   Zero   RW          315    .bss                init.o
    0x20000118        -       0x00000050   Zero   RW          521    .bss                can.o
    0x20000168        -       0x00000010   Zero   RW          572    .bss                rng.o
    0x20000178        -       0x00000020   Zero   RW          617    .bss                rtc.o
    0x20000198        -       0x00000100   Zero   RW          670    .bss                tim.o
    0x20000298        -       0x00000040   Zero   RW          735    .bss                usart.o
    0x200002d8        -       0x00000040   Zero   RW          905    .bss                stm32f4xx_hal_timebase_tim.o
    0x20000318        -       0x00000344   Zero   RW         5271    .bss                tasks.o
    0x2000065c        -       0x00003c00   Zero   RW         5924    .bss                heap_4.o
    0x2000425c   0x080068e1   0x00000004   PAD
    0x20004260        -       0x000000b0   Zero   RW         6068    .bss                chassis.o
    0x20004310        -       0x00000020   Zero   RW         6342    .bss                flywheel.o
    0x20004330        -       0x000000d0   Zero   RW         6419    .bss                gimbal.o
    0x20004400        -       0x0000001c   Zero   RW         6534    .bss                can_protocol.o
    0x2000441c        -       0x00000060   Zero   RW        11181    .bss                c_w.l(libspace.o)
    0x2000447c   0x080068e1   0x00000004   PAD
    0x20004480        -       0x00000200   Zero   RW            2    HEAP                startup_stm32f427xx.o
    0x20004680        -       0x00000400   Zero   RW            1    STACK               startup_stm32f427xx.o


==============================================================================

Image component sizes


      Code (inc. data)   RO Data    RW Data    ZI Data      Debug   Object Name

       492         44          0          4         80       2418   can.o
      1120        132          0         17         28      10364   can_protocol.o
      1002        110          4          2        176     652760   chassis.o
       142          0          0          0          0      25255   cmsis_os.o
         0          0          0          0          0      11884   croutine.o
         0          0          0          0          0      18204   event_groups.o
       134         34          0         15          0       2044   feeder.o
       106         20          4         16         32       4568   flywheel.o
       676         48        357         36          0     779901   freertos.o
       908        156          4          2        208      11668   gimbal.o
       420         22          0          0          0     753091   gpio.o
       692         62          0         24      15360       7263   heap_4.o
        16          6          0          0         64       2168   init.o
       148          0          0          0          0       3514   list.o
       430         28          0          0          0       2784   main.o
       894         78          0         12          0      11052   port.o
        84         18          0          0         16       1483   rng.o
        76         18          0          0         32       1435   rtc.o
        64         26        428          0       1536        836   startup_stm32f427xx.o
       136         24          0          9          0       8842   stm32f4xx_hal.o
      2134          6          0          0          0      14753   stm32f4xx_hal_can.o
       260         22          0          0          0      33830   stm32f4xx_hal_cortex.o
       570         54          0          0          0       2945   stm32f4xx_hal_gpio.o
        84          6          0          0          0        866   stm32f4xx_hal_msp.o
      1868         94          0          0          0       6225   stm32f4xx_hal_rcc.o
       772         26          0          0          0       1604   stm32f4xx_hal_rcc_ex.o
        52          0          0          0          0       1075   stm32f4xx_hal_rng.o
       336          4          0          0          0       2608   stm32f4xx_hal_rtc.o
      1864         82          0          0          0      14468   stm32f4xx_hal_tim.o
       300         30          0          0          0       3305   stm32f4xx_hal_tim_ex.o
       140         18          0          0         64       1471   stm32f4xx_hal_timebase_tim.o
      1438          8          0          0          0       3788   stm32f4xx_hal_uart.o
        68         18          0          0          0       4218   stm32f4xx_it.o
         0          0          0          0          0        392   stream_buffer.o
        28          4         24          4          0       1155   system_stm32f4xx.o
      2182        280          0         60        836      21037   tasks.o
      1476         82          0          0        256       5179   tim.o
         0          0          0          0          0       2480   timers.o
       164         14          0          0          0       2880   uart_protocol.o
       192         22          0          0         64       1678   usart.o

    ----------------------------------------------------------------------
     21510       1596        856        216      18756    2437491   Object Totals
         0          0         32          0          0          0   (incl. Generated)
        42          0          3         15          4          0   (incl. Padding)

    ----------------------------------------------------------------------

      Code (inc. data)   RO Data    RW Data    ZI Data      Debug   Library Member Name

         8          0          0          0          0         68   __main.o
         0          0          0          0          0          0   __rtentry.o
        12          0          0          0          0          0   __rtentry2.o
         6          0          0          0          0          0   __rtentry4.o
        52          8          0          0          0          0   __scatter.o
        26          0          0          0          0          0   __scatter_copy.o
        28          0          0          0          0          0   __scatter_zi.o
        22          0          0          0          0        100   _rserrno.o
        18          0          0          0          0         80   exit.o
         6          0          0          0          0        152   heapauxi.o
         0          0          0          0          0          0   indicate_semi.o
        36         10          0          0          0         80   init_aeabi.o
         2          0          0          0          0          0   libinit.o
        10          0          0          0          0          0   libinit2.o
         2          0          0          0          0          0   libshutdown.o
         2          0          0          0          0          0   libshutdown2.o
         8          4          0          0         96         68   libspace.o
       238          0          0          0          0        100   lludivv7m.o
         8          4          0          0          0         68   rt_errno_addr_intlibspace.o
        78          0          0          0          0         80   rt_memclr_w.o
       100          0          0          0          0         80   rt_memcpy_w.o
         2          0          0          0          0          0   rtexit.o
        10          0          0          0          0          0   rtexit2.o
        12          4          0          0          0         68   sys_exit.o
        74          0          0          0          0         80   sys_stackheap_outer.o
         2          0          0          0          0         68   use_no_semi.o
        24          0          0          0          0        164   basic.o
        98          4          0          0          0        140   d2f.o
       826         16          0          0          0        492   daddsub_clz.o
        24          0          0          0          0        116   dcmpi.o
       688        140          0          0          0        256   ddiv.o
       120          4          0          0          0        140   deqf.o
        84          0          0          0          0        232   dflt_clz.o
       120          4          0          0          0        140   dleqf.o
       340         12          0          0          0        152   dmul.o
       156          4          0          0          0        140   dnaninf.o
       336         12          0          0          0        136   drem_clz.o
        12          0          0          0          0        116   dretinf.o
       108          0          0          0          0        128   drleqf.o
        86          4          0          0          0        132   f2d.o
       140          4          0          0          0        132   fnaninf.o
        10          0          0          0          0        116   fpinit.o
        10          0          0          0          0        116   fretinf.o
         0          0          0          0          0          0   usenofp.o
        32          8          0          0          0        124   dunder.o
        20          0          0          0          0        124   fabs.o
       260          6          0          0          0        144   fmod.o

    ----------------------------------------------------------------------
      4270        248          0          0        100       4332   Library Totals
        14          0          0          0          4          0   (incl. Padding)

    ----------------------------------------------------------------------

      Code (inc. data)   RO Data    RW Data    ZI Data      Debug   Library Name

       762         30          0          0         96       1092   c_w.l
      3182        204          0          0          0       2848   fz_wm.l
       312         14          0          0          0        392   m_wm.l

    ----------------------------------------------------------------------
      4270        248          0          0        100       4332   Library Totals

    ----------------------------------------------------------------------

==============================================================================


      Code (inc. data)   RO Data    RW Data    ZI Data      Debug   

     25780       1844        856        216      18856    2420755   Grand Totals
     25780       1844        856        216      18856    2420755   ELF Image Totals
     25780       1844        856        216          0          0   ROM Totals

==============================================================================

    Total RO  Size (Code + RO Data)                26636 (  26.01kB)
    Total RW  Size (RW Data + ZI Data)             19072 (  18.63kB)
    Total ROM Size (Code + RO Data + RW Data)      26852 (  26.22kB)

==============================================================================

